Component: ARM Compiler 5.06 update 1 (build 61) Tool: armlink [4d35a8]

==============================================================================

Section Cross References

    main.o(i.DewenSet) refers to bsp_timer.o(i.bsp_StartAutoTimer) for bsp_StartAutoTimer
    main.o(i.DewenSet) refers to bsp_uart_fifo.o(.data) for USART_RX_STA
    main.o(i.DewenSet) refers to main.o(.data) for len
    main.o(i.DewenSet) refers to main.o(.bss) for add
    main.o(i.EncoderMode) refers to main.o(i.DewenSet) for DewenSet
    main.o(i.EncoderMode) refers to main.o(i.HandleDateEncoder) for HandleDateEncoder
    main.o(i.FreqMode) refers to main.o(i.DewenSet) for DewenSet
    main.o(i.FreqMode) refers to main.o(i.HandleDate) for HandleDate
    main.o(i.FreqMode) refers to main.o(i.SaveDate) for SaveDate
    main.o(i.HandleDate) refers to bsp_timer.o(i.bsp_StopTimer) for bsp_StopTimer
    main.o(i.HandleDate) refers to bsp_ad7606.o(i.AD7606_StopRecord) for AD7606_StopRecord
    main.o(i.HandleDate) refers to ff.o(i.f_close) for f_close
    main.o(i.HandleDate) refers to bsp_timer.o(i.bsp_CheckTimer) for bsp_CheckTimer
    main.o(i.HandleDate) refers to bsp_ad7606.o(i.AD7606_ReadNowAdc) for AD7606_ReadNowAdc
    main.o(i.HandleDate) refers to bsp_ad7606.o(i.AD7606_StartConvst) for AD7606_StartConvst
    main.o(i.HandleDate) refers to bsp_timer.o(i.bsp_StartAutoTimer) for bsp_StartAutoTimer
    main.o(i.HandleDate) refers to ff.o(i.f_mount) for f_mount
    main.o(i.HandleDate) refers to ff.o(i.f_opendir) for f_opendir
    main.o(i.HandleDate) refers to ff.o(i.f_open) for f_open
    main.o(i.HandleDate) refers to ff.o(i.f_lseek) for f_lseek
    main.o(i.HandleDate) refers to ff.o(i.f_write) for f_write
    main.o(i.HandleDate) refers to ff.o(i.f_sync) for f_sync
    main.o(i.HandleDate) refers to bsp_ad7606.o(i.AD7606_StartRecord) for AD7606_StartRecord
    main.o(i.HandleDate) refers to bsp_uart_fifo.o(i.comSendChar) for comSendChar
    main.o(i.HandleDate) refers to bsp_uart_fifo.o(i.comSendHalfword) for comSendHalfword
    main.o(i.HandleDate) refers to bsp_uart_fifo.o(i.comSendword) for comSendword
    main.o(i.HandleDate) refers to main.o(.data) for ucFifoMode
    main.o(i.HandleDate) refers to main.o(.bss) for file
    main.o(i.HandleDate) refers to bsp_ad7606.o(.bss) for g_tAD7606
    main.o(i.HandleDateEncoder) refers to bsp_timer.o(i.bsp_StopTimer) for bsp_StopTimer
    main.o(i.HandleDateEncoder) refers to bsp_ad7606.o(i.AD7606_StopRecord) for AD7606_StopRecord
    main.o(i.HandleDateEncoder) refers to ff.o(i.f_close) for f_close
    main.o(i.HandleDateEncoder) refers to bsp_timer.o(i.bsp_CheckTimer) for bsp_CheckTimer
    main.o(i.HandleDateEncoder) refers to bsp_ad7606.o(i.AD7606_ReadNowAdc) for AD7606_ReadNowAdc
    main.o(i.HandleDateEncoder) refers to bsp_ad7606.o(i.AD7606_StartConvst) for AD7606_StartConvst
    main.o(i.HandleDateEncoder) refers to ff.o(i.f_mount) for f_mount
    main.o(i.HandleDateEncoder) refers to ff.o(i.f_opendir) for f_opendir
    main.o(i.HandleDateEncoder) refers to ff.o(i.f_mkdir) for f_mkdir
    main.o(i.HandleDateEncoder) refers to printf8.o(i.__0sprintf$8) for __2sprintf
    main.o(i.HandleDateEncoder) refers to ff.o(i.f_open) for f_open
    main.o(i.HandleDateEncoder) refers to ff.o(i.f_lseek) for f_lseek
    main.o(i.HandleDateEncoder) refers to ff.o(i.f_write) for f_write
    main.o(i.HandleDateEncoder) refers to ff.o(i.f_sync) for f_sync
    main.o(i.HandleDateEncoder) refers to bsp_uart_fifo.o(i.comSendChar) for comSendChar
    main.o(i.HandleDateEncoder) refers to bsp_uart_fifo.o(i.comSendHalfword) for comSendHalfword
    main.o(i.HandleDateEncoder) refers to bsp_uart_fifo.o(i.comSendword) for comSendword
    main.o(i.HandleDateEncoder) refers to main.o(i.SaveBuffer) for SaveBuffer
    main.o(i.HandleDateEncoder) refers to main.o(i.SaveFile) for SaveFile
    main.o(i.HandleDateEncoder) refers to main.o(.data) for ucFifoMode
    main.o(i.HandleDateEncoder) refers to main.o(.bss) for file
    main.o(i.HandleDateEncoder) refers to bsp_ad7606.o(.bss) for g_tAD7606
    main.o(i.HandleDateEncoder) refers to bsp_encoder.o(.data) for flagEncoder
    main.o(i.SaveBuffer) refers to main.o(.data) for Mark
    main.o(i.SaveBuffer) refers to main.o(.bss) for bufferSaveLen
    main.o(i.SaveBuffer) refers to bsp_ad7606.o(.bss) for g_tAdcFifo
    main.o(i.SaveDate) refers to stm32f4xx_tim.o(i.TIM_GetCounter) for TIM_GetCounter
    main.o(i.SaveDate) refers to dflti.o(.text) for __aeabi_i2d
    main.o(i.SaveDate) refers to dmul.o(.text) for __aeabi_dmul
    main.o(i.SaveDate) refers to ddiv.o(.text) for __aeabi_ddiv
    main.o(i.SaveDate) refers to dfixi.o(.text) for __aeabi_d2iz
    main.o(i.SaveDate) refers to printf8.o(i.__0sprintf$8) for __2sprintf
    main.o(i.SaveDate) refers to main.o(i.SaveBuffer) for SaveBuffer
    main.o(i.SaveDate) refers to main.o(i.SaveFile) for SaveFile
    main.o(i.SaveDate) refers to bsp_ad7606.o(.data) for biaozhi
[...]
    i.main                                   0x080081cc   Section        0  main.o(i.main)
    i.mem_cmp                                0x08008234   Section        0  ff.o(i.mem_cmp)
    mem_cmp                                  0x08008235   Thumb Code    38  ff.o(i.mem_cmp)
    i.mem_cpy                                0x0800825a   Section        0  ff.o(i.mem_cpy)
    mem_cpy                                  0x0800825b   Thumb Code    26  ff.o(i.mem_cpy)
    i.mem_set                                0x08008274   Section        0  ff.o(i.mem_set)
    mem_set                                  0x08008275   Thumb Code    20  ff.o(i.mem_set)
    i.move_window                            0x08008288   Section        0  ff.o(i.move_window)
    move_window                              0x08008289   Thumb Code    50  ff.o(i.move_window)
    i.put_fat                                0x080082ba   Section        0  ff.o(i.put_fat)
    i.remove_chain                           0x080083f0   Section        0  ff.o(i.remove_chain)
    remove_chain                             0x080083f1   Thumb Code   104  ff.o(i.remove_chain)
    i.st_clust                               0x08008458   Section        0  ff.o(i.st_clust)
    st_clust                                 0x08008459   Thumb Code    16  ff.o(i.st_clust)
    i.sum_sfn                                0x08008468   Section        0  ff.o(i.sum_sfn)
    sum_sfn                                  0x08008469   Thumb Code    32  ff.o(i.sum_sfn)
    i.sync_fs                                0x08008488   Section        0  ff.o(i.sync_fs)
    sync_fs                                  0x08008489   Thumb Code   200  ff.o(i.sync_fs)
    i.sync_window                            0x08008550   Section        0  ff.o(i.sync_window)
    sync_window                              0x08008551   Thumb Code    82  ff.o(i.sync_window)
    i.validate                               0x080085a2   Section        0  ff.o(i.validate)
    validate                                 0x080085a3   Thumb Code    54  ff.o(i.validate)
    .constdata                               0x080085d8   Section       48  bsp_timer.o(.constdata)
    __FUNCTION__                             0x080085d8   Data          15  bsp_timer.o(.constdata)
    __FUNCTION__                             0x080085e7   Data          19  bsp_timer.o(.constdata)
    __FUNCTION__                             0x080085fa   Data          14  bsp_timer.o(.constdata)
    .constdata                               0x08008608   Section       13  ff.o(.constdata)
    LfnOfs                                   0x08008608   Data          13  ff.o(.constdata)
    .constdata                               0x08008616   Section    175304  cc936.o(.constdata)
    uni2oem                                  0x08008616   Data       87172  cc936.o(.constdata)
    oem2uni                                  0x0801da9a   Data       87172  cc936.o(.constdata)
    tbl_lower                                0x08032f1e   Data         480  cc936.o(.constdata)
    tbl_upper                                0x080330fe   Data         480  cc936.o(.constdata)
    .constdata                               0x080332de   Section      425  usbh_usr.o(.constdata)
    .data                                    0x20000000   Section       92  main.o(.data)
    .data                                    0x2000005c   Section       13  bsp_timer.o(.data)
    s_uiDelayCount                           0x2000005c   Data           4  bsp_timer.o(.data)
    s_ucTimeOutFlag                          0x20000060   Data           1  bsp_timer.o(.data)
    s_count                                  0x20000068   Data           1  bsp_timer.o(.data)
    .data                                    0x2000006a   Section       11  bsp_uart_fifo.o(.data)
    g_TxBuf2                                 0x20000074   Data           1  bsp_uart_fifo.o(.data)
    .data                                    0x20000075   Section        1  bsp_ad7606.o(.data)
    .data                                    0x20000078   Section        8  bsp_encoder.o(.data)
    .data                                    0x20000080   Section       16  stm32f4xx_rcc.o(.data)
    APBAHBPrescTable                         0x20000080   Data          16  stm32f4xx_rcc.o(.data)
    .data                                    0x20000090   Section       20  system_stm32f4xx.o(.data)
    .data                                    0x200000a4   Section        2  ff.o(.data)
    Fsid                                     0x200000a4   Data           2  ff.o(.data)
    .data                                    0x200000a8   Section       17  usbh_msc_bot.o(.data)
    BOTStallErrorCount                       0x200000a8   Data           4  usbh_msc_bot.o(.data)
    remainingDataLength                      0x200000ac   Data           4  usbh_msc_bot.o(.data)
    datapointer                              0x200000b0   Data           4  usbh_msc_bot.o(.data)
    datapointer_prev                         0x200000b4   Data           4  usbh_msc_bot.o(.data)
    error_direction                          0x200000b8   Data           1  usbh_msc_bot.o(.data)
    .data                                    0x200000bc   Section       29  usbh_msc_core.o(.data)
    maxLunExceed                             0x200000d8   Data           1  usbh_msc_core.o(.data)
    .data                                    0x200000d9   Section        1  usbh_msc_scsi.o(.data)
    status                                   0x200000d9   Data           1  usbh_msc_scsi.o(.data)
    .data                                    0x200000dc   Section       18  usbh_core.o(.data)
    timeout                                  0x200000ec   Data           2  usbh_core.o(.data)
    .data                                    0x200000ee   Section        3  usbh_stdreq.o(.data)
    prev_ep_size                             0x200000ee   Data           2  usbh_stdreq.o(.data)
    prev_itf                                 0x200000f0   Data           1  usbh_stdreq.o(.data)
    .data                                    0x200000f4   Section       73  usbh_usr.o(.data)
    startup                                  0x2000013c   Data           1  usbh_usr.o(.data)
    .data                                    0x20000140   Section        8  usb_bsp.o(.data)
    .data                                    0x20000148   Section        4  stdout.o(.data)
    .bss                                     0x2000014c   Section     1296  main.o(.bss)
    .bss                                     0x2000065c   Section       48  bsp_timer.o(.bss)
    s_tTmr                                   0x2000065c   Data          48  bsp_timer.o(.bss)
    .bss                                     0x2000068c   Section     8352  bsp_uart_fifo.o(.bss)
    g_tUart1                                 0x2000068c   Data          40  bsp_uart_fifo.o(.bss)
    g_TxBuf1                                 0x200006b4   Data        1024  bsp_uart_fifo.o(.bss)
    g_RxBuf1                                 0x20000ab4   Data        1024  bsp_uart_fifo.o(.bss)
    g_tUart2                                 0x20000eb4   Data          40  bsp_uart_fifo.o(.bss)
    g_RxBuf2                                 0x20000edc   Data        2048  bsp_uart_fifo.o(.bss)
    g_tUart3                                 0x200016dc   Data          40  bsp_uart_fifo.o(.bss)
    g_TxBuf3                                 0x20001704   Data        1024  bsp_uart_fifo.o(.bss)
    g_RxBuf3                                 0x20001b04   Data        1024  bsp_uart_fifo.o(.bss)
    g_tUart6                                 0x20001f04   Data          40  bsp_uart_fifo.o(.bss)
    g_TxBuf6                                 0x20001f2c   Data        1024  bsp_uart_fifo.o(.bss)
    g_RxBuf6                                 0x2000232c   Data        1024  bsp_uart_fifo.o(.bss)
    .bss                                     0x2000272c   Section      173  bsp_key.o(.bss)
    s_tBtn                                   0x2000272c   Data         160  bsp_key.o(.bss)
    s_tKey                                   0x200027cc   Data          13  bsp_key.o(.bss)
    .bss                                     0x200027da   Section    16412  bsp_ad7606.o(.bss)
    .bss                                     0x200067f8   Section       48  ff.o(.bss)
    FatFs                                    0x200067f8   Data          12  ff.o(.bss)
    Files                                    0x20006804   Data          36  ff.o(.bss)
    .bss                                     0x20006828   Section       64  usbh_msc_bot.o(.bss)
    .bss                                     0x20006868   Section      522  usbh_msc_core.o(.bss)
    .bss                                     0x20006a74   Section     1040  usbh_msc_scsi.o(.bss)
    .bss                                     0x20006e84   Section      512  usbh_stdreq.o(.bss)
    .bss                                     0x20007084   Section     1584  usbh_usr.o(.bss)
    STACK                                    0x200076b8   Section    16384  startup_stm32f40_41xxx.o(STACK)

    Global Symbols

    Symbol Name                              Value     Ov Type        Size  Object(Section)

    BuildAttributes$$THM_ISAv4$E$P$D$K$B$S$7EM$VFPi3$EXTD16$VFPS$VFMA$PE$A:L22UL41UL21$X:L11$S22US41US21$IEEE1$IW$USESV6$~STKCKD$USESV7$~SHL$OSPACE$ROPI$EBA8$MICROLIB$REQ8$PRES8$EABIv2 0x00000000   Number         0  anon$$obj.o ABSOLUTE
    __ARM_use_no_argv                        0x00000000   Number         0  main.o ABSOLUTE
    _printf_a                                0x00000000   Number         0  stubs.o ABSOLUTE
    _printf_c                                0x00000000   Number         0  stubs.o ABSOLUTE
    _printf_charcount                        0x00000000   Number         0  stubs.o ABSOLUTE
    _printf_d                                0x00000000   Number         0  stubs.o ABSOLUTE
    _printf_e                                0x00000000   Number         0  stubs.o ABSOLUTE
    _printf_f                                0x00000000   Number         0  stubs.o ABSOLUTE
    _printf_flags                            0x00000000   Number         0  stubs.o ABSOLUTE
    _printf_fp_dec                           0x00000000   Number         0  stubs.o ABSOLUTE
    _printf_fp_hex                           0x00000000   Number         0  stubs.o ABSOLUTE
    _printf_g                                0x00000000   Number         0  stubs.o ABSOLUTE
    _printf_i                                0x00000000   Number         0  stubs.o ABSOLUTE
    _printf_int_dec                          0x00000000   Number         0  stubs.o ABSOLUTE
    _printf_l                                0x00000000   Number         0  stubs.o ABSOLUTE
    _printf_lc                               0x00000000   Number         0  stubs.o ABSOLUTE
    _printf_ll                               0x00000000   Number         0  stubs.o ABSOLUTE
    _printf_lld                              0x00000000   Number         0  stubs.o ABSOLUTE
    _printf_lli                              0x00000000   Number         0  stubs.o ABSOLUTE
    _printf_llo                              0x00000000   Number         0  stubs.o ABSOLUTE
    _printf_llu                              0x00000000   Number         0  stubs.o ABSOLUTE
    _printf_llx                              0x00000000   Number         0  stubs.o ABSOLUTE
    _printf_longlong_dec                     0x00000000   Number         0  stubs.o ABSOLUTE
    _printf_longlong_hex                     0x00000000   Number         0  stubs.o ABSOLUTE
    _printf_longlong_oct                     0x00000000   Number         0  stubs.o ABSOLUTE
    _printf_ls                               0x00000000   Number         0  stubs.o ABSOLUTE
    _printf_mbtowc                           0x00000000   Number         0  stubs.o ABSOLUTE
    _printf_n                                0x00000000   Number         0  stubs.o ABSOLUTE
    _printf_o                                0x00000000   Number         0  stubs.o ABSOLUTE
    _printf_p                                0x00000000   Number         0  stubs.o ABSOLUTE
    _printf_percent                          0x00000000   Number         0  stubs.o ABSOLUTE
    _printf_pre_padding                      0x00000000   Number         0  stubs.o ABSOLUTE
    _printf_return_value                     0x00000000   Number         0  stubs.o ABSOLUTE
    _printf_s                                0x00000000   Number         0  stubs.o ABSOLUTE
    _printf_sizespec                         0x00000000   Number         0  stubs.o ABSOLUTE
    _printf_str                              0x00000000   Number         0  stubs.o ABSOLUTE
    _printf_truncate_signed                  0x00000000   Number         0  stubs.o ABSOLUTE
    _printf_truncate_unsigned                0x00000000   Number         0  stubs.o ABSOLUTE
    _printf_u                                0x00000000   Number         0  stubs.o ABSOLUTE
    _printf_wc                               0x00000000   Number         0  stubs.o ABSOLUTE
    _printf_wctomb                           0x00000000   Number         0  stubs.o ABSOLUTE
    _printf_widthprec                        0x00000000   Number         0  stubs.o ABSOLUTE
    _printf_x                                0x00000000   Number         0  stubs.o ABSOLUTE
    __cpp_initialize__aeabi_                  - Undefined Weak Reference
    __cxa_finalize                            - Undefined Weak Reference
    _clock_init                               - Undefined Weak Reference
    _microlib_exit                            - Undefined Weak Reference
    __Vectors_Size                           0x00000188   Number         0  startup_stm32f40_41xxx.o ABSOLUTE
    __Vectors                                0x08000000   Data           4  startup_stm32f40_41xxx.o(RESET)
    __Vectors_End                            0x08000188   Data           0  startup_stm32f40_41xxx.o(RESET)
    __main                                   0x08000189   Thumb Code     0  entry.o(.ARM.Collect$$$$00000000)
    _main_stk                                0x08000189   Thumb Code     0  entry2.o(.ARM.Collect$$$$00000001)
    _main_scatterload                        0x0800018d   Thumb Code     0  entry5.o(.ARM.Collect$$$$00000004)
    __main_after_scatterload                 0x08000191   Thumb Code     0  entry5.o(.ARM.Collect$$$$00000004)
    _main_clock                              0x08000191   Thumb Code     0  entry7b.o(.ARM.Collect$$$$00000008)
    _main_cpp_init                           0x08000191   Thumb Code     0  entry8b.o(.ARM.Collect$$$$0000000A)
    _main_init                               0x08000191   Thumb Code     0  entry9a.o(.ARM.Collect$$$$0000000B)
    __rt_final_cpp                           0x08000199   Thumb Code     0  entry10a.o(.ARM.Collect$$$$0000000D)
    __rt_final_exit                          0x08000199   Thumb Code     0  entry11a.o(.ARM.Collect$$$$0000000F)
    Reset_Handler                            0x0800019d   Thumb Code     8  startup_stm32f40_41xxx.o(.text)
    ADC_IRQHandler                           0x080001b7   Thumb Code     0  startup_stm32f40_41xxx.o(.text)
    CAN1_RX0_IRQHandler                      0x080001b7   Thumb Code     0  startup_stm32f40_41xxx.o(.text)
    CAN1_RX1_IRQHandler                      0x080001b7   Thumb Code     0  startup_stm32f40_41xxx.o(.text)
    CAN1_SCE_IRQHandler                      0x080001b7   Thumb Code     0  startup_stm32f40_41xxx.o(.text)
    CAN1_TX_IRQHandler                       0x080001b7   Thumb Code     0  startup_stm32f40_41xxx.o(.text)
    CAN2_RX0_IRQHandler                      0x080001b7   Thumb Code     0  startup_stm32f40_41xxx.o(.text)
    CAN2_RX1_IRQHandler                      0x080001b7   Thumb Code     0  startup_stm32f40_41xxx.o(.text)
    CAN2_SCE_IRQHandler                      0x080001b7   Thumb Code     0  startup_stm32f40_41xxx.o(.text)
    CAN2_TX_IRQHandler                       0x080001b7   Thumb Code     0  startup_stm32f40_41xxx.o(.text)
    CRYP_IRQHandler                          0x080001b7   Thumb Code     0  startup_stm32f40_41xxx.o(.text)
    DCMI_IRQHandler                          0x080001b7   Thumb Code     0  startup_stm32f40_41xxx.o(.text)
    DMA1_Stream0_IRQHandler                  0x080001b7   Thumb Code     0  startup_stm32f40_41xxx.o(.text)
    DMA1_Stream1_IRQHandler                  0x080001b7   Thumb Code     0  startup_stm32f40_41xxx.o(.text)
    DMA1_Stream2_IRQHandler                  0x080001b7   Thumb Code     0  startup_stm32f40_41xxx.o(.text)
    DMA1_Stream3_IRQHandler                  0x080001b7   Thumb Code     0  startup_stm32f40_41xxx.o(.text)
    DMA1_Stream4_IRQHandler                  0x080001b7   Thumb Code     0  startup_stm32f40_41xxx.o(.text)
    DMA1_Stream5_IRQHandler                  0x080001b7   Thumb Code     0  startup_stm32f40_41xxx.o(.text)
    DMA1_Stream6_IRQHandler                  0x080001b7   Thumb Code     0  startup_stm32f40_41xxx.o(.text)
    DMA1_Stream7_IRQHandler                  0x080001b7   Thumb Code     0  startup_stm32f40_41xxx.o(.text)
    DMA2_Stream0_IRQHandler                  0x080001b7   Thumb Code     0  startup_stm32f40_41xxx.o(.text)
    DMA2_Stream1_IRQHandler                  0x080001b7   Thumb Code     0  startup_stm32f40_41xxx.o(.text)
    DMA2_Stream2_IRQHandler                  0x080001b7   Thumb Code     0  startup_stm32f40_41xxx.o(.text)
    DMA2_Stream3_IRQHandler                  0x080001b7   Thumb Code     0  startup_stm32f40_41xxx.o(.text)
    DMA2_Stream4_IRQHandler                  0x080001b7   Thumb Code     0  startup_stm32f40_41xxx.o(.text)
    DMA2_Stream5_IRQHandler                  0x080001b7   Thumb Code     0  startup_stm32f40_41xxx.o(.text)
    DMA2_Stream6_IRQHandler                  0x080001b7   Thumb Code     0  startup_stm32f40_41xxx.o(.text)
    DMA2_Stream7_IRQHandler                  0x080001b7   Thumb Code     0  startup_stm32f40_41xxx.o(.text)
    ETH_IRQHandler                           0x080001b7   Thumb Code     0  startup_stm32f40_41xxx.o(.text)
    ETH_WKUP_IRQHandler                      0x080001b7   Thumb Code     0  startup_stm32f40_41xxx.o(.text)
    EXTI0_IRQHandler                         0x080001b7   Thumb Code     0  startup_stm32f40_41xxx.o(.text)
    EXTI15_10_IRQHandler                     0x080001b7   Thumb Code     0  startup_stm32f40_41xxx.o(.text)
    EXTI1_IRQHandler                         0x080001b7   Thumb Code     0  startup_stm32f40_41xxx.o(.text)
    EXTI2_IRQHandler                         0x080001b7   Thumb Code     0  startup_stm32f40_41xxx.o(.text)
    EXTI3_IRQHandler                         0x080001b7   Thumb Code     0  startup_stm32f40_41xxx.o(.text)
    EXTI4_IRQHandler                         0x080001b7   Thumb Code     0  startup_stm32f40_41xxx.o(.text)
    FLASH_IRQHandler                         0x080001b7   Thumb Code     0  startup_stm32f40_41xxx.o(.text)
    FPU_IRQHandler                           0x080001b7   Thumb Code     0  startup_stm32f40_41xxx.o(.text)
    FSMC_IRQHandler                          0x080001b7   Thumb Code     0  startup_stm32f40_41xxx.o(.text)
    HASH_RNG_IRQHandler                      0x080001b7   Thumb Code     0  startup_stm32f40_41xxx.o(.text)
    I2C1_ER_IRQHandler                       0x080001b7   Thumb Code     0  startup_stm32f40_41xxx.o(.text)
    I2C1_EV_IRQHandler                       0x080001b7   Thumb Code     0  startup_stm32f40_41xxx.o(.text)
    I2C2_ER_IRQHandler                       0x080001b7   Thumb Code     0  startup_stm32f40_41xxx.o(.text)
    I2C2_EV_IRQHandler                       0x080001b7   Thumb Code     0  startup_stm32f40_41xxx.o(.text)
    I2C3_ER_IRQHandler                       0x080001b7   Thumb Code     0  startup_stm32f40_41xxx.o(.text)
    I2C3_EV_IRQHandler                       0x080001b7   Thumb Code     0  startup_stm32f40_41xxx.o(.text)
    OTG_FS_IRQHandler                        0x080001b7   Thumb Code     0  startup_stm32f40_41xxx.o(.text)
    OTG_FS_WKUP_IRQHandler                   0x080001b7   Thumb Code     0  startup_stm32f40_41xxx.o(.text)
    OTG_HS_EP1_IN_IRQHandler                 0x080001b7   Thumb Code     0  startup_stm32f40_41xxx.o(.text)
    OTG_HS_EP1_OUT_IRQHandler                0x080001b7   Thumb Code     0  startup_stm32f40_41xxx.o(.text)
    OTG_HS_WKUP_IRQHandler                   0x080001b7   Thumb Code     0  startup_stm32f40_41xxx.o(.text)
    PVD_IRQHandler                           0x080001b7   Thumb Code     0  startup_stm32f40_41xxx.o(.text)
    RCC_IRQHandler                           0x080001b7   Thumb Code     0  startup_stm32f40_41xxx.o(.text)
    RTC_Alarm_IRQHandler                     0x080001b7   Thumb Code     0  startup_stm32f40_41xxx.o(.text)
    RTC_WKUP_IRQHandler                      0x080001b7   Thumb Code     0  startup_stm32f40_41xxx.o(.text)
    SDIO_IRQHandler                          0x080001b7   Thumb Code     0  startup_stm32f40_41xxx.o(.text)
    SPI1_IRQHandler                          0x080001b7   Thumb Code     0  startup_stm32f40_41xxx.o(.text)
    SPI2_IRQHandler                          0x080001b7   Thumb Code     0  startup_stm32f40_41xxx.o(.text)
    SPI3_IRQHandler                          0x080001b7   Thumb Code     0  startup_stm32f40_41xxx.o(.text)
    TAMP_STAMP_IRQHandler                    0x080001b7   Thumb Code     0  startup_stm32f40_41xxx.o(.text)
    TIM1_BRK_TIM9_IRQHandler                 0x080001b7   Thumb Code     0  startup_stm32f40_41xxx.o(.text)
    TIM1_CC_IRQHandler                       0x080001b7   Thumb Code     0  startup_stm32f40_41xxx.o(.text)
    TIM1_TRG_COM_TIM11_IRQHandler            0x080001b7   Thumb Code     0  startup_stm32f40_41xxx.o(.text)
    TIM1_UP_TIM10_IRQHandler                 0x080001b7   Thumb Code     0  startup_stm32f40_41xxx.o(.text)
    TIM3_IRQHandler                          0x080001b7   Thumb Code     0  startup_stm32f40_41xxx.o(.text)
    TIM5_IRQHandler                          0x080001b7   Thumb Code     0  startup_stm32f40_41xxx.o(.text)
    TIM6_DAC_IRQHandler                      0x080001b7   Thumb Code     0  startup_stm32f40_41xxx.o(.text)
    TIM7_IRQHandler                          0x080001b7   Thumb Code     0  startup_stm32f40_41xxx.o(.text)
    TIM8_BRK_TIM12_IRQHandler                0x080001b7   Thumb Code     0  startup_stm32f40_41xxx.o(.text)
    TIM8_CC_IRQHandler                       0x080001b7   Thumb Code     0  startup_stm32f40_41xxx.o(.text)
    TIM8_TRG_COM_TIM14_IRQHandler            0x080001b7   Thumb Code     0  startup_stm32f40_41xxx.o(.text)
    TIM8_UP_TIM13_IRQHandler                 0x080001b7   Thumb Code     0  startup_stm32f40_41xxx.o(.text)
    UART4_IRQHandler                         0x080001b7   Thumb Code     0  startup_stm32f40_41xxx.o(.text)
    UART5_IRQHandler                         0x080001b7   Thumb Code     0  startup_stm32f40_41xxx.o(.text)
    WWDG_IRQHandler                          0x080001b7   Thumb Code     0  startup_stm32f40_41xxx.o(.text)
    __aeabi_memset                           0x080001c1   Thumb Code    14  memseta.o(.text)
    __aeabi_memset4                          0x080001c1   Thumb Code     0  memseta.o(.text)
    __aeabi_memset8                          0x080001c1   Thumb Code     0  memseta.o(.text)
    __aeabi_memclr                           0x080001cf   Thumb Code     4  memseta.o(.text)
    __aeabi_memclr4                          0x080001cf   Thumb Code     0  memseta.o(.text)
    __aeabi_memclr8                          0x080001cf   Thumb Code     0  memseta.o(.text)
    _memset$wrapper                          0x080001d3   Thumb Code    18  memseta.o(.text)
    __aeabi_uldivmod                         0x080001e5   Thumb Code    98  uldiv.o(.text)
    __aeabi_llsr                             0x08000247   Thumb Code    32  llushr.o(.text)
    _ll_ushift_r                             0x08000247   Thumb Code     0  llushr.o(.text)
    __scatterload                            0x08000269   Thumb Code    28  init.o(.text)
    __scatterload_rt2                        0x08000269   Thumb Code     0  init.o(.text)
    __aeabi_llsl                             0x0800028d   Thumb Code    30  llshl.o(.text)
    _ll_shift_l                              0x0800028d   Thumb Code     0  llshl.o(.text)
    __decompress                             0x080002ab   Thumb Code     0  __dczerorl2.o(.text)
    __decompress1                            0x080002ab   Thumb Code    86  __dczerorl2.o(.text)
    AD7606_ISR                               0x080004bd   Thumb Code    14  bsp_ad7606.o(i.AD7606_ISR)
    AD7606_ReadNowAdc                        0x080004d1   Thumb Code    98  bsp_ad7606.o(i.AD7606_ReadNowAdc)
    AD7606_Reset                             0x08000539   Thumb Code    18  bsp_ad7606.o(i.AD7606_Reset)
    AD7606_SetInputRange                     0x08000551   Thumb Code    34  bsp_ad7606.o(i.AD7606_SetInputRange)
    AD7606_SetOS                             0x0800057d   Thumb Code   180  bsp_ad7606.o(i.AD7606_SetOS)
    AD7606_StartConvst                       0x08000639   Thumb Code    18  bsp_ad7606.o(i.AD7606_StartConvst)
    AD7606_StopRecord                        0x08000651   Thumb Code    94  bsp_ad7606.o(i.AD7606_StopRecord)
    BusFault_Handler                         0x0800074f   Thumb Code     4  stm32f4xx_it.o(i.BusFault_Handler)
    ComToUart                                0x08000755   Thumb Code    52  bsp_uart_fifo.o(i.ComToUart)
    DebugMon_Handler                         0x08000803   Thumb Code     2  stm32f4xx_it.o(i.DebugMon_Handler)
    DewenSet                                 0x08000805   Thumb Code   108  main.o(i.DewenSet)
    EXTI9_5_IRQHandler                       0x08000889   Thumb Code    22  bsp_ad7606.o(i.EXTI9_5_IRQHandler)
    EXTI_ClearITPendingBit                   0x080008a1   Thumb Code     6  stm32f4xx_exti.o(i.EXTI_ClearITPendingBit)
    EXTI_GetITStatus                         0x080008ad   Thumb Code    20  stm32f4xx_exti.o(i.EXTI_GetITStatus)
    EXTI_Init                                0x080008c5   Thumb Code   142  stm32f4xx_exti.o(i.EXTI_Init)
    EncoderMode                              0x08000959   Thumb Code    12  main.o(i.EncoderMode)
    Encoder_Init                             0x08000965   Thumb Code    12  bsp_encoder.o(i.Encoder_Init)
    FSMC_NORSRAMCmd                          0x08000a5d   Thumb Code    46  stm32f4xx_fsmc.o(i.FSMC_NORSRAMCmd)
    FSMC_NORSRAMInit                         0x08000a91   Thumb Code   230  stm32f4xx_fsmc.o(i.FSMC_NORSRAMInit)
    GPIO_Init                                0x08000b77   Thumb Code   144  stm32f4xx_gpio.o(i.GPIO_Init)
    GPIO_PinAFConfig                         0x08000c07   Thumb Code    70  stm32f4xx_gpio.o(i.GPIO_PinAFConfig)
    HCD_GetCurrentFrame                      0x08000c4d   Thumb Code    10  usb_hcd.o(i.HCD_GetCurrentFrame)
    HCD_GetCurrentSpeed                      0x08000c57   Thumb Code    20  usb_hcd.o(i.HCD_GetCurrentSpeed)
    HCD_GetURB_State                         0x08000c6b   Thumb Code    10  usb_hcd.o(i.HCD_GetURB_State)
    HCD_GetXferCnt                           0x08000c75   Thumb Code    12  usb_hcd.o(i.HCD_GetXferCnt)
    HCD_Init                                 0x08000c81   Thumb Code    96  usb_hcd.o(i.HCD_Init)
    HCD_IsDeviceConnected                    0x08000ce1   Thumb Code     8  usb_hcd.o(i.HCD_IsDeviceConnected)
    HCD_ResetPort                            0x08000ce9   Thumb Code    14  usb_hcd.o(i.HCD_ResetPort)
    HCD_SubmitRequest                        0x08000cf7   Thumb Code    32  usb_hcd.o(i.HCD_SubmitRequest)
    HandleDateEncoder                        0x08000d19   Thumb Code   770  main.o(i.HandleDateEncoder)
    HardFault_Handler                        0x080010a5   Thumb Code    38  stm32f4xx_it.o(i.HardFault_Handler)
    MemManage_Handler                        0x08001493   Thumb Code     4  stm32f4xx_it.o(i.MemManage_Handler)
    NMI_Handler                              0x08001497   Thumb Code     2  stm32f4xx_it.o(i.NMI_Handler)
    NVIC_Init                                0x08001499   Thumb Code   106  misc.o(i.NVIC_Init)
    NVIC_PriorityGroupConfig                 0x08001511   Thumb Code    10  misc.o(i.NVIC_PriorityGroupConfig)
    NVIC_SetVectorTable                      0x08001525   Thumb Code    12  misc.o(i.NVIC_SetVectorTable)
    OTG_HS_IRQHandler                        0x08001539   Thumb Code    10  usbh_it.o(i.OTG_HS_IRQHandler)
    PendSV_Handler                           0x08001549   Thumb Code     2  stm32f4xx_it.o(i.PendSV_Handler)
    RCC_AHB1PeriphClockCmd                   0x0800154d   Thumb Code    26  stm32f4xx_rcc.o(i.RCC_AHB1PeriphClockCmd)
    RCC_AHB3PeriphClockCmd                   0x0800156d   Thumb Code    26  stm32f4xx_rcc.o(i.RCC_AHB3PeriphClockCmd)
    RCC_APB1PeriphClockCmd                   0x0800158d   Thumb Code    26  stm32f4xx_rcc.o(i.RCC_APB1PeriphClockCmd)
    RCC_APB2PeriphClockCmd                   0x080015ad   Thumb Code    26  stm32f4xx_rcc.o(i.RCC_APB2PeriphClockCmd)
    RCC_GetClocksFreq                        0x080015cd   Thumb Code   214  stm32f4xx_rcc.o(i.RCC_GetClocksFreq)
    SVC_Handler                              0x080016b5   Thumb Code     2  stm32f4xx_it.o(i.SVC_Handler)
    SaveBuffer                               0x080016b9   Thumb Code   460  main.o(i.SaveBuffer)
    SaveFile                                 0x080018a9   Thumb Code   108  main.o(i.SaveFile)
    SysTick_Handler                          0x08001a15   Thumb Code     8  bsp_timer.o(i.SysTick_Handler)
    SysTick_ISR                              0x08001a1d   Thumb Code   110  bsp_timer.o(i.SysTick_ISR)
    SystemInit                               0x08001aa1   Thumb Code    88  system_stm32f4xx.o(i.SystemInit)
    TIM2_IRQHandler                          0x08001c2b   Thumb Code     8  usbh_it.o(i.TIM2_IRQHandler)
    TIM4_IRQHandler                          0x08001c35   Thumb Code    72  bsp_encoder.o(i.TIM4_IRQHandler)
    TIM_ARRPreloadConfig                     0x08001c89   Thumb Code    24  stm32f4xx_tim.o(i.TIM_ARRPreloadConfig)
    TIM_ClearITPendingBit                    0x08001ca1   Thumb Code     6  stm32f4xx_tim.o(i.TIM_ClearITPendingBit)
    TIM_Cmd                                  0x08001ca7   Thumb Code    24  stm32f4xx_tim.o(i.TIM_Cmd)
    TIM_EncoderInterfaceConfig               0x08001cbf   Thumb Code    66  stm32f4xx_tim.o(i.TIM_EncoderInterfaceConfig)
    TIM_GetITStatus                          0x08001d01   Thumb Code    34  stm32f4xx_tim.o(i.TIM_GetITStatus)
    TIM_ICInit                               0x08001d23   Thumb Code   110  stm32f4xx_tim.o(i.TIM_ICInit)
    TIM_ICStructInit                         0x08001d91   Thumb Code    18  stm32f4xx_tim.o(i.TIM_ICStructInit)
    TIM_ITConfig                             0x08001da3   Thumb Code    18  stm32f4xx_tim.o(i.TIM_ITConfig)
    TIM_SetCounter                           0x08001db5   Thumb Code     4  stm32f4xx_tim.o(i.TIM_SetCounter)
    TIM_SetIC1Prescaler                      0x08001db9   Thumb Code    18  stm32f4xx_tim.o(i.TIM_SetIC1Prescaler)
    TIM_SetIC2Prescaler                      0x08001dcb   Thumb Code    26  stm32f4xx_tim.o(i.TIM_SetIC2Prescaler)
    TIM_SetIC3Prescaler                      0x08001de5   Thumb Code    18  stm32f4xx_tim.o(i.TIM_SetIC3Prescaler)
    TIM_SetIC4Prescaler                      0x08001df7   Thumb Code    26  stm32f4xx_tim.o(i.TIM_SetIC4Prescaler)
    TIM_TimeBaseInit                         0x08001e11   Thumb Code   104  stm32f4xx_tim.o(i.TIM_TimeBaseInit)
    USART1_IRQHandler                        0x08001e95   Thumb Code    10  bsp_uart_fifo.o(i.USART1_IRQHandler)
    USART2_IRQHandler                        0x08001ea5   Thumb Code    10  bsp_uart_fifo.o(i.USART2_IRQHandler)
    USART3_IRQHandler                        0x08001eb5   Thumb Code    10  bsp_uart_fifo.o(i.USART3_IRQHandler)
    USART3_SendBefor                         0x08001ec5   Thumb Code     8  bsp_uart_fifo.o(i.USART3_SendBefor)
    USART3_SendOver                          0x08001ed1   Thumb Code     8  bsp_uart_fifo.o(i.USART3_SendOver)
    USART6_IRQHandler                        0x08001edd   Thumb Code    10  bsp_uart_fifo.o(i.USART6_IRQHandler)
    USART_ClearFlag                          0x08001eed   Thumb Code    18  stm32f4xx_usart.o(i.USART_ClearFlag)
    USART_Cmd                                0x08001eff   Thumb Code    24  stm32f4xx_usart.o(i.USART_Cmd)
    USART_GetITStatus                        0x08001f17   Thumb Code    84  stm32f4xx_usart.o(i.USART_GetITStatus)
    USART_ITConfig                           0x08001f6b   Thumb Code    74  stm32f4xx_usart.o(i.USART_ITConfig)
    USART_Init                               0x08001fb5   Thumb Code   204  stm32f4xx_usart.o(i.USART_Init)
    USART_ReceiveData                        0x08002089   Thumb Code    10  stm32f4xx_usart.o(i.USART_ReceiveData)
    USART_SendData                           0x08002093   Thumb Code     8  stm32f4xx_usart.o(i.USART_SendData)
    USBH_Alloc_Channel                       0x0800209b   Thumb Code    38  usbh_hcs.o(i.USBH_Alloc_Channel)
    USBH_BulkReceiveData                     0x080020c1   Thumb Code    96  usbh_ioreq.o(i.USBH_BulkReceiveData)
    USBH_BulkSendData                        0x08002121   Thumb Code    94  usbh_ioreq.o(i.USBH_BulkSendData)
    USBH_ClrFeature                          0x0800217f   Thumb Code    76  usbh_stdreq.o(i.USBH_ClrFeature)
    USBH_Connected                           0x080021cb   Thumb Code    12  usbh_core.o(i.USBH_Connected)
    USBH_CtlReceiveData                      0x080021d7   Thumb Code    70  usbh_ioreq.o(i.USBH_CtlReceiveData)
    USBH_CtlReq                              0x0800221d   Thumb Code   100  usbh_ioreq.o(i.USBH_CtlReq)
    USBH_CtlSendData                         0x08002281   Thumb Code   110  usbh_ioreq.o(i.USBH_CtlSendData)
    USBH_CtlSendSetup                        0x080022ef   Thumb Code    66  usbh_ioreq.o(i.USBH_CtlSendSetup)
    USBH_DeAllocate_AllChannel               0x08002331   Thumb Code    28  usbh_hcs.o(i.USBH_DeAllocate_AllChannel)
    USBH_DeInit                              0x0800234d   Thumb Code    58  usbh_core.o(i.USBH_DeInit)
    USBH_Disconnected                        0x08002387   Thumb Code    12  usbh_core.o(i.USBH_Disconnected)
    USBH_ErrorHandle                         0x08002393   Thumb Code    46  usbh_core.o(i.USBH_ErrorHandle)
    USBH_Free_Channel                        0x080023c1   Thumb Code    30  usbh_hcs.o(i.USBH_Free_Channel)
    USBH_GetDescriptor                       0x080023df   Thumb Code    68  usbh_stdreq.o(i.USBH_GetDescriptor)
    USBH_GetNextDesc                         0x0800244b   Thumb Code    18  usbh_stdreq.o(i.USBH_GetNextDesc)
    USBH_Get_CfgDesc                         0x0800245d   Thumb Code    88  usbh_stdreq.o(i.USBH_Get_CfgDesc)
    USBH_Get_DevDesc                         0x080024b9   Thumb Code    56  usbh_stdreq.o(i.USBH_Get_DevDesc)
    USBH_Get_StringDesc                      0x080024f1   Thumb Code    60  usbh_stdreq.o(i.USBH_Get_StringDesc)
    USBH_HandleControl                       0x0800252d   Thumb Code   544  usbh_core.o(i.USBH_HandleControl)
    USBH_Init                                0x0800292d   Thumb Code    68  usbh_core.o(i.USBH_Init)
    USBH_MSC_BOT_Abort                       0x08002995   Thumb Code    86  usbh_msc_bot.o(i.USBH_MSC_BOT_Abort)
    USBH_MSC_DecodeCSW                       0x08002a09   Thumb Code   108  usbh_msc_bot.o(i.USBH_MSC_DecodeCSW)
    USBH_MSC_ErrorHandle                     0x08002a89   Thumb Code    58  usbh_msc_core.o(i.USBH_MSC_ErrorHandle)
    USBH_MSC_HandleBOTXfer                   0x08002ca1   Thumb Code   812  usbh_msc_bot.o(i.USBH_MSC_HandleBOTXfer)
    USBH_MSC_Init                            0x08002ff1   Thumb Code    44  usbh_msc_bot.o(i.USBH_MSC_Init)
    USBH_MSC_ModeSense6                      0x08003151   Thumb Code   192  usbh_msc_scsi.o(i.USBH_MSC_ModeSense6)
    USBH_MSC_Read10                          0x08003221   Thumb Code   242  usbh_msc_scsi.o(i.USBH_MSC_Read10)
    USBH_MSC_ReadCapacity10                  0x08003321   Thumb Code   202  usbh_msc_scsi.o(i.USBH_MSC_ReadCapacity10)
    USBH_MSC_RequestSense                    0x080033fd   Thumb Code   208  usbh_msc_scsi.o(i.USBH_MSC_RequestSense)
    USBH_MSC_TestUnitReady                   0x080034dd   Thumb Code   162  usbh_msc_scsi.o(i.USBH_MSC_TestUnitReady)
    USBH_MSC_Write10                         0x0800358d   Thumb Code   218  usbh_msc_scsi.o(i.USBH_MSC_Write10)
    USBH_Modify_Channel                      0x08003671   Thumb Code   100  usbh_hcs.o(i.USBH_Modify_Channel)
    USBH_OTG_ISR_Handler                     0x080036d5   Thumb Code   168  usb_hcd_int.o(i.USBH_OTG_ISR_Handler)
    USBH_Open_Channel                        0x0800377d   Thumb Code   154  usbh_hcs.o(i.USBH_Open_Channel)
    USBH_Process                             0x08003a09   Thumb Code   408  usbh_core.o(i.USBH_Process)
    USBH_SOF                                 0x08003ba1   Thumb Code     6  usbh_core.o(i.USBH_SOF)
    USBH_SetAddress                          0x08003ba7   Thumb Code    38  usbh_stdreq.o(i.USBH_SetAddress)
    USBH_SetCfg                              0x08003bcd   Thumb Code    38  usbh_stdreq.o(i.USBH_SetCfg)
    USBH_USR_Configuration_DescAvailable     0x08003c0d   Thumb Code    42  usbh_usr.o(i.USBH_USR_Configuration_DescAvailable)
    USBH_USR_DeInit                          0x08003c41   Thumb Code     2  usbh_usr.o(i.USBH_USR_DeInit)
    USBH_USR_DeviceAddressAssigned           0x08003c43   Thumb Code     2  usbh_usr.o(i.USBH_USR_DeviceAddressAssigned)
    USBH_USR_DeviceAttached                  0x08003c45   Thumb Code    10  usbh_usr.o(i.USBH_USR_DeviceAttached)
    USBH_USR_DeviceDisconnected              0x08003c55   Thumb Code    10  usbh_usr.o(i.USBH_USR_DeviceDisconnected)
    USBH_USR_DeviceNotSupported              0x08003c65   Thumb Code    10  usbh_usr.o(i.USBH_USR_DeviceNotSupported)
    USBH_USR_DeviceSpeedDetected             0x08003c8d   Thumb Code    46  usbh_usr.o(i.USBH_USR_DeviceSpeedDetected)
    USBH_USR_Device_DescAvailable            0x08003ccd   Thumb Code    24  usbh_usr.o(i.USBH_USR_Device_DescAvailable)
    USBH_USR_EnumerationDone                 0x08003d05   Thumb Code    10  usbh_usr.o(i.USBH_USR_EnumerationDone)
    USBH_USR_Init                            0x08003d15   Thumb Code    34  usbh_usr.o(i.USBH_USR_Init)
    USBH_USR_MSC_Application                 0x08003d95   Thumb Code     4  usbh_usr.o(i.USBH_USR_MSC_Application)
    USBH_USR_Manufacturer_String             0x08003d99   Thumb Code    14  usbh_usr.o(i.USBH_USR_Manufacturer_String)
    USBH_USR_OverCurrentDetected             0x08003dc1   Thumb Code    10  usbh_usr.o(i.USBH_USR_OverCurrentDetected)
    USBH_USR_Product_String                  0x08003de9   Thumb Code    14  usbh_usr.o(i.USBH_USR_Product_String)
    USBH_USR_ResetDevice                     0x08003e0d   Thumb Code    10  usbh_usr.o(i.USBH_USR_ResetDevice)
    USBH_USR_SerialNum_String                0x08003e35   Thumb Code    14  usbh_usr.o(i.USBH_USR_SerialNum_String)
    USBH_USR_UnrecoveredError                0x08003e5d   Thumb Code    10  usbh_usr.o(i.USBH_USR_UnrecoveredError)
    USBH_USR_UserInput                       0x08003e6d   Thumb Code     4  usbh_usr.o(i.USBH_USR_UserInput)
    USB_OTG_BSP_ConfigVBUS                   0x08003e71   Thumb Code     2  usb_bsp.o(i.USB_OTG_BSP_ConfigVBUS)
    USB_OTG_BSP_DriveVBUS                    0x08003e73   Thumb Code     2  usb_bsp.o(i.USB_OTG_BSP_DriveVBUS)
    USB_OTG_BSP_EnableInterrupt              0x08003e75   Thumb Code    44  usb_bsp.o(i.USB_OTG_BSP_EnableInterrupt)
    USB_OTG_BSP_Init                         0x08003ea1   Thumb Code    72  usb_bsp.o(i.USB_OTG_BSP_Init)
    USB_OTG_BSP_TimerIRQ                     0x08003f25   Thumb Code    50  usb_bsp.o(i.USB_OTG_BSP_TimerIRQ)
    USB_OTG_BSP_mDelay                       0x08003f5d   Thumb Code    14  usb_bsp.o(i.USB_OTG_BSP_mDelay)
    USB_OTG_BSP_uDelay                       0x08003f6b   Thumb Code    14  usb_bsp.o(i.USB_OTG_BSP_uDelay)
    USB_OTG_CoreInit                         0x08003f79   Thumb Code   306  usb_core.o(i.USB_OTG_CoreInit)
    USB_OTG_CoreInitHost                     0x080040ab   Thumb Code   218  usb_core.o(i.USB_OTG_CoreInitHost)
    USB_OTG_DisableGlobalInt                 0x080041f5   Thumb Code    34  usb_core.o(i.USB_OTG_DisableGlobalInt)
    USB_OTG_DriveVbus                        0x08004217   Thumb Code    92  usb_core.o(i.USB_OTG_DriveVbus)
    USB_OTG_EnableGlobalInt                  0x080042a7   Thumb Code    34  usb_core.o(i.USB_OTG_EnableGlobalInt)
    USB_OTG_EnableHostInt                    0x080042c9   Thumb Code   116  usb_core.o(i.USB_OTG_EnableHostInt)
    USB_OTG_FlushRxFifo                      0x0800433d   Thumb Code    70  usb_core.o(i.USB_OTG_FlushRxFifo)
    USB_OTG_FlushTxFifo                      0x08004389   Thumb Code    80  usb_core.o(i.USB_OTG_FlushTxFifo)
    USB_OTG_GetMode                          0x080043dd   Thumb Code    12  usb_core.o(i.USB_OTG_GetMode)
    USB_OTG_HC_DoPing                        0x080043e9   Thumb Code    90  usb_core.o(i.USB_OTG_HC_DoPing)
    USB_OTG_HC_Halt                          0x08004443   Thumb Code   130  usb_core.o(i.USB_OTG_HC_Halt)
    USB_OTG_HC_Init                          0x080044c5   Thumb Code   568  usb_core.o(i.USB_OTG_HC_Init)
    USB_OTG_HC_StartXfer                     0x080046fd   Thumb Code   502  usb_core.o(i.USB_OTG_HC_StartXfer)
    USB_OTG_InitFSLSPClkSel                  0x080048f3   Thumb Code    24  usb_core.o(i.USB_OTG_InitFSLSPClkSel)
    USB_OTG_IsEvenFrame                      0x0800490b   Thumb Code    16  usb_core.o(i.USB_OTG_IsEvenFrame)
    USB_OTG_IsHostMode                       0x0800491b   Thumb Code    20  usb_core.o(i.USB_OTG_IsHostMode)
    USB_OTG_ReadCoreItr                      0x0800492f   Thumb Code    16  usb_core.o(i.USB_OTG_ReadCoreItr)
    USB_OTG_ReadHPRT0                        0x0800493f   Thumb Code    48  usb_core.o(i.USB_OTG_ReadHPRT0)
    USB_OTG_ReadHostAllChannels_intr         0x0800496f   Thumb Code     8  usb_core.o(i.USB_OTG_ReadHostAllChannels_intr)
    USB_OTG_ReadPacket                       0x08004977   Thumb Code    40  usb_core.o(i.USB_OTG_ReadPacket)
    USB_OTG_ResetPort                        0x0800499f   Thumb Code    64  usb_core.o(i.USB_OTG_ResetPort)
    USB_OTG_SelectCore                       0x080049e1   Thumb Code   212  usb_core.o(i.USB_OTG_SelectCore)
    USB_OTG_SetCurrentMode                   0x08004ab9   Thumb Code    78  usb_core.o(i.USB_OTG_SetCurrentMode)
    USB_OTG_WritePacket                      0x080058d9   Thumb Code    64  usb_core.o(i.USB_OTG_WritePacket)
    UsageFault_Handler                       0x08005c5d   Thumb Code     4  stm32f4xx_it.o(i.UsageFault_Handler)
    __0printf$8                              0x08005c61   Thumb Code    22  printf8.o(i.__0printf$8)
    __1printf$8                              0x08005c61   Thumb Code     0  printf8.o(i.__0printf$8)
    __2printf                                0x08005c61   Thumb Code     0  printf8.o(i.__0printf$8)
    __0sprintf$8                             0x08005c81   Thumb Code    34  printf8.o(i.__0sprintf$8)
    __1sprintf$8                             0x08005c81   Thumb Code     0  printf8.o(i.__0sprintf$8)
    __2sprintf                               0x08005c81   Thumb Code     0  printf8.o(i.__0sprintf$8)
    __scatterload_copy                       0x08005ca9   Thumb Code    14  handlers.o(i.__scatterload_copy)
    __scatterload_null                       0x08005cb7   Thumb Code     2  handlers.o(i.__scatterload_null)
    __scatterload_zeroinit                   0x08005cb9   Thumb Code    14  handlers.o(i.__scatterload_zeroinit)
    bsp_CheckTimer                           0x08006141   Thumb Code    48  bsp_timer.o(i.bsp_CheckTimer)
    bsp_Idle                                 0x08006241   Thumb Code     2  bsp.o(i.bsp_Idle)
    bsp_Init                                 0x08006243   Thumb Code    16  bsp.o(i.bsp_Init)
    bsp_InitAD7606                           0x08006255   Thumb Code    36  bsp_ad7606.o(i.bsp_InitAD7606)
    bsp_InitKey                              0x0800627d   Thumb Code     8  bsp_key.o(i.bsp_InitKey)
    bsp_InitTimer                            0x08006359   Thumb Code   136  bsp_timer.o(i.bsp_InitTimer)
    bsp_InitUart                             0x080063f1   Thumb Code    16  bsp_uart_fifo.o(i.bsp_InitUart)
    bsp_KeyScan                              0x08006401   Thumb Code    22  bsp_key.o(i.bsp_KeyScan)
    bsp_PutKey                               0x08006419   Thumb Code    28  bsp_key.o(i.bsp_PutKey)
    bsp_RunPer10ms                           0x08006439   Thumb Code     8  bsp.o(i.bsp_RunPer10ms)
    bsp_RunPer1ms                            0x08006441   Thumb Code     2  bsp.o(i.bsp_RunPer1ms)
    bsp_StartAutoTimer                       0x08006461   Thumb Code    84  bsp_timer.o(i.bsp_StartAutoTimer)
    bsp_StopTimer                            0x08006509   Thumb Code    66  bsp_timer.o(i.bsp_StopTimer)
    clust2sect                               0x08006aad   Thumb Code    26  ff.o(i.clust2sect)
    comSendBuf                               0x08006b59   Thumb Code    46  bsp_uart_fifo.o(i.comSendBuf)
    comSendChar                              0x08006b87   Thumb Code    16  bsp_uart_fifo.o(i.comSendChar)
    comSendHalfword                          0x08006b97   Thumb Code    36  bsp_uart_fifo.o(i.comSendHalfword)
    comSendword                              0x08006bbb   Thumb Code    32  bsp_uart_fifo.o(i.comSendword)
    delay_us                                 0x08006f65   Thumb Code    40  main.o(i.delay_us)
    disk_initialize                          0x080073a9   Thumb Code    30  diskio.o(i.disk_initialize)
    disk_ioctl                               0x080073cd   Thumb Code    72  diskio.o(i.disk_ioctl)
    disk_read                                0x08007419   Thumb Code    86  diskio.o(i.disk_read)
    disk_status                              0x08007479   Thumb Code    16  diskio.o(i.disk_status)
    disk_write                               0x08007489   Thumb Code    86  diskio.o(i.disk_write)
    f_close                                  0x08007511   Thumb Code    32  ff.o(i.f_close)
    f_lseek                                  0x08007531   Thumb Code   430  ff.o(i.f_lseek)
    f_mkdir                                  0x080076df   Thumb Code   358  ff.o(i.f_mkdir)
    f_mount                                  0x08007845   Thumb Code    48  ff.o(i.f_mount)
    f_open                                   0x08007879   Thumb Code   416  ff.o(i.f_open)
    f_opendir                                0x08007a19   Thumb Code   120  ff.o(i.f_opendir)
    f_sync                                   0x08007a91   Thumb Code   176  ff.o(i.f_sync)
    f_write                                  0x08007b41   Thumb Code   524  ff.o(i.f_write)
    ff_convert                               0x08007d4d   Thumb Code   116  cc936.o(i.ff_convert)
    ff_wtoupper                              0x08007dc9   Thumb Code    46  cc936.o(i.ff_wtoupper)
    fputc                                    0x08007f15   Thumb Code    18  bsp_uart_fifo.o(i.fputc)
    gen_numname                              0x08007f27   Thumb Code   190  ff.o(i.gen_numname)
    get_fat                                  0x08007fe5   Thumb Code   228  ff.o(i.get_fat)
    get_fattime                              0x080080c9   Thumb Code     4  diskio.o(i.get_fattime)
    main                                     0x080081cd   Thumb Code    78  main.o(i.main)
    put_fat                                  0x080082bb   Thumb Code   310  ff.o(i.put_fat)
    MSG_HOST_INIT                            0x080332de   Data          29  usbh_usr.o(.constdata)
    MSG_DEV_ATTACHED                         0x080332fb   Data          21  usbh_usr.o(.constdata)
    MSG_DEV_DISCONNECTED                     0x08033310   Data          24  usbh_usr.o(.constdata)
    MSG_DEV_ENUMERATED                       0x08033328   Data          27  usbh_usr.o(.constdata)
    MSG_DEV_HIGHSPEED                        0x08033343   Data          31  usbh_usr.o(.constdata)
    MSG_DEV_FULLSPEED                        0x08033362   Data          31  usbh_usr.o(.constdata)
    MSG_DEV_LOWSPEED                         0x08033381   Data          30  usbh_usr.o(.constdata)
    MSG_DEV_ERROR                            0x0803339f   Data          18  usbh_usr.o(.constdata)
    MSG_MSC_CLASS                            0x080333b1   Data          34  usbh_usr.o(.constdata)
    MSG_HID_CLASS                            0x080333d3   Data          25  usbh_usr.o(.constdata)
    MSG_DISK_SIZE                            0x080333ec   Data          33  usbh_usr.o(.constdata)
    MSG_LUN                                  0x0803340d   Data          33  usbh_usr.o(.constdata)
    MSG_ROOT_CONT                            0x0803342e   Data          29  usbh_usr.o(.constdata)
    MSG_WR_PROTECT                           0x0803344b   Data          32  usbh_usr.o(.constdata)
    MSG_UNREC_ERROR                          0x0803346b   Data          28  usbh_usr.o(.constdata)
    Region$$Table$$Base                      0x08033488   Number         0  anon$$obj.o(Region$$Table)
    Region$$Table$$Limit                     0x080334a8   Number         0  anon$$obj.o(Region$$Table)
    count                                    0x20000000   Data           1  main.o(.data)
    count_1                                  0x20000001   Data           1  main.o(.data)
    sum                                      0x20000002   Data           2  main.o(.data)
    ucRefresh                                0x20000004   Data           1  main.o(.data)
    ucFifoMode                               0x20000005   Data           1  main.o(.data)
    reset                                    0x20000006   Data           2  main.o(.data)
    buffer                                   0x20000008   Data          48  main.o(.data)
    middle                                   0x20000038   Data           2  main.o(.data)
    end                                      0x2000003a   Data           2  main.o(.data)
    Mark                                     0x2000003c   Data           2  main.o(.data)
    Calibration                              0x2000003e   Data           1  main.o(.data)
    sumchannel                               0x20000040   Data           2  main.o(.data)
    num                                      0x20000044   Data           4  main.o(.data)
    len                                      0x20000048   Data           4  main.o(.data)
    bufferSaveSum                            0x2000004c   Data           6  main.o(.data)
    bw                                       0x20000054   Data           4  main.o(.data)
    fileCount                                0x20000058   Data           2  main.o(.data)
    fileFlag                                 0x2000005a   Data           2  main.o(.data)
    g_iRunTime                               0x20000064   Data           4  bsp_timer.o(.data)
    USART_RX_BUF                             0x2000006a   Data           8  bsp_uart_fifo.o(.data)
    USART_RX_STA                             0x20000072   Data           2  bsp_uart_fifo.o(.data)
    biaozhi                                  0x20000075   Data           1  bsp_ad7606.o(.data)
    circle_count                             0x20000078   Data           4  bsp_encoder.o(.data)
    flagEncoder                              0x2000007c   Data           4  bsp_encoder.o(.data)
    SystemCoreClock                          0x20000090   Data           4  system_stm32f4xx.o(.data)
    AHBPrescTable                            0x20000094   Data          16  system_stm32f4xx.o(.data)
    MSC_Setup                                0x200000bc   Data           8  usbh_msc_core.o(.data)
    MSCErrorCount                            0x200000c4   Data           1  usbh_msc_core.o(.data)
    USBH_MSC_cb                              0x200000c8   Data          16  usbh_msc_core.o(.data)
    USBH_HCD_INT_cb                          0x200000dc   Data          12  usbh_core.o(.data)
    USBH_HCD_INT_fops                        0x200000e8   Data           4  usbh_core.o(.data)
    USR_cb                                   0x200000f4   Data          72  usbh_usr.o(.data)
    HSEStartUpStatus                         0x20000140   Data           1  usb_bsp.o(.data)
    BSP_delay                                0x20000144   Data           4  usb_bsp.o(.data)
    __stdout                                 0x20000148   Data           4  stdout.o(.data)
    chan                                     0x2000014c   Data          12  main.o(.bss)
    add                                      0x20000158   Data          24  main.o(.bss)
    ave                                      0x20000170   Data          14  main.o(.bss)
    channel                                  0x2000017e   Data          12  main.o(.bss)
    bufferSaveChannel                        0x2000018a   Data          30  main.o(.bss)
    bufferSaveLen                            0x200001a8   Data          10  main.o(.bss)
    fs                                       0x200001b4   Data         564  main.o(.bss)
    file                                     0x200003e8   Data         552  main.o(.bss)
    DirInf                                   0x20000610   Data          36  main.o(.bss)
    fileName                                 0x20000634   Data          40  main.o(.bss)
    g_tAD7606                                0x200027da   Data          18  bsp_ad7606.o(.bss)
    g_tAdcFifo                               0x200027ec   Data       16394  bsp_ad7606.o(.bss)
    USBH_MSC_CBWData                         0x20006828   Data          32  usbh_msc_bot.o(.bss)
    USBH_MSC_CSWData                         0x20006848   Data          16  usbh_msc_bot.o(.bss)
    USBH_MSC_BOTXferParam                    0x20006858   Data          16  usbh_msc_bot.o(.bss)
    MSC_Machine                              0x20006868   Data         522  usbh_msc_core.o(.bss)
    USBH_MSC_Param                           0x20006a74   Data          16  usbh_msc_scsi.o(.bss)
    USBH_DataInBuffer                        0x20006a84   Data         512  usbh_msc_scsi.o(.bss)
    USBH_DataOutBuffer                       0x20006c84   Data         512  usbh_msc_scsi.o(.bss)
    USBH_CfgDesc                             0x20006e84   Data         512  usbh_stdreq.o(.bss)
    USB_OTG_Core                             0x20007084   Data        1452  usbh_usr.o(.bss)
    USB_Host                                 0x20007630   Data         132  usbh_usr.o(.bss)
    __initial_sp                             0x2000b6b8   Data           0  startup_stm32f40_41xxx.o(STACK)



==============================================================================

Memory Map of the image

  Image Entry point : 0x08000189

  Load Region LR_IROM1 (Base: 0x08000000, Size: 0x000335f4, Max: 0x00100000, ABSOLUTE, COMPRESSED[0x00033540])

    Execution Region ER_IROM1 (Base: 0x08000000, Size: 0x000334a8, Max: 0x00100000, ABSOLUTE)

    Base Addr    Size         Type   Attr      Idx    E Section Name        Object

    0x08000000   0x00000188   Data   RO          992    RESET               startup_stm32f40_41xxx.o
    0x08000188   0x00000000   Code   RO         3925  * .ARM.Collect$$$$00000000  mc_w.l(entry.o)
    0x08000188   0x00000004   Code   RO         4199    .ARM.Collect$$$$00000001  mc_w.l(entry2.o)
    0x0800018c   0x00000004   Code   RO         4202    .ARM.Collect$$$$00000004  mc_w.l(entry5.o)
    0x08000190   0x00000000   Code   RO         4204    .ARM.Collect$$$$00000008  mc_w.l(entry7b.o)
    0x08000190   0x00000000   Code   RO         4206    .ARM.Collect$$$$0000000A  mc_w.l(entry8b.o)
    0x08000190   0x00000008   Code   RO         4207    .ARM.Collect$$$$0000000B  mc_w.l(entry9a.o)
    0x08000198   0x00000000   Code   RO         4209    .ARM.Collect$$$$0000000D  mc_w.l(entry10a.o)
    0x08000198   0x00000000   Code   RO         4211    .ARM.Collect$$$$0000000F  mc_w.l(entry11a.o)
    0x08000198   0x00000004   Code   RO         4200    .ARM.Collect$$$$00002712  mc_w.l(entry2.o)
    0x0800019c   0x00000024   Code   RO          993    .text               startup_stm32f40_41xxx.o
    0x080001c0   0x00000024   Code   RO         3928    .text               mc_w.l(memseta.o)
    0x080001e4   0x00000062   Code   RO         4216    .text               mc_w.l(uldiv.o)
    0x08000246   0x00000020   Code   RO         4218    .text               mc_w.l(llushr.o)
    0x08000266   0x00000002   PAD
    0x08000268   0x00000024   Code   RO         4229    .text               mc_w.l(init.o)
    0x0800028c   0x0000001e   Code   RO         4231    .text               mc_w.l(llshl.o)
    0x080002aa   0x00000056   Code   RO         4243    .text               mc_w.l(__dczerorl2.o)
    0x08000300   0x00000160   Code   RO          853    i.AD7606_CtrlLinesConfig  bsp_ad7606.o
    0x08000460   0x0000005c   Code   RO          855    i.AD7606_FSMCConfig  bsp_ad7606.o
    0x080004bc   0x00000014   Code   RO          856    i.AD7606_ISR        bsp_ad7606.o
    0x080004d0   0x00000068   Code   RO          857    i.AD7606_ReadNowAdc  bsp_ad7606.o
    0x08000538   0x00000018   Code   RO          858    i.AD7606_Reset      bsp_ad7606.o
    0x08000550   0x0000002c   Code   RO          859    i.AD7606_SetInputRange  bsp_ad7606.o
    0x0800057c   0x000000bc   Code   RO          860    i.AD7606_SetOS      bsp_ad7606.o
    0x08000638   0x00000018   Code   RO          861    i.AD7606_StartConvst  bsp_ad7606.o
    0x08000650   0x00000068   Code   RO          863    i.AD7606_StopRecord  bsp_ad7606.o
    0x080006b8   0x0000002c   Code   RO         3826    i.BSP_Delay         usb_bsp.o
    0x080006e4   0x0000006a   Code   RO         3827    i.BSP_SetTime       usb_bsp.o
    0x0800074e   0x00000004   Code   RO          607    i.BusFault_Handler  stm32f4xx_it.o
    0x08000752   0x00000002   PAD
    0x08000754   0x00000044   Code   RO          444    i.ComToUart         bsp_uart_fifo.o
    0x08000798   0x0000006a   Code   RO          445    i.ConfigUartNVIC    bsp_uart_fifo.o
    0x08000802   0x00000002   Code   RO          608    i.DebugMon_Handler  stm32f4xx_it.o
    0x08000804   0x00000084   Code   RO            3    i.DewenSet          main.o
    0x08000888   0x00000016   Code   RO          864    i.EXTI9_5_IRQHandler  bsp_ad7606.o
    0x0800089e   0x00000002   PAD
    0x080008a0   0x0000000c   Code   RO         2404    i.EXTI_ClearITPendingBit  stm32f4xx_exti.o
    0x080008ac   0x00000018   Code   RO         2408    i.EXTI_GetITStatus  stm32f4xx_exti.o
    0x080008c4   0x00000094   Code   RO         2409    i.EXTI_Init         stm32f4xx_exti.o
    0x08000958   0x0000000c   Code   RO            4    i.EncoderMode       main.o
    0x08000964   0x0000000c   Code   RO          950    i.Encoder_Init      bsp_encoder.o
    0x08000970   0x00000048   Code   RO          951    i.Encoder_TIM4_IO_Init  bsp_encoder.o
    0x080009b8   0x000000a4   Code   RO          952    i.Encoder_TIM4_Init  bsp_encoder.o
    0x08000a5c   0x00000034   Code   RO         2286    i.FSMC_NORSRAMCmd   stm32f4xx_fsmc.o
    0x08000a90   0x000000e6   Code   RO         2288    i.FSMC_NORSRAMInit  stm32f4xx_fsmc.o
    0x08000b76   0x00000090   Code   RO         1428    i.GPIO_Init         stm32f4xx_gpio.o
    0x08000c06   0x00000046   Code   RO         1429    i.GPIO_PinAFConfig  stm32f4xx_gpio.o
    0x08000c4c   0x0000000a   Code   RO         3614    i.HCD_GetCurrentFrame  usb_hcd.o
    0x08000c56   0x00000014   Code   RO         3615    i.HCD_GetCurrentSpeed  usb_hcd.o
    0x08000c6a   0x0000000a   Code   RO         3617    i.HCD_GetURB_State  usb_hcd.o
    0x08000c74   0x0000000c   Code   RO         3618    i.HCD_GetXferCnt    usb_hcd.o
    0x08000c80   0x00000060   Code   RO         3620    i.HCD_Init          usb_hcd.o
    0x08000ce0   0x00000008   Code   RO         3621    i.HCD_IsDeviceConnected  usb_hcd.o
    0x08000ce8   0x0000000e   Code   RO         3622    i.HCD_ResetPort     usb_hcd.o
    0x08000cf6   0x00000020   Code   RO         3623    i.HCD_SubmitRequest  usb_hcd.o
    0x08000d16   0x00000002   PAD
    0x08000d18   0x0000038c   Code   RO            7    i.HandleDateEncoder  main.o
    0x080010a4   0x00000058   Code   RO          609    i.HardFault_Handler  stm32f4xx_it.o
    0x080010fc   0x000002a8   Code   RO          446    i.InitHardUart      bsp_uart_fifo.o
    0x080013a4   0x00000018   Code   RO          724    i.IsKeyDown1        bsp_key.o
    0x080013bc   0x00000016   Code   RO          725    i.IsKeyDown10       bsp_key.o
    0x080013d2   0x00000002   PAD
    0x080013d4   0x00000018   Code   RO          726    i.IsKeyDown2        bsp_key.o
    0x080013ec   0x00000018   Code   RO          727    i.IsKeyDown3        bsp_key.o
    0x08001404   0x00000018   Code   RO          728    i.IsKeyDown4        bsp_key.o
    0x0800141c   0x00000018   Code   RO          729    i.IsKeyDown5        bsp_key.o
    0x08001434   0x00000018   Code   RO          730    i.IsKeyDown6        bsp_key.o
    0x0800144c   0x00000018   Code   RO          731    i.IsKeyDown7        bsp_key.o
    0x08001464   0x00000018   Code   RO          732    i.IsKeyDown8        bsp_key.o
    0x0800147c   0x00000016   Code   RO          733    i.IsKeyDown9        bsp_key.o
    0x08001492   0x00000004   Code   RO          610    i.MemManage_Handler  stm32f4xx_it.o
    0x08001496   0x00000002   Code   RO          611    i.NMI_Handler       stm32f4xx_it.o
    0x08001498   0x00000078   Code   RO         1383    i.NVIC_Init         misc.o
    0x08001510   0x00000014   Code   RO         1384    i.NVIC_PriorityGroupConfig  misc.o
    0x08001524   0x00000014   Code   RO         1385    i.NVIC_SetVectorTable  misc.o
    0x08001538   0x00000010   Code   RO         3900    i.OTG_HS_IRQHandler  usbh_it.o
    0x08001548   0x00000002   Code   RO          612    i.PendSV_Handler    stm32f4xx_it.o
    0x0800154a   0x00000002   PAD
    0x0800154c   0x00000020   Code   RO          999    i.RCC_AHB1PeriphClockCmd  stm32f4xx_rcc.o
    0x0800156c   0x00000020   Code   RO         1005    i.RCC_AHB3PeriphClockCmd  stm32f4xx_rcc.o
    0x0800158c   0x00000020   Code   RO         1008    i.RCC_APB1PeriphClockCmd  stm32f4xx_rcc.o
    0x080015ac   0x00000020   Code   RO         1011    i.RCC_APB2PeriphClockCmd  stm32f4xx_rcc.o
    0x080015cc   0x000000e8   Code   RO         1020    i.RCC_GetClocksFreq  stm32f4xx_rcc.o
    0x080016b4   0x00000002   Code   RO          613    i.SVC_Handler       stm32f4xx_it.o
    0x080016b6   0x00000002   PAD
    0x080016b8   0x000001f0   Code   RO            8    i.SaveBuffer        main.o
    0x080018a8   0x00000080   Code   RO           10    i.SaveFile          main.o
    0x08001928   0x000000ec   Code   RO         2465    i.SetSysClock       system_stm32f4xx.o
    0x08001a14   0x00000008   Code   RO          334    i.SysTick_Handler   bsp_timer.o
    0x08001a1c   0x00000084   Code   RO          335    i.SysTick_ISR       bsp_timer.o
    0x08001aa0   0x00000068   Code   RO         2467    i.SystemInit        system_stm32f4xx.o
    0x08001b08   0x0000003a   Code   RO         1713    i.TI1_Config        stm32f4xx_tim.o
    0x08001b42   0x00000050   Code   RO         1714    i.TI2_Config        stm32f4xx_tim.o
    0x08001b92   0x00000048   Code   RO         1715    i.TI3_Config        stm32f4xx_tim.o
    0x08001bda   0x00000050   Code   RO         1716    i.TI4_Config        stm32f4xx_tim.o
    0x08001c2a   0x00000008   Code   RO         3901    i.TIM2_IRQHandler   usbh_it.o
    0x08001c32   0x00000002   PAD
    0x08001c34   0x00000054   Code   RO          953    i.TIM4_IRQHandler   bsp_encoder.o
    0x08001c88   0x00000018   Code   RO         1717    i.TIM_ARRPreloadConfig  stm32f4xx_tim.o
    0x08001ca0   0x00000006   Code   RO         1724    i.TIM_ClearITPendingBit  stm32f4xx_tim.o
    0x08001ca6   0x00000018   Code   RO         1729    i.TIM_Cmd           stm32f4xx_tim.o
    0x08001cbe   0x00000042   Code   RO         1738    i.TIM_EncoderInterfaceConfig  stm32f4xx_tim.o
    0x08001d00   0x00000022   Code   RO         1750    i.TIM_GetITStatus   stm32f4xx_tim.o
    0x08001d22   0x0000006e   Code   RO         1752    i.TIM_ICInit        stm32f4xx_tim.o
    0x08001d90   0x00000012   Code   RO         1753    i.TIM_ICStructInit  stm32f4xx_tim.o
    0x08001da2   0x00000012   Code   RO         1754    i.TIM_ITConfig      stm32f4xx_tim.o
    0x08001db4   0x00000004   Code   RO         1795    i.TIM_SetCounter    stm32f4xx_tim.o
    0x08001db8   0x00000012   Code   RO         1796    i.TIM_SetIC1Prescaler  stm32f4xx_tim.o
    0x08001dca   0x0000001a   Code   RO         1797    i.TIM_SetIC2Prescaler  stm32f4xx_tim.o
    0x08001de4   0x00000012   Code   RO         1798    i.TIM_SetIC3Prescaler  stm32f4xx_tim.o
    0x08001df6   0x0000001a   Code   RO         1799    i.TIM_SetIC4Prescaler  stm32f4xx_tim.o
    0x08001e10   0x00000084   Code   RO         1801    i.TIM_TimeBaseInit  stm32f4xx_tim.o
    0x08001e94   0x00000010   Code   RO          447    i.USART1_IRQHandler  bsp_uart_fifo.o
    0x08001ea4   0x00000010   Code   RO          448    i.USART2_IRQHandler  bsp_uart_fifo.o
    0x08001eb4   0x00000010   Code   RO          449    i.USART3_IRQHandler  bsp_uart_fifo.o
    0x08001ec4   0x0000000c   Code   RO          450    i.USART3_SendBefor  bsp_uart_fifo.o
    0x08001ed0   0x0000000c   Code   RO          451    i.USART3_SendOver   bsp_uart_fifo.o
    0x08001edc   0x00000010   Code   RO          452    i.USART6_IRQHandler  bsp_uart_fifo.o
    0x08001eec   0x00000012   Code   RO         1525    i.USART_ClearFlag   stm32f4xx_usart.o
    0x08001efe   0x00000018   Code   RO         1529    i.USART_Cmd         stm32f4xx_usart.o
    0x08001f16   0x00000054   Code   RO         1533    i.USART_GetITStatus  stm32f4xx_usart.o
    0x08001f6a   0x0000004a   Code   RO         1535    i.USART_ITConfig    stm32f4xx_usart.o
    0x08001fb4   0x000000d4   Code   RO         1536    i.USART_Init        stm32f4xx_usart.o
    0x08002088   0x0000000a   Code   RO         1543    i.USART_ReceiveData  stm32f4xx_usart.o
    0x08002092   0x00000008   Code   RO         1546    i.USART_SendData    stm32f4xx_usart.o
    0x0800209a   0x00000026   Code   RO         3130    i.USBH_Alloc_Channel  usbh_hcs.o
    0x080020c0   0x00000060   Code   RO         3179    i.USBH_BulkReceiveData  usbh_ioreq.o
    0x08002120   0x0000005e   Code   RO         3180    i.USBH_BulkSendData  usbh_ioreq.o
    0x0800217e   0x0000004c   Code   RO         3258    i.USBH_ClrFeature   usbh_stdreq.o
    0x080021ca   0x0000000c   Code   RO         3057    i.USBH_Connected    usbh_core.o
    0x080021d6   0x00000046   Code   RO         3181    i.USBH_CtlReceiveData  usbh_ioreq.o
    0x0800221c   0x00000064   Code   RO         3182    i.USBH_CtlReq       usbh_ioreq.o
    0x08002280   0x0000006e   Code   RO         3183    i.USBH_CtlSendData  usbh_ioreq.o
    0x080022ee   0x00000042   Code   RO         3184    i.USBH_CtlSendSetup  usbh_ioreq.o
    0x08002330   0x0000001c   Code   RO         3131    i.USBH_DeAllocate_AllChannel  usbh_hcs.o
    0x0800234c   0x0000003a   Code   RO         3058    i.USBH_DeInit       usbh_core.o
    0x08002386   0x0000000c   Code   RO         3059    i.USBH_Disconnected  usbh_core.o
    0x08002392   0x0000002e   Code   RO         3060    i.USBH_ErrorHandle  usbh_core.o
    0x080023c0   0x0000001e   Code   RO         3132    i.USBH_Free_Channel  usbh_hcs.o
    0x080023de   0x00000044   Code   RO         3259    i.USBH_GetDescriptor  usbh_stdreq.o
    0x08002422   0x00000028   Code   RO         3133    i.USBH_GetFreeChannel  usbh_hcs.o
    0x0800244a   0x00000012   Code   RO         3260    i.USBH_GetNextDesc  usbh_stdreq.o
    0x0800245c   0x0000005c   Code   RO         3261    i.USBH_Get_CfgDesc  usbh_stdreq.o
    0x080024b8   0x00000038   Code   RO         3262    i.USBH_Get_DevDesc  usbh_stdreq.o
    0x080024f0   0x0000003c   Code   RO         3263    i.USBH_Get_StringDesc  usbh_stdreq.o
    0x0800252c   0x00000224   Code   RO         3061    i.USBH_HandleControl  usbh_core.o
    0x08002750   0x000001dc   Code   RO         3062    i.USBH_HandleEnum   usbh_core.o
    0x0800292c   0x00000044   Code   RO         3063    i.USBH_Init         usbh_core.o
    0x08002970   0x00000024   Code   RO         2943    i.USBH_MSC_BOTReset  usbh_msc_core.o
    0x08002994   0x00000060   Code   RO         2888    i.USBH_MSC_BOT_Abort  usbh_msc_bot.o
    0x080029f4   0x00000014   Code   RO         2944    i.USBH_MSC_ClassRequest  usbh_msc_core.o
    0x08002a08   0x00000080   Code   RO         2889    i.USBH_MSC_DecodeCSW  usbh_msc_bot.o
    0x08002a88   0x00000044   Code   RO         2945    i.USBH_MSC_ErrorHandle  usbh_msc_core.o
    0x08002acc   0x0000002c   Code   RO         2946    i.USBH_MSC_GETMaxLUN  usbh_msc_core.o
    0x08002af8   0x000001a8   Code   RO         2947    i.USBH_MSC_Handle   usbh_msc_core.o
    0x08002ca0   0x00000350   Code   RO         2890    i.USBH_MSC_HandleBOTXfer  usbh_msc_bot.o
    0x08002ff0   0x00000044   Code   RO         2891    i.USBH_MSC_Init     usbh_msc_bot.o
    0x08003034   0x0000004c   Code   RO         2948    i.USBH_MSC_InterfaceDeInit  usbh_msc_core.o
    0x08003080   0x000000d0   Code   RO         2949    i.USBH_MSC_InterfaceInit  usbh_msc_core.o
    0x08003150   0x000000d0   Code   RO         3000    i.USBH_MSC_ModeSense6  usbh_msc_scsi.o
    0x08003220   0x00000100   Code   RO         3001    i.USBH_MSC_Read10   usbh_msc_scsi.o
    0x08003320   0x000000dc   Code   RO         3002    i.USBH_MSC_ReadCapacity10  usbh_msc_scsi.o
    0x080033fc   0x000000e0   Code   RO         3003    i.USBH_MSC_RequestSense  usbh_msc_scsi.o
    0x080034dc   0x000000b0   Code   RO         3004    i.USBH_MSC_TestUnitReady  usbh_msc_scsi.o
    0x0800358c   0x000000e4   Code   RO         3005    i.USBH_MSC_Write10  usbh_msc_scsi.o
    0x08003670   0x00000064   Code   RO         3134    i.USBH_Modify_Channel  usbh_hcs.o
    0x080036d4   0x000000a8   Code   RO         3358    i.USBH_OTG_ISR_Handler  usb_hcd_int.o
    0x0800377c   0x0000009a   Code   RO         3135    i.USBH_Open_Channel  usbh_hcs.o
    0x08003816   0x00000002   PAD
    0x08003818   0x0000011c   Code   RO         3264    i.USBH_ParseCfgDesc  usbh_stdreq.o
    0x08003934   0x00000058   Code   RO         3265    i.USBH_ParseDevDesc  usbh_stdreq.o
    0x0800398c   0x00000020   Code   RO         3266    i.USBH_ParseEPDesc  usbh_stdreq.o
    0x080039ac   0x00000026   Code   RO         3267    i.USBH_ParseInterfaceDesc  usbh_stdreq.o
    0x080039d2   0x00000036   Code   RO         3268    i.USBH_ParseStringDesc  usbh_stdreq.o
    0x08003a08   0x00000198   Code   RO         3064    i.USBH_Process      usbh_core.o
    0x08003ba0   0x00000006   Code   RO         3065    i.USBH_SOF          usbh_core.o
    0x08003ba6   0x00000026   Code   RO         3269    i.USBH_SetAddress   usbh_stdreq.o
    0x08003bcc   0x00000026   Code   RO         3270    i.USBH_SetCfg       usbh_stdreq.o
    0x08003bf2   0x00000018   Code   RO         3189    i.USBH_SubmitSetupRequest  usbh_ioreq.o
    0x08003c0a   0x00000002   PAD
    0x08003c0c   0x00000034   Code   RO         3688    i.USBH_USR_Configuration_DescAvailable  usbh_usr.o
    0x08003c40   0x00000002   Code   RO         3689    i.USBH_USR_DeInit   usbh_usr.o
    0x08003c42   0x00000002   Code   RO         3690    i.USBH_USR_DeviceAddressAssigned  usbh_usr.o
    0x08003c44   0x00000010   Code   RO         3691    i.USBH_USR_DeviceAttached  usbh_usr.o
    0x08003c54   0x00000010   Code   RO         3692    i.USBH_USR_DeviceDisconnected  usbh_usr.o
    0x08003c64   0x00000028   Code   RO         3693    i.USBH_USR_DeviceNotSupported  usbh_usr.o
    0x08003c8c   0x00000040   Code   RO         3694    i.USBH_USR_DeviceSpeedDetected  usbh_usr.o
    0x08003ccc   0x00000038   Code   RO         3695    i.USBH_USR_Device_DescAvailable  usbh_usr.o
    0x08003d04   0x00000010   Code   RO         3696    i.USBH_USR_EnumerationDone  usbh_usr.o
    0x08003d14   0x00000080   Code   RO         3697    i.USBH_USR_Init     usbh_usr.o
    0x08003d94   0x00000004   Code   RO         3698    i.USBH_USR_MSC_Application  usbh_usr.o
    0x08003d98   0x00000028   Code   RO         3699    i.USBH_USR_Manufacturer_String  usbh_usr.o
    0x08003dc0   0x00000028   Code   RO         3700    i.USBH_USR_OverCurrentDetected  usbh_usr.o
    0x08003de8   0x00000024   Code   RO         3701    i.USBH_USR_Product_String  usbh_usr.o
    0x08003e0c   0x00000028   Code   RO         3702    i.USBH_USR_ResetDevice  usbh_usr.o
    0x08003e34   0x00000028   Code   RO         3703    i.USBH_USR_SerialNum_String  usbh_usr.o
    0x08003e5c   0x00000010   Code   RO         3704    i.USBH_USR_UnrecoveredError  usbh_usr.o
    0x08003e6c   0x00000004   Code   RO         3705    i.USBH_USR_UserInput  usbh_usr.o
    0x08003e70   0x00000002   Code   RO         3828    i.USB_OTG_BSP_ConfigVBUS  usb_bsp.o
    0x08003e72   0x00000002   Code   RO         3829    i.USB_OTG_BSP_DriveVBUS  usb_bsp.o
    0x08003e74   0x0000002c   Code   RO         3830    i.USB_OTG_BSP_EnableInterrupt  usb_bsp.o
    0x08003ea0   0x0000004c   Code   RO         3831    i.USB_OTG_BSP_Init  usb_bsp.o
    0x08003eec   0x00000038   Code   RO         3832    i.USB_OTG_BSP_TimeInit  usb_bsp.o
    0x08003f24   0x00000038   Code   RO         3833    i.USB_OTG_BSP_TimerIRQ  usb_bsp.o
    0x08003f5c   0x0000000e   Code   RO         3834    i.USB_OTG_BSP_mDelay  usb_bsp.o
    0x08003f6a   0x0000000e   Code   RO         3835    i.USB_OTG_BSP_uDelay  usb_bsp.o
    0x08003f78   0x00000132   Code   RO         3428    i.USB_OTG_CoreInit  usb_core.o
    0x080040aa   0x000000da   Code   RO         3429    i.USB_OTG_CoreInitHost  usb_core.o
    0x08004184   0x00000070   Code   RO         3430    i.USB_OTG_CoreReset  usb_core.o
    0x080041f4   0x00000022   Code   RO         3431    i.USB_OTG_DisableGlobalInt  usb_core.o
    0x08004216   0x0000005c   Code   RO         3432    i.USB_OTG_DriveVbus  usb_core.o
    0x08004272   0x00000034   Code   RO         3433    i.USB_OTG_EnableCommonInt  usb_core.o
    0x080042a6   0x00000022   Code   RO         3434    i.USB_OTG_EnableGlobalInt  usb_core.o
    0x080042c8   0x00000074   Code   RO         3435    i.USB_OTG_EnableHostInt  usb_core.o
    0x0800433c   0x0000004c   Code   RO         3436    i.USB_OTG_FlushRxFifo  usb_core.o
    0x08004388   0x00000054   Code   RO         3437    i.USB_OTG_FlushTxFifo  usb_core.o
    0x080043dc   0x0000000c   Code   RO         3438    i.USB_OTG_GetMode   usb_core.o
    0x080043e8   0x0000005a   Code   RO         3439    i.USB_OTG_HC_DoPing  usb_core.o
    0x08004442   0x00000082   Code   RO         3440    i.USB_OTG_HC_Halt   usb_core.o
    0x080044c4   0x00000238   Code   RO         3441    i.USB_OTG_HC_Init   usb_core.o
    0x080046fc   0x000001f6   Code   RO         3442    i.USB_OTG_HC_StartXfer  usb_core.o
    0x080048f2   0x00000018   Code   RO         3443    i.USB_OTG_InitFSLSPClkSel  usb_core.o
    0x0800490a   0x00000010   Code   RO         3445    i.USB_OTG_IsEvenFrame  usb_core.o
    0x0800491a   0x00000014   Code   RO         3446    i.USB_OTG_IsHostMode  usb_core.o
    0x0800492e   0x00000010   Code   RO         3447    i.USB_OTG_ReadCoreItr  usb_core.o
    0x0800493e   0x00000030   Code   RO         3448    i.USB_OTG_ReadHPRT0  usb_core.o
    0x0800496e   0x00000008   Code   RO         3449    i.USB_OTG_ReadHostAllChannels_intr  usb_core.o
    0x08004976   0x00000028   Code   RO         3451    i.USB_OTG_ReadPacket  usb_core.o
    0x0800499e   0x00000040   Code   RO         3452    i.USB_OTG_ResetPort  usb_core.o
    0x080049de   0x00000002   PAD
    0x080049e0   0x000000d8   Code   RO         3453    i.USB_OTG_SelectCore  usb_core.o
    0x08004ab8   0x0000004e   Code   RO         3454    i.USB_OTG_SetCurrentMode  usb_core.o
    0x08004b06   0x00000002   PAD
    0x08004b08   0x0000002c   Code   RO         3359    i.USB_OTG_USBH_handle_Disconnect_ISR  usb_hcd_int.o
    0x08004b34   0x00000046   Code   RO         3360    i.USB_OTG_USBH_handle_IncompletePeriodicXfer_ISR  usb_hcd_int.o
    0x08004b7a   0x00000056   Code   RO         3361    i.USB_OTG_USBH_handle_hc_ISR  usb_hcd_int.o
    0x08004bd0   0x0000042a   Code   RO         3362    i.USB_OTG_USBH_handle_hc_n_In_ISR  usb_hcd_int.o
    0x08004ffa   0x000003d0   Code   RO         3363    i.USB_OTG_USBH_handle_hc_n_Out_ISR  usb_hcd_int.o
    0x080053ca   0x0000012e   Code   RO         3364    i.USB_OTG_USBH_handle_nptxfempty_ISR  usb_hcd_int.o
    0x080054f8   0x00000120   Code   RO         3365    i.USB_OTG_USBH_handle_port_ISR  usb_hcd_int.o
    0x08005618   0x0000012e   Code   RO         3366    i.USB_OTG_USBH_handle_ptxfempty_ISR  usb_hcd_int.o
    0x08005746   0x00000164   Code   RO         3367    i.USB_OTG_USBH_handle_rx_qlvl_ISR  usb_hcd_int.o
    0x080058aa   0x00000002   PAD
    0x080058ac   0x0000002c   Code   RO         3368    i.USB_OTG_USBH_handle_sof_ISR  usb_hcd_int.o
    0x080058d8   0x00000040   Code   RO         3456    i.USB_OTG_WritePacket  usb_core.o
    0x08005918   0x000000e6   Code   RO          454    i.UartIRQ           bsp_uart_fifo.o
    0x080059fe   0x00000002   PAD
    0x08005a00   0x000000f0   Code   RO          455    i.UartIRQ1          bsp_uart_fifo.o
    0x08005af0   0x00000072   Code   RO          456    i.UartSend          bsp_uart_fifo.o
    0x08005b62   0x00000002   PAD
    0x08005b64   0x000000f8   Code   RO          457    i.UartVarInit       bsp_uart_fifo.o
    0x08005c5c   0x00000004   Code   RO          614    i.UsageFault_Handler  stm32f4xx_it.o
    0x08005c60   0x00000020   Code   RO         4137    i.__0printf$8       mc_w.l(printf8.o)
    0x08005c80   0x00000028   Code   RO         4139    i.__0sprintf$8      mc_w.l(printf8.o)
    0x08005ca8   0x0000000e   Code   RO         4237    i.__scatterload_copy  mc_w.l(handlers.o)
    0x08005cb6   0x00000002   Code   RO         4238    i.__scatterload_null  mc_w.l(handlers.o)
    0x08005cb8   0x0000000e   Code   RO         4239    i.__scatterload_zeroinit  mc_w.l(handlers.o)
    0x08005cc6   0x00000006   Code   RO          336    i.__set_PRIMASK     bsp_timer.o
    0x08005ccc   0x00000006   Code   RO          458    i.__set_PRIMASK     bsp_uart_fifo.o
    0x08005cd2   0x00000002   PAD
    0x08005cd4   0x00000410   Code   RO         4144    i._printf_core      mc_w.l(printf8.o)
    0x080060e4   0x00000024   Code   RO         4145    i._printf_post_padding  mc_w.l(printf8.o)
    0x08006108   0x0000002e   Code   RO         4146    i._printf_pre_padding  mc_w.l(printf8.o)
    0x08006136   0x0000000a   Code   RO         4148    i._sputc            mc_w.l(printf8.o)
    0x08006140   0x00000034   Code   RO          337    i.bsp_CheckTimer    bsp_timer.o
    0x08006174   0x000000cc   Code   RO          735    i.bsp_DetectKey     bsp_key.o
    0x08006240   0x00000002   Code   RO          686    i.bsp_Idle          bsp.o
    0x08006242   0x00000010   Code   RO          687    i.bsp_Init          bsp.o
    0x08006252   0x00000002   PAD
    0x08006254   0x00000028   Code   RO          865    i.bsp_InitAD7606    bsp_ad7606.o
    0x0800627c   0x00000008   Code   RO          739    i.bsp_InitKey       bsp_key.o
    0x08006284   0x000000d4   Code   RO          741    i.bsp_InitKeyVar    bsp_key.o
    0x08006358   0x00000098   Code   RO          341    i.bsp_InitTimer     bsp_timer.o
    0x080063f0   0x00000010   Code   RO          459    i.bsp_InitUart      bsp_uart_fifo.o
    0x08006400   0x00000016   Code   RO          742    i.bsp_KeyScan       bsp_key.o
    0x08006416   0x00000002   PAD
    0x08006418   0x00000020   Code   RO          743    i.bsp_PutKey        bsp_key.o
    0x08006438   0x00000008   Code   RO          688    i.bsp_RunPer10ms    bsp.o
    0x08006440   0x00000002   Code   RO          689    i.bsp_RunPer1ms     bsp.o
    0x08006442   0x0000001c   Code   RO          342    i.bsp_SoftTimerDec  bsp_timer.o
    0x0800645e   0x00000002   PAD
    0x08006460   0x000000a8   Code   RO          343    i.bsp_StartAutoTimer  bsp_timer.o
    0x08006508   0x00000098   Code   RO          345    i.bsp_StopTimer     bsp_timer.o
    0x080065a0   0x00000090   Code   RO         2500    i.check_fs          ff.o
    0x08006630   0x00000018   Code   RO         2501    i.chk_chr           ff.o
    0x08006648   0x0000008c   Code   RO         2502    i.chk_lock          ff.o
    0x080066d4   0x000003a8   Code   RO         2503    i.chk_mounted       ff.o
    0x08006a7c   0x00000030   Code   RO         2504    i.clear_lock        ff.o
    0x08006aac   0x0000001a   Code   RO         2505    i.clust2sect        ff.o
    0x08006ac6   0x00000002   PAD
    0x08006ac8   0x00000090   Code   RO         2506    i.cmp_lfn           ff.o
    0x08006b58   0x0000002e   Code   RO          463    i.comSendBuf        bsp_uart_fifo.o
    0x08006b86   0x00000010   Code   RO          464    i.comSendChar       bsp_uart_fifo.o
    0x08006b96   0x00000024   Code   RO          465    i.comSendHalfword   bsp_uart_fifo.o
    0x08006bba   0x00000020   Code   RO          466    i.comSendword       bsp_uart_fifo.o
    0x08006bda   0x000000ca   Code   RO         2507    i.create_chain      ff.o
    0x08006ca4   0x00000274   Code   RO         2508    i.create_name       ff.o
    0x08006f18   0x0000004c   Code   RO         2509    i.dec_lock          ff.o
    0x08006f64   0x00000028   Code   RO           11    i.delay_us          main.o
    0x08006f8c   0x00000056   Code   RO         2510    i.dir_alloc         ff.o
    0x08006fe2   0x000000de   Code   RO         2511    i.dir_find          ff.o
    0x080070c0   0x00000114   Code   RO         2512    i.dir_next          ff.o
    0x080071d4   0x00000136   Code   RO         2514    i.dir_register      ff.o
    0x0800730a   0x0000009c   Code   RO         2516    i.dir_sdi           ff.o
    0x080073a6   0x00000002   PAD
    0x080073a8   0x00000024   Code   RO         2806    i.disk_initialize   diskio.o
    0x080073cc   0x0000004c   Code   RO         2807    i.disk_ioctl        diskio.o
    0x08007418   0x00000060   Code   RO         2808    i.disk_read         diskio.o
    0x08007478   0x00000010   Code   RO         2809    i.disk_status       diskio.o
    0x08007488   0x00000060   Code   RO         2810    i.disk_write        diskio.o
    0x080074e8   0x00000028   Code   RO         2517    i.enq_lock          ff.o
    0x08007510   0x00000020   Code   RO         2519    i.f_close           ff.o
    0x08007530   0x000001ae   Code   RO         2521    i.f_lseek           ff.o
    0x080076de   0x00000166   Code   RO         2522    i.f_mkdir           ff.o
    0x08007844   0x00000034   Code   RO         2523    i.f_mount           ff.o
    0x08007878   0x000001a0   Code   RO         2524    i.f_open            ff.o
    0x08007a18   0x00000078   Code   RO         2525    i.f_opendir         ff.o
    0x08007a90   0x000000b0   Code   RO         2530    i.f_sync            ff.o
    0x08007b40   0x0000020c   Code   RO         2534    i.f_write           ff.o
    0x08007d4c   0x0000007c   Code   RO         2854    i.ff_convert        cc936.o
    0x08007dc8   0x00000038   Code   RO         2855    i.ff_wtoupper       cc936.o
    0x08007e00   0x00000080   Code   RO         2535    i.fit_lfn           ff.o
    0x08007e80   0x00000094   Code   RO         2536    i.follow_path       ff.o
    0x08007f14   0x00000012   Code   RO          468    i.fputc             bsp_uart_fifo.o
    0x08007f26   0x000000be   Code   RO         2537    i.gen_numname       ff.o
    0x08007fe4   0x000000e4   Code   RO         2538    i.get_fat           ff.o
    0x080080c8   0x00000008   Code   RO         2811    i.get_fattime       diskio.o
    0x080080d0   0x000000dc   Code   RO         2540    i.inc_lock          ff.o
    0x080081ac   0x00000020   Code   RO         2541    i.ld_clust          ff.o
    0x080081cc   0x00000068   Code   RO           12    i.main              main.o
    0x08008234   0x00000026   Code   RO         2542    i.mem_cmp           ff.o
    0x0800825a   0x0000001a   Code   RO         2543    i.mem_cpy           ff.o
    0x08008274   0x00000014   Code   RO         2544    i.mem_set           ff.o
    0x08008288   0x00000032   Code   RO         2545    i.move_window       ff.o
    0x080082ba   0x00000136   Code   RO         2547    i.put_fat           ff.o
    0x080083f0   0x00000068   Code   RO         2548    i.remove_chain      ff.o
    0x08008458   0x00000010   Code   RO         2549    i.st_clust          ff.o
    0x08008468   0x00000020   Code   RO         2550    i.sum_sfn           ff.o
    0x08008488   0x000000c8   Code   RO         2551    i.sync_fs           ff.o
    0x08008550   0x00000052   Code   RO         2552    i.sync_window       ff.o
    0x080085a2   0x00000036   Code   RO         2553    i.validate          ff.o
    0x080085d8   0x00000030   Data   RO          347    .constdata          bsp_timer.o
    0x08008608   0x0000000d   Data   RO         2555    .constdata          ff.o
    0x08008615   0x00000001   PAD
    0x08008616   0x0002acc8   Data   RO         2856    .constdata          cc936.o
    0x080332de   0x000001a9   Data   RO         3707    .constdata          usbh_usr.o
    0x08033487   0x00000001   PAD
    0x08033488   0x00000020   Data   RO         4235    Region$$Table       anon$$obj.o


    Execution Region RW_IRAM1 (Base: 0x20000000, Size: 0x0000b6b8, Max: 0x00020000, ABSOLUTE, COMPRESSED[0x00000098])

    Base Addr    Size         Type   Attr      Idx    E Section Name        Object

    0x20000000   0x0000005c   Data   RW           14    .data               main.o
    0x2000005c   0x0000000d   Data   RW          348    .data               bsp_timer.o
    0x20000069   0x00000001   PAD
    0x2000006a   0x0000000b   Data   RW          470    .data               bsp_uart_fifo.o
    0x20000075   0x00000001   Data   RW          867    .data               bsp_ad7606.o
    0x20000076   0x00000002   PAD
    0x20000078   0x00000008   Data   RW          954    .data               bsp_encoder.o
    0x20000080   0x00000010   Data   RW         1051    .data               stm32f4xx_rcc.o
    0x20000090   0x00000014   Data   RW         2468    .data               system_stm32f4xx.o
    0x200000a4   0x00000002   Data   RW         2556    .data               ff.o
    0x200000a6   0x00000002   PAD
    0x200000a8   0x00000011   Data   RW         2893    .data               usbh_msc_bot.o
    0x200000b9   0x00000003   PAD
    0x200000bc   0x0000001d   Data   RW         2951    .data               usbh_msc_core.o
    0x200000d9   0x00000001   Data   RW         3007    .data               usbh_msc_scsi.o
    0x200000da   0x00000002   PAD
    0x200000dc   0x00000012   Data   RW         3066    .data               usbh_core.o
    0x200000ee   0x00000003   Data   RW         3273    .data               usbh_stdreq.o
    0x200000f1   0x00000003   PAD
    0x200000f4   0x00000049   Data   RW         3708    .data               usbh_usr.o
    0x2000013d   0x00000003   PAD
    0x20000140   0x00000008   Data   RW         3836    .data               usb_bsp.o
    0x20000148   0x00000004   Data   RW         4213    .data               mc_w.l(stdout.o)
    0x2000014c   0x00000510   Zero   RW           13    .bss                main.o
    0x2000065c   0x00000030   Zero   RW          346    .bss                bsp_timer.o
    0x2000068c   0x000020a0   Zero   RW          469    .bss                bsp_uart_fifo.o
    0x2000272c   0x000000ad   Zero   RW          745    .bss                bsp_key.o
    0x200027d9   0x00000001   PAD
    0x200027da   0x0000401c   Zero   RW          866    .bss                bsp_ad7606.o
    0x200067f6   0x00000002   PAD
    0x200067f8   0x00000030   Zero   RW         2554    .bss                ff.o
    0x20006828   0x00000040   Zero   RW         2892    .bss                usbh_msc_bot.o
    0x20006868   0x0000020a   Zero   RW         2950    .bss                usbh_msc_core.o
    0x20006a72   0x00000002   PAD
    0x20006a74   0x00000410   Zero   RW         3006    .bss                usbh_msc_scsi.o
    0x20006e84   0x00000200   Zero   RW         3272    .bss                usbh_stdreq.o
    0x20007084   0x00000630   Zero   RW         3706    .bss                usbh_usr.o
    0x200076b4   0x00000004   PAD
    0x200076b8   0x00004000   Zero   RW          990    STACK               startup_stm32f40_41xxx.o


==============================================================================

Image component sizes


      Code (inc. data)   RO Data    RW Data    ZI Data      Debug   Object Name

        28          0          0          0          0       1915   bsp.o
      1014         84          0          1      16412       7288   bsp_ad7606.o
       332         20          0          8          0       2616   bsp_encoder.o
       714        106          0          0        173       8997   bsp_key.o
       698        212         48         13         48      36363   bsp_timer.o
      1944        162          0         11       8352      14731   bsp_uart_fifo.o
       180         18     175304          0          0       2663   cc936.o
       328         34          0          0          0       4484   diskio.o
      7444         88         13          2         48      37947   ff.o
      1820        244          0         92       1296     322805   main.o
       160         32          0          0          0       2345   misc.o
        36          8        392          0      16384        936   startup_stm32f40_41xxx.o
       184         16          0          0          0       2356   stm32f4xx_exti.o
       282          6          0          0          0       2013   stm32f4xx_fsmc.o
       214          0          0          0          0       1971   stm32f4xx_gpio.o
       108         50          0          0          0       4040   stm32f4xx_it.o
       360         42          0         16          0       5592   stm32f4xx_rcc.o
       814         28          0          0          0      13175   stm32f4xx_tim.o
       430          8          0          0          0       5885   stm32f4xx_usart.o
       340         32          0         20          0       1933   system_stm32f4xx.o
       414         16          0          8          0       6516   usb_bsp.o
      3020         18          0          0          0      19799   usb_core.o
       202          0          0          0          0       5555   usb_hcd.o
      3702         16          0          0          0      10879   usb_hcd_int.o
      1634         42          0         18          0       9497   usbh_core.o
       390          0          0          0          0       4876   usbh_hcs.o
       560          0          0          0          0       5942   usbh_ioreq.o
        24          6          0          0          0       1034   usbh_it.o
      1140        100          0         17         64      14873   usbh_msc_bot.o
       876         62          0         29        522       7001   usbh_msc_core.o
      1312         88          0          1       1040       7648   usbh_msc_scsi.o
       942         14          0          3        512      10993   usbh_stdreq.o
       612        342        425         73       1584      12021   usbh_usr.o

    ----------------------------------------------------------------------
     32298       1894     176216        328      46444     596689   Object Totals
         0          0         32          0          0          0   (incl. Generated)
        40          0          2         16          9          0   (incl. Padding)

    ----------------------------------------------------------------------

      Code (inc. data)   RO Data    RW Data    ZI Data      Debug   Library Member Name

        86          0          0          0          0          0   __dczerorl2.o
         0          0          0          0          0          0   entry.o
         0          0          0          0          0          0   entry10a.o
         0          0          0          0          0          0   entry11a.o
         8          4          0          0          0          0   entry2.o
         4          0          0          0          0          0   entry5.o
         0          0          0          0          0          0   entry7b.o
         0          0          0          0          0          0   entry8b.o
         8          4          0          0          0          0   entry9a.o
        30          0          0          0          0          0   handlers.o
        36          8          0          0          0         68   init.o
        30          0          0          0          0         68   llshl.o
        32          0          0          0          0         68   llushr.o
        36          0          0          0          0        108   memseta.o
      1204         60          0          0          0        504   printf8.o
         0          0          0          4          0          0   stdout.o
        98          0          0          0          0         92   uldiv.o

    ----------------------------------------------------------------------
      1574         76          0          4          0        908   Library Totals
         2          0          0          0          0          0   (incl. Padding)

    ----------------------------------------------------------------------

      Code (inc. data)   RO Data    RW Data    ZI Data      Debug   Library Name

      1572         76          0          4          0        908   mc_w.l

    ----------------------------------------------------------------------
      1574         76          0          4          0        908   Library Totals

    ----------------------------------------------------------------------

==============================================================================


      Code (inc. data)   RO Data    RW Data    ZI Data      Debug   

     33872       1970     176216        332      46444     568665   Grand Totals
     33872       1970     176216        152      46444     568665   ELF Image Totals (compressed)
     33872       1970     176216        152          0          0   ROM Totals

==============================================================================

    Total RO  Size (Code + RO Data)               210088 ( 205.16kB)
    Total RW  Size (RW Data + ZI Data)             46776 (  45.68kB)
    Total ROM Size (Code + RO Data + RW Data)     210240 ( 205.31kB)

==============================================================================

