Component: ARM Compiler 5.06 update 1 (build 61) Tool: armlink [4d35a8]

==============================================================================

Section Cross References

    main.o(i.AD7606_Array) refers to main.o(i.AD7606_Filter) for AD7606_Filter
    main.o(i.AD7606_Array) refers to main.o(.bss) for chan
    main.o(i.AD7606_Array) refers to main.o(.data) for count
    main.o(i.AD7606_Array_1) refers to main.o(i.AD7606_Filter_1) for AD7606_Filter_1
    main.o(i.AD7606_Array_1) refers to main.o(.data) for sum_lb
    main.o(i.AD7606_Array_1) refers to main.o(.bss) for value_buf6
    main.o(i.AD7606_Filter) refers to memseta.o(.text) for __aeabi_memclr4
    main.o(i.AD7606_Filter) refers to memcpya.o(.text) for __aeabi_memcpy
    main.o(i.AD7606_Filter) refers to main.o(.bss) for value_buf0
    main.o(i.AD7606_Filter_1) refers to memseta.o(.text) for __aeabi_memclr4
    main.o(i.AD7606_Filter_1) refers to memcpya.o(.text) for __aeabi_memcpy
    main.o(i.AD7606_Filter_1) refers to main.o(.bss) for value_buf6
    main.o(i.AD7606_Filter_1) refers to main.o(.data) for sum_lb
    main.o(i.bartworth) refers to dflti.o(.text) for __aeabi_i2d
    main.o(i.bartworth) refers to dmul.o(.text) for __aeabi_dmul
    main.o(i.bartworth) refers to dadd.o(.text) for __aeabi_dadd
    main.o(i.bartworth) refers to main.o(.data) for bart_count
    main.o(i.bartworth) refers to main.o(.bss) for bart_x
    main.o(i.bartworth) refers to dfixi.o(.text) for __aeabi_d2iz
    main.o(i.main) refers to main.o(i.delay_us) for delay_us
    main.o(i.main) refers to memcpya.o(.text) for __aeabi_memcpy4
    main.o(i.main) refers to bsp.o(i.bsp_Init) for bsp_Init
    main.o(i.main) refers to usbh_core.o(i.USBH_Init) for USBH_Init
    main.o(i.main) refers to bsp_ad7606.o(i.bsp_InitAD7606) for bsp_InitAD7606
    main.o(i.main) refers to bsp_ad7606.o(i.AD7606_SetOS) for AD7606_SetOS
    main.o(i.main) refers to bsp_ad7606.o(i.AD7606_SetInputRange) for AD7606_SetInputRange
    main.o(i.main) refers to bsp_ad7606.o(i.AD7606_StartConvst) for AD7606_StartConvst
    main.o(i.main) refers to bsp_encoder.o(i.Encoder_Init) for Encoder_Init
    main.o(i.main) refers to bsp.o(i.bsp_Idle) for bsp_Idle
    main.o(i.main) refers to usbh_core.o(i.USBH_Process) for USBH_Process
    main.o(i.main) refers to bsp_timer.o(i.bsp_StartAutoTimer) for bsp_StartAutoTimer
    main.o(i.main) refers to bsp_timer.o(i.bsp_StopTimer) for bsp_StopTimer
    main.o(i.main) refers to bsp_ad7606.o(i.AD7606_StopRecord) for AD7606_StopRecord
    main.o(i.main) refers to ff.o(i.f_close) for f_close
    main.o(i.main) refers to bsp_timer.o(i.bsp_CheckTimer) for bsp_CheckTimer
    main.o(i.main) refers to bsp_ad7606.o(i.AD7606_ReadNowAdc) for AD7606_ReadNowAdc
    main.o(i.main) refers to ff.o(i.f_mount) for f_mount
    main.o(i.main) refers to ff.o(i.f_opendir) for f_opendir
    main.o(i.main) refers to ff.o(i.f_open) for f_open
    main.o(i.main) refers to ff.o(i.f_lseek) for f_lseek
    main.o(i.main) refers to ff.o(i.f_write) for f_write
    main.o(i.main) refers to ff.o(i.f_sync) for f_sync
    main.o(i.main) refers to bsp_ad7606.o(i.AD7606_StartRecord) for AD7606_StartRecord
    main.o(i.main) refers to usbh_usr.o(.data) for USR_cb
    main.o(i.main) refers to usbh_msc_core.o(.data) for USBH_MSC_cb
    main.o(i.main) refers to usbh_usr.o(.bss) for USB_Host
    main.o(i.main) refers to bsp_uart_fifo.o(.data) for USART_RX_STA
    main.o(i.main) refers to bsp_ad7606.o(.bss) for g_tAD7606
    main.o(i.main) refers to main.o(.bss) for chan
    main.o(i.main) refers to main.o(i.bartworth) for bartworth
    main.o(i.main) refers to bsp_uart_fifo.o(i.comSendChar) for comSendChar
    main.o(i.main) refers to bsp_uart_fifo.o(i.comSendHalfword) for comSendHalfword
    main.o(i.main) refers to bsp_uart_fifo.o(i.comSendword) for comSendword
    main.o(i.main) refers to stm32f4xx_tim.o(i.TIM_GetCounter) for TIM_GetCounter
    main.o(i.main) refers to dflti.o(.text) for __aeabi_i2d
    main.o(i.main) refers to dmul.o(.text) for __aeabi_dmul
    main.o(i.main) refers to ddiv.o(.text) for __aeabi_ddiv
    main.o(i.main) refers to dfixi.o(.text) for __aeabi_d2iz
    main.o(i.main) refers to printf8.o(i.__0sprintf$8) for __2sprintf
    main.o(i.main) refers to main.o(.data) for sum
    main.o(i.main) refers to bsp_ad7606.o(.data) for biaozhi
    main.o(i.main) refers to bsp_encoder.o(.data) for circle_count
    main.o(i.main) refers to memseta.o(.text) for __aeabi_memclr
    demo_fatfs.o(i.CreateNewFile) refers to ff.o(i.f_mount) for f_mount
    demo_fatfs.o(i.CreateNewFile) refers to ff.o(i.f_opendir) for f_opendir
    demo_fatfs.o(i.CreateNewFile) refers to ff.o(i.f_open) for f_open
    demo_fatfs.o(i.CreateNewFile) refers to ff.o(i.f_write) for f_write
    demo_fatfs.o(i.CreateNewFile) refers to ff.o(i.f_close) for f_close
    demo_fatfs.o(i.DemoFatFS) refers to usbh_core.o(i.USBH_Init) for USBH_Init
    demo_fatfs.o(i.DemoFatFS) refers to bsp.o(i.bsp_Idle) for bsp_Idle
[...]
    .constdata                               0x08035712   Section      425  usbh_usr.o(.constdata)
    .data                                    0x20000000   Section      174  main.o(.data)
    .data                                    0x200000b0   Section       13  bsp_timer.o(.data)
    s_uiDelayCount                           0x200000b0   Data           4  bsp_timer.o(.data)
    s_ucTimeOutFlag                          0x200000b4   Data           1  bsp_timer.o(.data)
    s_count                                  0x200000bc   Data           1  bsp_timer.o(.data)
    .data                                    0x200000be   Section       11  bsp_uart_fifo.o(.data)
    g_TxBuf2                                 0x200000c8   Data           1  bsp_uart_fifo.o(.data)
    .data                                    0x200000c9   Section        1  bsp_ad7606.o(.data)
    .data                                    0x200000cc   Section        4  bsp_encoder.o(.data)
    .data                                    0x200000d0   Section       16  stm32f4xx_rcc.o(.data)
    APBAHBPrescTable                         0x200000d0   Data          16  stm32f4xx_rcc.o(.data)
    .data                                    0x200000e0   Section       20  system_stm32f4xx.o(.data)
    .data                                    0x200000f4   Section        2  ff.o(.data)
    Fsid                                     0x200000f4   Data           2  ff.o(.data)
    .data                                    0x200000f8   Section       17  usbh_msc_bot.o(.data)
    BOTStallErrorCount                       0x200000f8   Data           4  usbh_msc_bot.o(.data)
    remainingDataLength                      0x200000fc   Data           4  usbh_msc_bot.o(.data)
    datapointer                              0x20000100   Data           4  usbh_msc_bot.o(.data)
    datapointer_prev                         0x20000104   Data           4  usbh_msc_bot.o(.data)
    error_direction                          0x20000108   Data           1  usbh_msc_bot.o(.data)
    .data                                    0x2000010c   Section       29  usbh_msc_core.o(.data)
    maxLunExceed                             0x20000128   Data           1  usbh_msc_core.o(.data)
    .data                                    0x20000129   Section        1  usbh_msc_scsi.o(.data)
    status                                   0x20000129   Data           1  usbh_msc_scsi.o(.data)
    .data                                    0x2000012c   Section       18  usbh_core.o(.data)
    timeout                                  0x2000013c   Data           2  usbh_core.o(.data)
    .data                                    0x2000013e   Section        3  usbh_stdreq.o(.data)
    prev_ep_size                             0x2000013e   Data           2  usbh_stdreq.o(.data)
    prev_itf                                 0x20000140   Data           1  usbh_stdreq.o(.data)
    .data                                    0x20000144   Section       73  usbh_usr.o(.data)
    startup                                  0x2000018c   Data           1  usbh_usr.o(.data)
    .data                                    0x20000190   Section        8  usb_bsp.o(.data)
    .data                                    0x20000198   Section        4  stdout.o(.data)
    .bss                                     0x200001a0   Section      288  main.o(.bss)
    value_buf0                               0x200001a0   Data          18  main.o(.bss)
    value_buf1                               0x200001b2   Data          18  main.o(.bss)
    value_buf2                               0x200001c4   Data          18  main.o(.bss)
    value_buf3                               0x200001d6   Data          18  main.o(.bss)
    value_buf4                               0x200001e8   Data          18  main.o(.bss)
    value_buf5                               0x200001fa   Data          18  main.o(.bss)
    value_buf6                               0x2000020c   Data          18  main.o(.bss)
    .bss                                     0x200002c0   Section       48  bsp_timer.o(.bss)
    s_tTmr                                   0x200002c0   Data          48  bsp_timer.o(.bss)
    .bss                                     0x200002f0   Section     8352  bsp_uart_fifo.o(.bss)
    g_tUart1                                 0x200002f0   Data          40  bsp_uart_fifo.o(.bss)
    g_TxBuf1                                 0x20000318   Data        1024  bsp_uart_fifo.o(.bss)
    g_RxBuf1                                 0x20000718   Data        1024  bsp_uart_fifo.o(.bss)
    g_tUart2                                 0x20000b18   Data          40  bsp_uart_fifo.o(.bss)
    g_RxBuf2                                 0x20000b40   Data        2048  bsp_uart_fifo.o(.bss)
    g_tUart3                                 0x20001340   Data          40  bsp_uart_fifo.o(.bss)
    g_TxBuf3                                 0x20001368   Data        1024  bsp_uart_fifo.o(.bss)
    g_RxBuf3                                 0x20001768   Data        1024  bsp_uart_fifo.o(.bss)
    g_tUart6                                 0x20001b68   Data          40  bsp_uart_fifo.o(.bss)
    g_TxBuf6                                 0x20001b90   Data        1024  bsp_uart_fifo.o(.bss)
    g_RxBuf6                                 0x20001f90   Data        1024  bsp_uart_fifo.o(.bss)
    .bss                                     0x20002390   Section      173  bsp_key.o(.bss)
    s_tBtn                                   0x20002390   Data         160  bsp_key.o(.bss)
    s_tKey                                   0x20002430   Data          13  bsp_key.o(.bss)
    .bss                                     0x2000243e   Section    16412  bsp_ad7606.o(.bss)
    .bss                                     0x2000645c   Section       48  ff.o(.bss)
    FatFs                                    0x2000645c   Data          12  ff.o(.bss)
    Files                                    0x20006468   Data          36  ff.o(.bss)
    .bss                                     0x2000648c   Section       64  usbh_msc_bot.o(.bss)
    .bss                                     0x200064cc   Section      522  usbh_msc_core.o(.bss)
    .bss                                     0x200066d8   Section     1040  usbh_msc_scsi.o(.bss)
    .bss                                     0x20006ae8   Section      512  usbh_stdreq.o(.bss)
    .bss                                     0x20006ce8   Section     1584  usbh_usr.o(.bss)
    STACK                                    0x20007318   Section    16384  startup_stm32f40_41xxx.o(STACK)

    Global Symbols

    Symbol Name                              Value     Ov Type        Size  Object(Section)

    BuildAttributes$$THM_ISAv4$E$P$D$K$B$S$7EM$VFPi3$EXTD16$VFPS$VFMA$PE$A:L22UL41UL21$X:L11$S22US41US21$IEEE1$IW$USESV6$~STKCKD$USESV7$~SHL$OSPACE$ROPI$EBA8$MICROLIB$REQ8$PRES8$EABIv2 0x00000000   Number         0  anon$$obj.o ABSOLUTE
    __ARM_use_no_argv                        0x00000000   Number         0  main.o ABSOLUTE
    _printf_a                                0x00000000   Number         0  stubs.o ABSOLUTE
    _printf_c                                0x00000000   Number         0  stubs.o ABSOLUTE
    _printf_charcount                        0x00000000   Number         0  stubs.o ABSOLUTE
    _printf_d                                0x00000000   Number         0  stubs.o ABSOLUTE
    _printf_e                                0x00000000   Number         0  stubs.o ABSOLUTE
    _printf_f                                0x00000000   Number         0  stubs.o ABSOLUTE
    _printf_flags                            0x00000000   Number         0  stubs.o ABSOLUTE
    _printf_fp_dec                           0x00000000   Number         0  stubs.o ABSOLUTE
    _printf_fp_hex                           0x00000000   Number         0  stubs.o ABSOLUTE
    _printf_g                                0x00000000   Number         0  stubs.o ABSOLUTE
    _printf_i                                0x00000000   Number         0  stubs.o ABSOLUTE
    _printf_int_dec                          0x00000000   Number         0  stubs.o ABSOLUTE
    _printf_l                                0x00000000   Number         0  stubs.o ABSOLUTE
    _printf_lc                               0x00000000   Number         0  stubs.o ABSOLUTE
    _printf_ll                               0x00000000   Number         0  stubs.o ABSOLUTE
    _printf_lld                              0x00000000   Number         0  stubs.o ABSOLUTE
    _printf_lli                              0x00000000   Number         0  stubs.o ABSOLUTE
    _printf_llo                              0x00000000   Number         0  stubs.o ABSOLUTE
    _printf_llu                              0x00000000   Number         0  stubs.o ABSOLUTE
    _printf_llx                              0x00000000   Number         0  stubs.o ABSOLUTE
    _printf_longlong_dec                     0x00000000   Number         0  stubs.o ABSOLUTE
    _printf_longlong_hex                     0x00000000   Number         0  stubs.o ABSOLUTE
    _printf_longlong_oct                     0x00000000   Number         0  stubs.o ABSOLUTE
    _printf_ls                               0x00000000   Number         0  stubs.o ABSOLUTE
    _printf_mbtowc                           0x00000000   Number         0  stubs.o ABSOLUTE
    _printf_n                                0x00000000   Number         0  stubs.o ABSOLUTE
    _printf_o                                0x00000000   Number         0  stubs.o ABSOLUTE
    _printf_p                                0x00000000   Number         0  stubs.o ABSOLUTE
    _printf_percent                          0x00000000   Number         0  stubs.o ABSOLUTE
    _printf_pre_padding                      0x00000000   Number         0  stubs.o ABSOLUTE
    _printf_return_value                     0x00000000   Number         0  stubs.o ABSOLUTE
    _printf_s                                0x00000000   Number         0  stubs.o ABSOLUTE
    _printf_sizespec                         0x00000000   Number         0  stubs.o ABSOLUTE
    _printf_str                              0x00000000   Number         0  stubs.o ABSOLUTE
    _printf_truncate_signed                  0x00000000   Number         0  stubs.o ABSOLUTE
    _printf_truncate_unsigned                0x00000000   Number         0  stubs.o ABSOLUTE
    _printf_u                                0x00000000   Number         0  stubs.o ABSOLUTE
    _printf_wc                               0x00000000   Number         0  stubs.o ABSOLUTE
    _printf_wctomb                           0x00000000   Number         0  stubs.o ABSOLUTE
    _printf_widthprec                        0x00000000   Number         0  stubs.o ABSOLUTE
    _printf_x                                0x00000000   Number         0  stubs.o ABSOLUTE
    __cpp_initialize__aeabi_                  - Undefined Weak Reference
    __cxa_finalize                            - Undefined Weak Reference
    _clock_init                               - Undefined Weak Reference
    _microlib_exit                            - Undefined Weak Reference
    __Vectors_Size                           0x00000188   Number         0  startup_stm32f40_41xxx.o ABSOLUTE
    __Vectors                                0x08000000   Data           4  startup_stm32f40_41xxx.o(RESET)
    __Vectors_End                            0x08000188   Data           0  startup_stm32f40_41xxx.o(RESET)
    __main                                   0x08000189   Thumb Code     0  entry.o(.ARM.Collect$$$$00000000)
    _main_stk                                0x08000189   Thumb Code     0  entry2.o(.ARM.Collect$$$$00000001)
    _main_scatterload                        0x0800018d   Thumb Code     0  entry5.o(.ARM.Collect$$$$00000004)
    __main_after_scatterload                 0x08000191   Thumb Code     0  entry5.o(.ARM.Collect$$$$00000004)
    _main_clock                              0x08000191   Thumb Code     0  entry7b.o(.ARM.Collect$$$$00000008)
    _main_cpp_init                           0x08000191   Thumb Code     0  entry8b.o(.ARM.Collect$$$$0000000A)
    _main_init                               0x08000191   Thumb Code     0  entry9a.o(.ARM.Collect$$$$0000000B)
    __rt_final_cpp                           0x08000199   Thumb Code     0  entry10a.o(.ARM.Collect$$$$0000000D)
    __rt_final_exit                          0x08000199   Thumb Code     0  entry11a.o(.ARM.Collect$$$$0000000F)
    Reset_Handler                            0x0800019d   Thumb Code     8  startup_stm32f40_41xxx.o(.text)
    ADC_IRQHandler                           0x080001b7   Thumb Code     0  startup_stm32f40_41xxx.o(.text)
    CAN1_RX0_IRQHandler                      0x080001b7   Thumb Code     0  startup_stm32f40_41xxx.o(.text)
    CAN1_RX1_IRQHandler                      0x080001b7   Thumb Code     0  startup_stm32f40_41xxx.o(.text)
    CAN1_SCE_IRQHandler                      0x080001b7   Thumb Code     0  startup_stm32f40_41xxx.o(.text)
    CAN1_TX_IRQHandler                       0x080001b7   Thumb Code     0  startup_stm32f40_41xxx.o(.text)
    CAN2_RX0_IRQHandler                      0x080001b7   Thumb Code     0  startup_stm32f40_41xxx.o(.text)
    CAN2_RX1_IRQHandler                      0x080001b7   Thumb Code     0  startup_stm32f40_41xxx.o(.text)
    CAN2_SCE_IRQHandler                      0x080001b7   Thumb Code     0  startup_stm32f40_41xxx.o(.text)
    CAN2_TX_IRQHandler                       0x080001b7   Thumb Code     0  startup_stm32f40_41xxx.o(.text)
    CRYP_IRQHandler                          0x080001b7   Thumb Code     0  startup_stm32f40_41xxx.o(.text)
    DCMI_IRQHandler                          0x080001b7   Thumb Code     0  startup_stm32f40_41xxx.o(.text)
    DMA1_Stream0_IRQHandler                  0x080001b7   Thumb Code     0  startup_stm32f40_41xxx.o(.text)
    DMA1_Stream1_IRQHandler                  0x080001b7   Thumb Code     0  startup_stm32f40_41xxx.o(.text)
    DMA1_Stream2_IRQHandler                  0x080001b7   Thumb Code     0  startup_stm32f40_41xxx.o(.text)
    DMA1_Stream3_IRQHandler                  0x080001b7   Thumb Code     0  startup_stm32f40_41xxx.o(.text)
    DMA1_Stream4_IRQHandler                  0x080001b7   Thumb Code     0  startup_stm32f40_41xxx.o(.text)
    DMA1_Stream5_IRQHandler                  0x080001b7   Thumb Code     0  startup_stm32f40_41xxx.o(.text)
    DMA1_Stream6_IRQHandler                  0x080001b7   Thumb Code     0  startup_stm32f40_41xxx.o(.text)
    DMA1_Stream7_IRQHandler                  0x080001b7   Thumb Code     0  startup_stm32f40_41xxx.o(.text)
    DMA2_Stream0_IRQHandler                  0x080001b7   Thumb Code     0  startup_stm32f40_41xxx.o(.text)
    DMA2_Stream1_IRQHandler                  0x080001b7   Thumb Code     0  startup_stm32f40_41xxx.o(.text)
    DMA2_Stream2_IRQHandler                  0x080001b7   Thumb Code     0  startup_stm32f40_41xxx.o(.text)
    DMA2_Stream3_IRQHandler                  0x080001b7   Thumb Code     0  startup_stm32f40_41xxx.o(.text)
    DMA2_Stream4_IRQHandler                  0x080001b7   Thumb Code     0  startup_stm32f40_41xxx.o(.text)
    DMA2_Stream5_IRQHandler                  0x080001b7   Thumb Code     0  startup_stm32f40_41xxx.o(.text)
    DMA2_Stream6_IRQHandler                  0x080001b7   Thumb Code     0  startup_stm32f40_41xxx.o(.text)
    DMA2_Stream7_IRQHandler                  0x080001b7   Thumb Code     0  startup_stm32f40_41xxx.o(.text)
    ETH_IRQHandler                           0x080001b7   Thumb Code     0  startup_stm32f40_41xxx.o(.text)
    ETH_WKUP_IRQHandler                      0x080001b7   Thumb Code     0  startup_stm32f40_41xxx.o(.text)
    EXTI0_IRQHandler                         0x080001b7   Thumb Code     0  startup_stm32f40_41xxx.o(.text)
    EXTI15_10_IRQHandler                     0x080001b7   Thumb Code     0  startup_stm32f40_41xxx.o(.text)
    EXTI1_IRQHandler                         0x080001b7   Thumb Code     0  startup_stm32f40_41xxx.o(.text)
    EXTI2_IRQHandler                         0x080001b7   Thumb Code     0  startup_stm32f40_41xxx.o(.text)
    EXTI3_IRQHandler                         0x080001b7   Thumb Code     0  startup_stm32f40_41xxx.o(.text)
    EXTI4_IRQHandler                         0x080001b7   Thumb Code     0  startup_stm32f40_41xxx.o(.text)
    FLASH_IRQHandler                         0x080001b7   Thumb Code     0  startup_stm32f40_41xxx.o(.text)
    FPU_IRQHandler                           0x080001b7   Thumb Code     0  startup_stm32f40_41xxx.o(.text)
    FSMC_IRQHandler                          0x080001b7   Thumb Code     0  startup_stm32f40_41xxx.o(.text)
    HASH_RNG_IRQHandler                      0x080001b7   Thumb Code     0  startup_stm32f40_41xxx.o(.text)
    I2C1_ER_IRQHandler                       0x080001b7   Thumb Code     0  startup_stm32f40_41xxx.o(.text)
    I2C1_EV_IRQHandler                       0x080001b7   Thumb Code     0  startup_stm32f40_41xxx.o(.text)
    I2C2_ER_IRQHandler                       0x080001b7   Thumb Code     0  startup_stm32f40_41xxx.o(.text)
    I2C2_EV_IRQHandler                       0x080001b7   Thumb Code     0  startup_stm32f40_41xxx.o(.text)
    I2C3_ER_IRQHandler                       0x080001b7   Thumb Code     0  startup_stm32f40_41xxx.o(.text)
    I2C3_EV_IRQHandler                       0x080001b7   Thumb Code     0  startup_stm32f40_41xxx.o(.text)
    OTG_FS_IRQHandler                        0x080001b7   Thumb Code     0  startup_stm32f40_41xxx.o(.text)
    OTG_FS_WKUP_IRQHandler                   0x080001b7   Thumb Code     0  startup_stm32f40_41xxx.o(.text)
    OTG_HS_EP1_IN_IRQHandler                 0x080001b7   Thumb Code     0  startup_stm32f40_41xxx.o(.text)
    OTG_HS_EP1_OUT_IRQHandler                0x080001b7   Thumb Code     0  startup_stm32f40_41xxx.o(.text)
    OTG_HS_WKUP_IRQHandler                   0x080001b7   Thumb Code     0  startup_stm32f40_41xxx.o(.text)
    PVD_IRQHandler                           0x080001b7   Thumb Code     0  startup_stm32f40_41xxx.o(.text)
    RCC_IRQHandler                           0x080001b7   Thumb Code     0  startup_stm32f40_41xxx.o(.text)
    RTC_Alarm_IRQHandler                     0x080001b7   Thumb Code     0  startup_stm32f40_41xxx.o(.text)
    RTC_WKUP_IRQHandler                      0x080001b7   Thumb Code     0  startup_stm32f40_41xxx.o(.text)
    SDIO_IRQHandler                          0x080001b7   Thumb Code     0  startup_stm32f40_41xxx.o(.text)
    SPI1_IRQHandler                          0x080001b7   Thumb Code     0  startup_stm32f40_41xxx.o(.text)
    SPI2_IRQHandler                          0x080001b7   Thumb Code     0  startup_stm32f40_41xxx.o(.text)
    SPI3_IRQHandler                          0x080001b7   Thumb Code     0  startup_stm32f40_41xxx.o(.text)
    TAMP_STAMP_IRQHandler                    0x080001b7   Thumb Code     0  startup_stm32f40_41xxx.o(.text)
    TIM1_BRK_TIM9_IRQHandler                 0x080001b7   Thumb Code     0  startup_stm32f40_41xxx.o(.text)
    TIM1_CC_IRQHandler                       0x080001b7   Thumb Code     0  startup_stm32f40_41xxx.o(.text)
    TIM1_TRG_COM_TIM11_IRQHandler            0x080001b7   Thumb Code     0  startup_stm32f40_41xxx.o(.text)
    TIM1_UP_TIM10_IRQHandler                 0x080001b7   Thumb Code     0  startup_stm32f40_41xxx.o(.text)
    TIM3_IRQHandler                          0x080001b7   Thumb Code     0  startup_stm32f40_41xxx.o(.text)
    TIM5_IRQHandler                          0x080001b7   Thumb Code     0  startup_stm32f40_41xxx.o(.text)
    TIM6_DAC_IRQHandler                      0x080001b7   Thumb Code     0  startup_stm32f40_41xxx.o(.text)
    TIM7_IRQHandler                          0x080001b7   Thumb Code     0  startup_stm32f40_41xxx.o(.text)
    TIM8_BRK_TIM12_IRQHandler                0x080001b7   Thumb Code     0  startup_stm32f40_41xxx.o(.text)
    TIM8_CC_IRQHandler                       0x080001b7   Thumb Code     0  startup_stm32f40_41xxx.o(.text)
    TIM8_TRG_COM_TIM14_IRQHandler            0x080001b7   Thumb Code     0  startup_stm32f40_41xxx.o(.text)
    TIM8_UP_TIM13_IRQHandler                 0x080001b7   Thumb Code     0  startup_stm32f40_41xxx.o(.text)
    UART4_IRQHandler                         0x080001b7   Thumb Code     0  startup_stm32f40_41xxx.o(.text)
    UART5_IRQHandler                         0x080001b7   Thumb Code     0  startup_stm32f40_41xxx.o(.text)
    WWDG_IRQHandler                          0x080001b7   Thumb Code     0  startup_stm32f40_41xxx.o(.text)
    __aeabi_memcpy                           0x080001c1   Thumb Code    36  memcpya.o(.text)
    __aeabi_memcpy4                          0x080001c1   Thumb Code     0  memcpya.o(.text)
    __aeabi_memcpy8                          0x080001c1   Thumb Code     0  memcpya.o(.text)
    __aeabi_memset                           0x080001e5   Thumb Code    14  memseta.o(.text)
    __aeabi_memset4                          0x080001e5   Thumb Code     0  memseta.o(.text)
    __aeabi_memset8                          0x080001e5   Thumb Code     0  memseta.o(.text)
    __aeabi_memclr                           0x080001f3   Thumb Code     4  memseta.o(.text)
    __aeabi_memclr4                          0x080001f3   Thumb Code     0  memseta.o(.text)
    __aeabi_memclr8                          0x080001f3   Thumb Code     0  memseta.o(.text)
    _memset$wrapper                          0x080001f7   Thumb Code    18  memseta.o(.text)
    __aeabi_dadd                             0x08000209   Thumb Code   322  dadd.o(.text)
    __aeabi_dsub                             0x0800034b   Thumb Code     6  dadd.o(.text)
    __aeabi_drsub                            0x08000351   Thumb Code     6  dadd.o(.text)
    __aeabi_dmul                             0x08000357   Thumb Code   228  dmul.o(.text)
    __aeabi_ddiv                             0x0800043b   Thumb Code   222  ddiv.o(.text)
    __aeabi_i2d                              0x08000519   Thumb Code    34  dflti.o(.text)
    __aeabi_d2iz                             0x0800053b   Thumb Code    62  dfixi.o(.text)
    __aeabi_uldivmod                         0x08000579   Thumb Code    98  uldiv.o(.text)
    __aeabi_llsl                             0x080005db   Thumb Code    30  llshl.o(.text)
    _ll_shift_l                              0x080005db   Thumb Code     0  llshl.o(.text)
    __aeabi_llsr                             0x080005f9   Thumb Code    32  llushr.o(.text)
    _ll_ushift_r                             0x080005f9   Thumb Code     0  llushr.o(.text)
    __aeabi_lasr                             0x08000619   Thumb Code    36  llsshr.o(.text)
    _ll_sshift_r                             0x08000619   Thumb Code     0  llsshr.o(.text)
    __I$use$fp                               0x0800063d   Thumb Code     0  iusefp.o(.text)
    _double_round                            0x0800063d   Thumb Code    30  depilogue.o(.text)
    _double_epilogue                         0x0800065b   Thumb Code   156  depilogue.o(.text)
    __scatterload                            0x080006f9   Thumb Code    28  init.o(.text)
    __scatterload_rt2                        0x080006f9   Thumb Code     0  init.o(.text)
    __decompress                             0x0800071d   Thumb Code     0  __dczerorl2.o(.text)
    __decompress1                            0x0800071d   Thumb Code    86  __dczerorl2.o(.text)
    AD7606_EnterAutoMode                     0x080008d5   Thumb Code   296  bsp_ad7606.o(i.AD7606_EnterAutoMode)
    AD7606_ISR                               0x08000a69   Thumb Code    14  bsp_ad7606.o(i.AD7606_ISR)
    AD7606_ReadNowAdc                        0x08000a7d   Thumb Code    98  bsp_ad7606.o(i.AD7606_ReadNowAdc)
    AD7606_Reset                             0x08000ae5   Thumb Code    18  bsp_ad7606.o(i.AD7606_Reset)
    AD7606_SetInputRange                     0x08000afd   Thumb Code    34  bsp_ad7606.o(i.AD7606_SetInputRange)
    AD7606_SetOS                             0x08000b29   Thumb Code   180  bsp_ad7606.o(i.AD7606_SetOS)
    AD7606_StartConvst                       0x08000be5   Thumb Code    18  bsp_ad7606.o(i.AD7606_StartConvst)
    AD7606_StartRecord                       0x08000bfd   Thumb Code    24  bsp_ad7606.o(i.AD7606_StartRecord)
    AD7606_StopRecord                        0x08000c15   Thumb Code    94  bsp_ad7606.o(i.AD7606_StopRecord)
    BusFault_Handler                         0x08000d13   Thumb Code     4  stm32f4xx_it.o(i.BusFault_Handler)
    ComToUart                                0x08000d19   Thumb Code    52  bsp_uart_fifo.o(i.ComToUart)
    DebugMon_Handler                         0x08000dc7   Thumb Code     2  stm32f4xx_it.o(i.DebugMon_Handler)
    EXTI9_5_IRQHandler                       0x08000dc9   Thumb Code    22  bsp_ad7606.o(i.EXTI9_5_IRQHandler)
    EXTI_ClearITPendingBit                   0x08000de1   Thumb Code     6  stm32f4xx_exti.o(i.EXTI_ClearITPendingBit)
    EXTI_GetITStatus                         0x08000ded   Thumb Code    20  stm32f4xx_exti.o(i.EXTI_GetITStatus)
    EXTI_Init                                0x08000e05   Thumb Code   142  stm32f4xx_exti.o(i.EXTI_Init)
    Encoder_Init                             0x08000e99   Thumb Code    12  bsp_encoder.o(i.Encoder_Init)
    FSMC_NORSRAMCmd                          0x08000f95   Thumb Code    46  stm32f4xx_fsmc.o(i.FSMC_NORSRAMCmd)
    FSMC_NORSRAMInit                         0x08000fc9   Thumb Code   230  stm32f4xx_fsmc.o(i.FSMC_NORSRAMInit)
    GPIO_Init                                0x080010af   Thumb Code   144  stm32f4xx_gpio.o(i.GPIO_Init)
    GPIO_PinAFConfig                         0x0800113f   Thumb Code    70  stm32f4xx_gpio.o(i.GPIO_PinAFConfig)
    HCD_GetCurrentFrame                      0x08001185   Thumb Code    10  usb_hcd.o(i.HCD_GetCurrentFrame)
    HCD_GetCurrentSpeed                      0x0800118f   Thumb Code    20  usb_hcd.o(i.HCD_GetCurrentSpeed)
    HCD_GetURB_State                         0x080011a3   Thumb Code    10  usb_hcd.o(i.HCD_GetURB_State)
    HCD_GetXferCnt                           0x080011ad   Thumb Code    12  usb_hcd.o(i.HCD_GetXferCnt)
    HCD_Init                                 0x080011b9   Thumb Code    96  usb_hcd.o(i.HCD_Init)
    HCD_IsDeviceConnected                    0x08001219   Thumb Code     8  usb_hcd.o(i.HCD_IsDeviceConnected)
    HCD_ResetPort                            0x08001221   Thumb Code    14  usb_hcd.o(i.HCD_ResetPort)
    HCD_SubmitRequest                        0x0800122f   Thumb Code    32  usb_hcd.o(i.HCD_SubmitRequest)
    HardFault_Handler                        0x08001251   Thumb Code    38  stm32f4xx_it.o(i.HardFault_Handler)
    MemManage_Handler                        0x0800163f   Thumb Code     4  stm32f4xx_it.o(i.MemManage_Handler)
    NMI_Handler                              0x08001643   Thumb Code     2  stm32f4xx_it.o(i.NMI_Handler)
    NVIC_Init                                0x08001645   Thumb Code   106  misc.o(i.NVIC_Init)
    NVIC_PriorityGroupConfig                 0x080016bd   Thumb Code    10  misc.o(i.NVIC_PriorityGroupConfig)
    NVIC_SetVectorTable                      0x080016d1   Thumb Code    12  misc.o(i.NVIC_SetVectorTable)
    OTG_HS_IRQHandler                        0x080016e5   Thumb Code    10  usbh_it.o(i.OTG_HS_IRQHandler)
    PendSV_Handler                           0x080016f5   Thumb Code     2  stm32f4xx_it.o(i.PendSV_Handler)
    RCC_AHB1PeriphClockCmd                   0x080016f9   Thumb Code    26  stm32f4xx_rcc.o(i.RCC_AHB1PeriphClockCmd)
    RCC_AHB3PeriphClockCmd                   0x08001719   Thumb Code    26  stm32f4xx_rcc.o(i.RCC_AHB3PeriphClockCmd)
    RCC_APB1PeriphClockCmd                   0x08001739   Thumb Code    26  stm32f4xx_rcc.o(i.RCC_APB1PeriphClockCmd)
    RCC_APB2PeriphClockCmd                   0x08001759   Thumb Code    26  stm32f4xx_rcc.o(i.RCC_APB2PeriphClockCmd)
    RCC_GetClocksFreq                        0x08001779   Thumb Code   214  stm32f4xx_rcc.o(i.RCC_GetClocksFreq)
    SVC_Handler                              0x08001861   Thumb Code     2  stm32f4xx_it.o(i.SVC_Handler)
    SYSCFG_EXTILineConfig                    0x08001865   Thumb Code    60  stm32f4xx_syscfg.o(i.SYSCFG_EXTILineConfig)
    SysTick_Handler                          0x08001991   Thumb Code     8  bsp_timer.o(i.SysTick_Handler)
    SysTick_ISR                              0x08001999   Thumb Code   110  bsp_timer.o(i.SysTick_ISR)
    SystemInit                               0x08001a1d   Thumb Code    88  system_stm32f4xx.o(i.SystemInit)
    TIM2_IRQHandler                          0x08001ba7   Thumb Code     8  usbh_it.o(i.TIM2_IRQHandler)
    TIM4_IRQHandler                          0x08001bb1   Thumb Code    66  bsp_encoder.o(i.TIM4_IRQHandler)
    TIM_ARRPreloadConfig                     0x08001bfd   Thumb Code    24  stm32f4xx_tim.o(i.TIM_ARRPreloadConfig)
    TIM_ClearITPendingBit                    0x08001c15   Thumb Code     6  stm32f4xx_tim.o(i.TIM_ClearITPendingBit)
    TIM_Cmd                                  0x08001c1b   Thumb Code    24  stm32f4xx_tim.o(i.TIM_Cmd)
    TIM_EncoderInterfaceConfig               0x08001c33   Thumb Code    66  stm32f4xx_tim.o(i.TIM_EncoderInterfaceConfig)
    TIM_GetCounter                           0x08001c75   Thumb Code     6  stm32f4xx_tim.o(i.TIM_GetCounter)
    TIM_GetITStatus                          0x08001c7b   Thumb Code    34  stm32f4xx_tim.o(i.TIM_GetITStatus)
    TIM_ICInit                               0x08001c9d   Thumb Code   110  stm32f4xx_tim.o(i.TIM_ICInit)
    TIM_ICStructInit                         0x08001d0b   Thumb Code    18  stm32f4xx_tim.o(i.TIM_ICStructInit)
    TIM_ITConfig                             0x08001d1d   Thumb Code    18  stm32f4xx_tim.o(i.TIM_ITConfig)
    TIM_OC3Init                              0x08001d31   Thumb Code   150  stm32f4xx_tim.o(i.TIM_OC3Init)
    TIM_OC3PreloadConfig                     0x08001dd1   Thumb Code    18  stm32f4xx_tim.o(i.TIM_OC3PreloadConfig)
    TIM_SetCounter                           0x08001de3   Thumb Code     4  stm32f4xx_tim.o(i.TIM_SetCounter)
    TIM_SetIC1Prescaler                      0x08001de7   Thumb Code    18  stm32f4xx_tim.o(i.TIM_SetIC1Prescaler)
    TIM_SetIC2Prescaler                      0x08001df9   Thumb Code    26  stm32f4xx_tim.o(i.TIM_SetIC2Prescaler)
    TIM_SetIC3Prescaler                      0x08001e13   Thumb Code    18  stm32f4xx_tim.o(i.TIM_SetIC3Prescaler)
    TIM_SetIC4Prescaler                      0x08001e25   Thumb Code    26  stm32f4xx_tim.o(i.TIM_SetIC4Prescaler)
    TIM_TimeBaseInit                         0x08001e41   Thumb Code   104  stm32f4xx_tim.o(i.TIM_TimeBaseInit)
    USART1_IRQHandler                        0x08001ec5   Thumb Code    10  bsp_uart_fifo.o(i.USART1_IRQHandler)
    USART2_IRQHandler                        0x08001ed5   Thumb Code    10  bsp_uart_fifo.o(i.USART2_IRQHandler)
    USART3_IRQHandler                        0x08001ee5   Thumb Code    10  bsp_uart_fifo.o(i.USART3_IRQHandler)
    USART3_SendBefor                         0x08001ef5   Thumb Code     8  bsp_uart_fifo.o(i.USART3_SendBefor)
    USART3_SendOver                          0x08001f01   Thumb Code     8  bsp_uart_fifo.o(i.USART3_SendOver)
    USART6_IRQHandler                        0x08001f0d   Thumb Code    10  bsp_uart_fifo.o(i.USART6_IRQHandler)
    USART_ClearFlag                          0x08001f1d   Thumb Code    18  stm32f4xx_usart.o(i.USART_ClearFlag)
    USART_Cmd                                0x08001f2f   Thumb Code    24  stm32f4xx_usart.o(i.USART_Cmd)
    USART_GetITStatus                        0x08001f47   Thumb Code    84  stm32f4xx_usart.o(i.USART_GetITStatus)
    USART_ITConfig                           0x08001f9b   Thumb Code    74  stm32f4xx_usart.o(i.USART_ITConfig)
    USART_Init                               0x08001fe5   Thumb Code   204  stm32f4xx_usart.o(i.USART_Init)
    USART_ReceiveData                        0x080020b9   Thumb Code    10  stm32f4xx_usart.o(i.USART_ReceiveData)
    USART_SendData                           0x080020c3   Thumb Code     8  stm32f4xx_usart.o(i.USART_SendData)
    USBH_Alloc_Channel                       0x080020cb   Thumb Code    38  usbh_hcs.o(i.USBH_Alloc_Channel)
    USBH_BulkReceiveData                     0x080020f1   Thumb Code    96  usbh_ioreq.o(i.USBH_BulkReceiveData)
    USBH_BulkSendData                        0x08002151   Thumb Code    94  usbh_ioreq.o(i.USBH_BulkSendData)
    USBH_ClrFeature                          0x080021af   Thumb Code    76  usbh_stdreq.o(i.USBH_ClrFeature)
    USBH_Connected                           0x080021fb   Thumb Code    12  usbh_core.o(i.USBH_Connected)
    USBH_CtlReceiveData                      0x08002207   Thumb Code    70  usbh_ioreq.o(i.USBH_CtlReceiveData)
    USBH_CtlReq                              0x0800224d   Thumb Code   100  usbh_ioreq.o(i.USBH_CtlReq)
    USBH_CtlSendData                         0x080022b1   Thumb Code   110  usbh_ioreq.o(i.USBH_CtlSendData)
    USBH_CtlSendSetup                        0x0800231f   Thumb Code    66  usbh_ioreq.o(i.USBH_CtlSendSetup)
    USBH_DeAllocate_AllChannel               0x08002361   Thumb Code    28  usbh_hcs.o(i.USBH_DeAllocate_AllChannel)
    USBH_DeInit                              0x0800237d   Thumb Code    58  usbh_core.o(i.USBH_DeInit)
    USBH_Disconnected                        0x080023b7   Thumb Code    12  usbh_core.o(i.USBH_Disconnected)
    USBH_ErrorHandle                         0x080023c3   Thumb Code    46  usbh_core.o(i.USBH_ErrorHandle)
    USBH_Free_Channel                        0x080023f1   Thumb Code    30  usbh_hcs.o(i.USBH_Free_Channel)
    USBH_GetDescriptor                       0x0800240f   Thumb Code    68  usbh_stdreq.o(i.USBH_GetDescriptor)
    USBH_GetNextDesc                         0x0800247b   Thumb Code    18  usbh_stdreq.o(i.USBH_GetNextDesc)
    USBH_Get_CfgDesc                         0x0800248d   Thumb Code    88  usbh_stdreq.o(i.USBH_Get_CfgDesc)
    USBH_Get_DevDesc                         0x080024e9   Thumb Code    56  usbh_stdreq.o(i.USBH_Get_DevDesc)
    USBH_Get_StringDesc                      0x08002521   Thumb Code    60  usbh_stdreq.o(i.USBH_Get_StringDesc)
    USBH_HandleControl                       0x0800255d   Thumb Code   544  usbh_core.o(i.USBH_HandleControl)
    USBH_Init                                0x0800295d   Thumb Code    68  usbh_core.o(i.USBH_Init)
    USBH_MSC_BOT_Abort                       0x080029c5   Thumb Code    86  usbh_msc_bot.o(i.USBH_MSC_BOT_Abort)
    USBH_MSC_DecodeCSW                       0x08002a39   Thumb Code   108  usbh_msc_bot.o(i.USBH_MSC_DecodeCSW)
    USBH_MSC_ErrorHandle                     0x08002ab9   Thumb Code    58  usbh_msc_core.o(i.USBH_MSC_ErrorHandle)
    USBH_MSC_HandleBOTXfer                   0x08002cd1   Thumb Code   812  usbh_msc_bot.o(i.USBH_MSC_HandleBOTXfer)
    USBH_MSC_Init                            0x08003021   Thumb Code    44  usbh_msc_bot.o(i.USBH_MSC_Init)
    USBH_MSC_ModeSense6                      0x08003181   Thumb Code   192  usbh_msc_scsi.o(i.USBH_MSC_ModeSense6)
    USBH_MSC_Read10                          0x08003251   Thumb Code   242  usbh_msc_scsi.o(i.USBH_MSC_Read10)
    USBH_MSC_ReadCapacity10                  0x08003351   Thumb Code   202  usbh_msc_scsi.o(i.USBH_MSC_ReadCapacity10)
    USBH_MSC_RequestSense                    0x0800342d   Thumb Code   208  usbh_msc_scsi.o(i.USBH_MSC_RequestSense)
    USBH_MSC_TestUnitReady                   0x0800350d   Thumb Code   162  usbh_msc_scsi.o(i.USBH_MSC_TestUnitReady)
    USBH_MSC_Write10                         0x080035bd   Thumb Code   218  usbh_msc_scsi.o(i.USBH_MSC_Write10)
    USBH_Modify_Channel                      0x080036a1   Thumb Code   100  usbh_hcs.o(i.USBH_Modify_Channel)
    USBH_OTG_ISR_Handler                     0x08003705   Thumb Code   168  usb_hcd_int.o(i.USBH_OTG_ISR_Handler)
    USBH_Open_Channel                        0x080037ad   Thumb Code   154  usbh_hcs.o(i.USBH_Open_Channel)
    USBH_Process                             0x08003a39   Thumb Code   408  usbh_core.o(i.USBH_Process)
    USBH_SOF                                 0x08003bd1   Thumb Code     6  usbh_core.o(i.USBH_SOF)
    USBH_SetAddress                          0x08003bd7   Thumb Code    38  usbh_stdreq.o(i.USBH_SetAddress)
    USBH_SetCfg                              0x08003bfd   Thumb Code    38  usbh_stdreq.o(i.USBH_SetCfg)
    USBH_USR_Configuration_DescAvailable     0x08003c3d   Thumb Code    42  usbh_usr.o(i.USBH_USR_Configuration_DescAvailable)
    USBH_USR_DeInit                          0x08003c71   Thumb Code     2  usbh_usr.o(i.USBH_USR_DeInit)
    USBH_USR_DeviceAddressAssigned           0x08003c73   Thumb Code     2  usbh_usr.o(i.USBH_USR_DeviceAddressAssigned)
    USBH_USR_DeviceAttached                  0x08003c75   Thumb Code    10  usbh_usr.o(i.USBH_USR_DeviceAttached)
    USBH_USR_DeviceDisconnected              0x08003c85   Thumb Code    10  usbh_usr.o(i.USBH_USR_DeviceDisconnected)
    USBH_USR_DeviceNotSupported              0x08003c95   Thumb Code    10  usbh_usr.o(i.USBH_USR_DeviceNotSupported)
    USBH_USR_DeviceSpeedDetected             0x08003cbd   Thumb Code    46  usbh_usr.o(i.USBH_USR_DeviceSpeedDetected)
    USBH_USR_Device_DescAvailable            0x08003cfd   Thumb Code    24  usbh_usr.o(i.USBH_USR_Device_DescAvailable)
    USBH_USR_EnumerationDone                 0x08003d35   Thumb Code    10  usbh_usr.o(i.USBH_USR_EnumerationDone)
    USBH_USR_Init                            0x08003d45   Thumb Code    34  usbh_usr.o(i.USBH_USR_Init)
    USBH_USR_MSC_Application                 0x08003dc5   Thumb Code     4  usbh_usr.o(i.USBH_USR_MSC_Application)
    USBH_USR_Manufacturer_String             0x08003dc9   Thumb Code    14  usbh_usr.o(i.USBH_USR_Manufacturer_String)
    USBH_USR_OverCurrentDetected             0x08003df1   Thumb Code    10  usbh_usr.o(i.USBH_USR_OverCurrentDetected)
    USBH_USR_Product_String                  0x08003e19   Thumb Code    14  usbh_usr.o(i.USBH_USR_Product_String)
    USBH_USR_ResetDevice                     0x08003e3d   Thumb Code    10  usbh_usr.o(i.USBH_USR_ResetDevice)
    USBH_USR_SerialNum_String                0x08003e65   Thumb Code    14  usbh_usr.o(i.USBH_USR_SerialNum_String)
    USBH_USR_UnrecoveredError                0x08003e8d   Thumb Code    10  usbh_usr.o(i.USBH_USR_UnrecoveredError)
    USBH_USR_UserInput                       0x08003e9d   Thumb Code     4  usbh_usr.o(i.USBH_USR_UserInput)
    USB_OTG_BSP_ConfigVBUS                   0x08003ea1   Thumb Code     2  usb_bsp.o(i.USB_OTG_BSP_ConfigVBUS)
    USB_OTG_BSP_DriveVBUS                    0x08003ea3   Thumb Code     2  usb_bsp.o(i.USB_OTG_BSP_DriveVBUS)
    USB_OTG_BSP_EnableInterrupt              0x08003ea5   Thumb Code    44  usb_bsp.o(i.USB_OTG_BSP_EnableInterrupt)
    USB_OTG_BSP_Init                         0x08003ed1   Thumb Code    72  usb_bsp.o(i.USB_OTG_BSP_Init)
    USB_OTG_BSP_TimerIRQ                     0x08003f55   Thumb Code    50  usb_bsp.o(i.USB_OTG_BSP_TimerIRQ)
    USB_OTG_BSP_mDelay                       0x08003f8d   Thumb Code    14  usb_bsp.o(i.USB_OTG_BSP_mDelay)
    USB_OTG_BSP_uDelay                       0x08003f9b   Thumb Code    14  usb_bsp.o(i.USB_OTG_BSP_uDelay)
    USB_OTG_CoreInit                         0x08003fa9   Thumb Code   306  usb_core.o(i.USB_OTG_CoreInit)
    USB_OTG_CoreInitHost                     0x080040db   Thumb Code   218  usb_core.o(i.USB_OTG_CoreInitHost)
    USB_OTG_DisableGlobalInt                 0x08004225   Thumb Code    34  usb_core.o(i.USB_OTG_DisableGlobalInt)
    USB_OTG_DriveVbus                        0x08004247   Thumb Code    92  usb_core.o(i.USB_OTG_DriveVbus)
    USB_OTG_EnableGlobalInt                  0x080042d7   Thumb Code    34  usb_core.o(i.USB_OTG_EnableGlobalInt)
    USB_OTG_EnableHostInt                    0x080042f9   Thumb Code   116  usb_core.o(i.USB_OTG_EnableHostInt)
    USB_OTG_FlushRxFifo                      0x0800436d   Thumb Code    70  usb_core.o(i.USB_OTG_FlushRxFifo)
    USB_OTG_FlushTxFifo                      0x080043b9   Thumb Code    80  usb_core.o(i.USB_OTG_FlushTxFifo)
    USB_OTG_GetMode                          0x0800440d   Thumb Code    12  usb_core.o(i.USB_OTG_GetMode)
    USB_OTG_HC_DoPing                        0x08004419   Thumb Code    90  usb_core.o(i.USB_OTG_HC_DoPing)
    USB_OTG_HC_Halt                          0x08004473   Thumb Code   130  usb_core.o(i.USB_OTG_HC_Halt)
    USB_OTG_HC_Init                          0x080044f5   Thumb Code   568  usb_core.o(i.USB_OTG_HC_Init)
    USB_OTG_HC_StartXfer                     0x0800472d   Thumb Code   502  usb_core.o(i.USB_OTG_HC_StartXfer)
    USB_OTG_InitFSLSPClkSel                  0x08004923   Thumb Code    24  usb_core.o(i.USB_OTG_InitFSLSPClkSel)
    USB_OTG_IsEvenFrame                      0x0800493b   Thumb Code    16  usb_core.o(i.USB_OTG_IsEvenFrame)
    USB_OTG_IsHostMode                       0x0800494b   Thumb Code    20  usb_core.o(i.USB_OTG_IsHostMode)
    USB_OTG_ReadCoreItr                      0x0800495f   Thumb Code    16  usb_core.o(i.USB_OTG_ReadCoreItr)
    USB_OTG_ReadHPRT0                        0x0800496f   Thumb Code    48  usb_core.o(i.USB_OTG_ReadHPRT0)
    USB_OTG_ReadHostAllChannels_intr         0x0800499f   Thumb Code     8  usb_core.o(i.USB_OTG_ReadHostAllChannels_intr)
    USB_OTG_ReadPacket                       0x080049a7   Thumb Code    40  usb_core.o(i.USB_OTG_ReadPacket)
    USB_OTG_ResetPort                        0x080049cf   Thumb Code    64  usb_core.o(i.USB_OTG_ResetPort)
    USB_OTG_SelectCore                       0x08004a11   Thumb Code   212  usb_core.o(i.USB_OTG_SelectCore)
    USB_OTG_SetCurrentMode                   0x08004ae9   Thumb Code    78  usb_core.o(i.USB_OTG_SetCurrentMode)
    USB_OTG_WritePacket                      0x08005909   Thumb Code    64  usb_core.o(i.USB_OTG_WritePacket)
    UsageFault_Handler                       0x08005c8d   Thumb Code     4  stm32f4xx_it.o(i.UsageFault_Handler)
    __0printf$8                              0x08005c91   Thumb Code    22  printf8.o(i.__0printf$8)
    __1printf$8                              0x08005c91   Thumb Code     0  printf8.o(i.__0printf$8)
    __2printf                                0x08005c91   Thumb Code     0  printf8.o(i.__0printf$8)
    __0sprintf$8                             0x08005cb1   Thumb Code    34  printf8.o(i.__0sprintf$8)
    __1sprintf$8                             0x08005cb1   Thumb Code     0  printf8.o(i.__0sprintf$8)
    __2sprintf                               0x08005cb1   Thumb Code     0  printf8.o(i.__0sprintf$8)
    __scatterload_copy                       0x08005cd9   Thumb Code    14  handlers.o(i.__scatterload_copy)
    __scatterload_null                       0x08005ce7   Thumb Code     2  handlers.o(i.__scatterload_null)
    __scatterload_zeroinit                   0x08005ce9   Thumb Code    14  handlers.o(i.__scatterload_zeroinit)
    bartworth                                0x08006171   Thumb Code  5742  main.o(i.bartworth)
    bsp_CheckTimer                           0x08007801   Thumb Code    48  bsp_timer.o(i.bsp_CheckTimer)
    bsp_Idle                                 0x08007901   Thumb Code     2  bsp.o(i.bsp_Idle)
    bsp_Init                                 0x08007903   Thumb Code    16  bsp.o(i.bsp_Init)
    bsp_InitAD7606                           0x08007915   Thumb Code    36  bsp_ad7606.o(i.bsp_InitAD7606)
    bsp_InitKey                              0x0800793d   Thumb Code     8  bsp_key.o(i.bsp_InitKey)
    bsp_InitTimer                            0x08007a19   Thumb Code   136  bsp_timer.o(i.bsp_InitTimer)
    bsp_InitUart                             0x08007ab1   Thumb Code    16  bsp_uart_fifo.o(i.bsp_InitUart)
    bsp_KeyScan                              0x08007ac1   Thumb Code    22  bsp_key.o(i.bsp_KeyScan)
    bsp_PutKey                               0x08007ad9   Thumb Code    28  bsp_key.o(i.bsp_PutKey)
    bsp_RunPer10ms                           0x08007af9   Thumb Code     8  bsp.o(i.bsp_RunPer10ms)
    bsp_RunPer1ms                            0x08007b01   Thumb Code     2  bsp.o(i.bsp_RunPer1ms)
    bsp_StartAutoTimer                       0x08007b21   Thumb Code    84  bsp_timer.o(i.bsp_StartAutoTimer)
    bsp_StopTimer                            0x08007bc9   Thumb Code    66  bsp_timer.o(i.bsp_StopTimer)
    clust2sect                               0x0800816d   Thumb Code    26  ff.o(i.clust2sect)
    comSendBuf                               0x08008219   Thumb Code    46  bsp_uart_fifo.o(i.comSendBuf)
    comSendChar                              0x08008247   Thumb Code    16  bsp_uart_fifo.o(i.comSendChar)
    comSendHalfword                          0x08008257   Thumb Code    36  bsp_uart_fifo.o(i.comSendHalfword)
    comSendword                              0x0800827b   Thumb Code    32  bsp_uart_fifo.o(i.comSendword)
    delay_us                                 0x08008625   Thumb Code    40  main.o(i.delay_us)
    disk_initialize                          0x08008a69   Thumb Code    30  diskio.o(i.disk_initialize)
    disk_ioctl                               0x08008a8d   Thumb Code    72  diskio.o(i.disk_ioctl)
    disk_read                                0x08008ad9   Thumb Code    86  diskio.o(i.disk_read)
    disk_status                              0x08008b39   Thumb Code    16  diskio.o(i.disk_status)
    disk_write                               0x08008b49   Thumb Code    86  diskio.o(i.disk_write)
    f_close                                  0x08008bd1   Thumb Code    32  ff.o(i.f_close)
    f_lseek                                  0x08008bf1   Thumb Code   430  ff.o(i.f_lseek)
    f_mount                                  0x08008da1   Thumb Code    48  ff.o(i.f_mount)
    f_open                                   0x08008dd5   Thumb Code   416  ff.o(i.f_open)
    f_opendir                                0x08008f75   Thumb Code   120  ff.o(i.f_opendir)
    f_sync                                   0x08008fed   Thumb Code   176  ff.o(i.f_sync)
    f_write                                  0x0800909d   Thumb Code   524  ff.o(i.f_write)
    ff_convert                               0x080092a9   Thumb Code   116  cc936.o(i.ff_convert)
    ff_wtoupper                              0x08009325   Thumb Code    46  cc936.o(i.ff_wtoupper)
    fputc                                    0x08009471   Thumb Code    18  bsp_uart_fifo.o(i.fputc)
    gen_numname                              0x08009483   Thumb Code   190  ff.o(i.gen_numname)
    get_fat                                  0x08009541   Thumb Code   228  ff.o(i.get_fat)
    get_fattime                              0x08009625   Thumb Code     4  diskio.o(i.get_fattime)
    main                                     0x08009729   Thumb Code  3890  main.o(i.main)
    put_fat                                  0x0800a6ef   Thumb Code   310  ff.o(i.put_fat)
    MSG_HOST_INIT                            0x08035712   Data          29  usbh_usr.o(.constdata)
    MSG_DEV_ATTACHED                         0x0803572f   Data          21  usbh_usr.o(.constdata)
    MSG_DEV_DISCONNECTED                     0x08035744   Data          24  usbh_usr.o(.constdata)
    MSG_DEV_ENUMERATED                       0x0803575c   Data          27  usbh_usr.o(.constdata)
    MSG_DEV_HIGHSPEED                        0x08035777   Data          31  usbh_usr.o(.constdata)
    MSG_DEV_FULLSPEED                        0x08035796   Data          31  usbh_usr.o(.constdata)
    MSG_DEV_LOWSPEED                         0x080357b5   Data          30  usbh_usr.o(.constdata)
    MSG_DEV_ERROR                            0x080357d3   Data          18  usbh_usr.o(.constdata)
    MSG_MSC_CLASS                            0x080357e5   Data          34  usbh_usr.o(.constdata)
    MSG_HID_CLASS                            0x08035807   Data          25  usbh_usr.o(.constdata)
    MSG_DISK_SIZE                            0x08035820   Data          33  usbh_usr.o(.constdata)
    MSG_LUN                                  0x08035841   Data          33  usbh_usr.o(.constdata)
    MSG_ROOT_CONT                            0x08035862   Data          29  usbh_usr.o(.constdata)
    MSG_WR_PROTECT                           0x0803587f   Data          32  usbh_usr.o(.constdata)
    MSG_UNREC_ERROR                          0x0803589f   Data          28  usbh_usr.o(.constdata)
    Region$$Table$$Base                      0x080358bc   Number         0  anon$$obj.o(Region$$Table)
    Region$$Table$$Limit                     0x080358dc   Number         0  anon$$obj.o(Region$$Table)
    count                                    0x20000000   Data           1  main.o(.data)
    count_1                                  0x20000001   Data           1  main.o(.data)
    biaozhi_lb                               0x20000004   Data           4  main.o(.data)
    biaozhi_lb_1                             0x20000008   Data           4  main.o(.data)
    sum                                      0x2000000c   Data           2  main.o(.data)
    sum_lb                                   0x2000000e   Data           2  main.o(.data)
    bart_a                                   0x20000010   Data          72  main.o(.data)
    bart_b                                   0x20000058   Data          72  main.o(.data)
    bart_count_x                             0x200000a0   Data           1  main.o(.data)
    bart_count_y                             0x200000a1   Data           1  main.o(.data)
    bart_count                               0x200000a4   Data           4  main.o(.data)
    biaozhi_bart                             0x200000a8   Data           4  main.o(.data)
    sum_lb_bart                              0x200000ac   Data           2  main.o(.data)
    g_iRunTime                               0x200000b8   Data           4  bsp_timer.o(.data)
    USART_RX_BUF                             0x200000be   Data           8  bsp_uart_fifo.o(.data)
    USART_RX_STA                             0x200000c6   Data           2  bsp_uart_fifo.o(.data)
    biaozhi                                  0x200000c9   Data           1  bsp_ad7606.o(.data)
    circle_count                             0x200000cc   Data           4  bsp_encoder.o(.data)
    SystemCoreClock                          0x200000e0   Data           4  system_stm32f4xx.o(.data)
    AHBPrescTable                            0x200000e4   Data          16  system_stm32f4xx.o(.data)
    MSC_Setup                                0x2000010c   Data           8  usbh_msc_core.o(.data)
    MSCErrorCount                            0x20000114   Data           1  usbh_msc_core.o(.data)
    USBH_MSC_cb                              0x20000118   Data          16  usbh_msc_core.o(.data)
    USBH_HCD_INT_cb                          0x2000012c   Data          12  usbh_core.o(.data)
    USBH_HCD_INT_fops                        0x20000138   Data           4  usbh_core.o(.data)
    USR_cb                                   0x20000144   Data          72  usbh_usr.o(.data)
    HSEStartUpStatus                         0x20000190   Data           1  usb_bsp.o(.data)
    BSP_delay                                0x20000194   Data           4  usb_bsp.o(.data)
    __stdout                                 0x20000198   Data           4  stdout.o(.data)
    chan                                     0x2000021e   Data          12  main.o(.bss)
    bart_x                                   0x20000230   Data          72  main.o(.bss)
    bart_y                                   0x20000278   Data          72  main.o(.bss)
    g_tAD7606                                0x2000243e   Data          18  bsp_ad7606.o(.bss)
    g_tAdcFifo                               0x20002450   Data       16394  bsp_ad7606.o(.bss)
    USBH_MSC_CBWData                         0x2000648c   Data          32  usbh_msc_bot.o(.bss)
    USBH_MSC_CSWData                         0x200064ac   Data          16  usbh_msc_bot.o(.bss)
    USBH_MSC_BOTXferParam                    0x200064bc   Data          16  usbh_msc_bot.o(.bss)
    MSC_Machine                              0x200064cc   Data         522  usbh_msc_core.o(.bss)
    USBH_MSC_Param                           0x200066d8   Data          16  usbh_msc_scsi.o(.bss)
    USBH_DataInBuffer                        0x200066e8   Data         512  usbh_msc_scsi.o(.bss)
    USBH_DataOutBuffer                       0x200068e8   Data         512  usbh_msc_scsi.o(.bss)
    USBH_CfgDesc                             0x20006ae8   Data         512  usbh_stdreq.o(.bss)
    USB_OTG_Core                             0x20006ce8   Data        1452  usbh_usr.o(.bss)
    USB_Host                                 0x20007294   Data         132  usbh_usr.o(.bss)
    __initial_sp                             0x2000b318   Data           0  startup_stm32f40_41xxx.o(STACK)



==============================================================================

Memory Map of the image

  Image Entry point : 0x08000189

  Load Region LR_IROM1 (Base: 0x08000000, Size: 0x00035a78, Max: 0x00100000, ABSOLUTE, COMPRESSED[0x000359c0])

    Execution Region ER_IROM1 (Base: 0x08000000, Size: 0x000358dc, Max: 0x00100000, ABSOLUTE)

    Base Addr    Size         Type   Attr      Idx    E Section Name        Object

    0x08000000   0x00000188   Data   RO         1291    RESET               startup_stm32f40_41xxx.o
    0x08000188   0x00000000   Code   RO         4245  * .ARM.Collect$$$$00000000  mc_w.l(entry.o)
    0x08000188   0x00000004   Code   RO         4525    .ARM.Collect$$$$00000001  mc_w.l(entry2.o)
    0x0800018c   0x00000004   Code   RO         4528    .ARM.Collect$$$$00000004  mc_w.l(entry5.o)
    0x08000190   0x00000000   Code   RO         4530    .ARM.Collect$$$$00000008  mc_w.l(entry7b.o)
    0x08000190   0x00000000   Code   RO         4532    .ARM.Collect$$$$0000000A  mc_w.l(entry8b.o)
    0x08000190   0x00000008   Code   RO         4533    .ARM.Collect$$$$0000000B  mc_w.l(entry9a.o)
    0x08000198   0x00000000   Code   RO         4535    .ARM.Collect$$$$0000000D  mc_w.l(entry10a.o)
    0x08000198   0x00000000   Code   RO         4537    .ARM.Collect$$$$0000000F  mc_w.l(entry11a.o)
    0x08000198   0x00000004   Code   RO         4526    .ARM.Collect$$$$00002712  mc_w.l(entry2.o)
    0x0800019c   0x00000024   Code   RO         1292    .text               startup_stm32f40_41xxx.o
    0x080001c0   0x00000024   Code   RO         4248    .text               mc_w.l(memcpya.o)
    0x080001e4   0x00000024   Code   RO         4250    .text               mc_w.l(memseta.o)
    0x08000208   0x0000014e   Code   RO         4515    .text               mf_w.l(dadd.o)
    0x08000356   0x000000e4   Code   RO         4517    .text               mf_w.l(dmul.o)
    0x0800043a   0x000000de   Code   RO         4519    .text               mf_w.l(ddiv.o)
    0x08000518   0x00000022   Code   RO         4521    .text               mf_w.l(dflti.o)
    0x0800053a   0x0000003e   Code   RO         4523    .text               mf_w.l(dfixi.o)
    0x08000578   0x00000062   Code   RO         4542    .text               mc_w.l(uldiv.o)
    0x080005da   0x0000001e   Code   RO         4544    .text               mc_w.l(llshl.o)
    0x080005f8   0x00000020   Code   RO         4546    .text               mc_w.l(llushr.o)
    0x08000618   0x00000024   Code   RO         4548    .text               mc_w.l(llsshr.o)
    0x0800063c   0x00000000   Code   RO         4550    .text               mc_w.l(iusefp.o)
    0x0800063c   0x000000ba   Code   RO         4551    .text               mf_w.l(depilogue.o)
    0x080006f6   0x00000002   PAD
    0x080006f8   0x00000024   Code   RO         4557    .text               mc_w.l(init.o)
    0x0800071c   0x00000056   Code   RO         4567    .text               mc_w.l(__dczerorl2.o)
    0x08000772   0x00000002   PAD
    0x08000774   0x00000160   Code   RO         1152    i.AD7606_CtrlLinesConfig  bsp_ad7606.o
    0x080008d4   0x00000138   Code   RO         1153    i.AD7606_EnterAutoMode  bsp_ad7606.o
    0x08000a0c   0x0000005c   Code   RO         1154    i.AD7606_FSMCConfig  bsp_ad7606.o
    0x08000a68   0x00000014   Code   RO         1155    i.AD7606_ISR        bsp_ad7606.o
    0x08000a7c   0x00000068   Code   RO         1156    i.AD7606_ReadNowAdc  bsp_ad7606.o
    0x08000ae4   0x00000018   Code   RO         1157    i.AD7606_Reset      bsp_ad7606.o
    0x08000afc   0x0000002c   Code   RO         1158    i.AD7606_SetInputRange  bsp_ad7606.o
    0x08000b28   0x000000bc   Code   RO         1159    i.AD7606_SetOS      bsp_ad7606.o
    0x08000be4   0x00000018   Code   RO         1160    i.AD7606_StartConvst  bsp_ad7606.o
    0x08000bfc   0x00000018   Code   RO         1161    i.AD7606_StartRecord  bsp_ad7606.o
    0x08000c14   0x00000068   Code   RO         1162    i.AD7606_StopRecord  bsp_ad7606.o
    0x08000c7c   0x0000002c   Code   RO         4146    i.BSP_Delay         usb_bsp.o
    0x08000ca8   0x0000006a   Code   RO         4147    i.BSP_SetTime       usb_bsp.o
    0x08000d12   0x00000004   Code   RO          781    i.BusFault_Handler  stm32f4xx_it.o
    0x08000d16   0x00000002   PAD
    0x08000d18   0x00000044   Code   RO          618    i.ComToUart         bsp_uart_fifo.o
    0x08000d5c   0x0000006a   Code   RO          619    i.ConfigUartNVIC    bsp_uart_fifo.o
    0x08000dc6   0x00000002   Code   RO          782    i.DebugMon_Handler  stm32f4xx_it.o
    0x08000dc8   0x00000016   Code   RO         1163    i.EXTI9_5_IRQHandler  bsp_ad7606.o
    0x08000dde   0x00000002   PAD
    0x08000de0   0x0000000c   Code   RO         2703    i.EXTI_ClearITPendingBit  stm32f4xx_exti.o
    0x08000dec   0x00000018   Code   RO         2707    i.EXTI_GetITStatus  stm32f4xx_exti.o
    0x08000e04   0x00000094   Code   RO         2708    i.EXTI_Init         stm32f4xx_exti.o
    0x08000e98   0x0000000c   Code   RO         1249    i.Encoder_Init      bsp_encoder.o
    0x08000ea4   0x00000048   Code   RO         1250    i.Encoder_TIM4_IO_Init  bsp_encoder.o
    0x08000eec   0x000000a8   Code   RO         1251    i.Encoder_TIM4_Init  bsp_encoder.o
    0x08000f94   0x00000034   Code   RO         2585    i.FSMC_NORSRAMCmd   stm32f4xx_fsmc.o
    0x08000fc8   0x000000e6   Code   RO         2587    i.FSMC_NORSRAMInit  stm32f4xx_fsmc.o
    0x080010ae   0x00000090   Code   RO         1727    i.GPIO_Init         stm32f4xx_gpio.o
    0x0800113e   0x00000046   Code   RO         1728    i.GPIO_PinAFConfig  stm32f4xx_gpio.o
    0x08001184   0x0000000a   Code   RO         3931    i.HCD_GetCurrentFrame  usb_hcd.o
    0x0800118e   0x00000014   Code   RO         3932    i.HCD_GetCurrentSpeed  usb_hcd.o
    0x080011a2   0x0000000a   Code   RO         3934    i.HCD_GetURB_State  usb_hcd.o
    0x080011ac   0x0000000c   Code   RO         3935    i.HCD_GetXferCnt    usb_hcd.o
    0x080011b8   0x00000060   Code   RO         3937    i.HCD_Init          usb_hcd.o
    0x08001218   0x00000008   Code   RO         3938    i.HCD_IsDeviceConnected  usb_hcd.o
    0x08001220   0x0000000e   Code   RO         3939    i.HCD_ResetPort     usb_hcd.o
    0x0800122e   0x00000020   Code   RO         3940    i.HCD_SubmitRequest  usb_hcd.o
    0x0800124e   0x00000002   PAD
    0x08001250   0x00000058   Code   RO          783    i.HardFault_Handler  stm32f4xx_it.o
    0x080012a8   0x000002a8   Code   RO          620    i.InitHardUart      bsp_uart_fifo.o
    0x08001550   0x00000018   Code   RO         1023    i.IsKeyDown1        bsp_key.o
    0x08001568   0x00000016   Code   RO         1024    i.IsKeyDown10       bsp_key.o
    0x0800157e   0x00000002   PAD
    0x08001580   0x00000018   Code   RO         1025    i.IsKeyDown2        bsp_key.o
    0x08001598   0x00000018   Code   RO         1026    i.IsKeyDown3        bsp_key.o
    0x080015b0   0x00000018   Code   RO         1027    i.IsKeyDown4        bsp_key.o
    0x080015c8   0x00000018   Code   RO         1028    i.IsKeyDown5        bsp_key.o
    0x080015e0   0x00000018   Code   RO         1029    i.IsKeyDown6        bsp_key.o
    0x080015f8   0x00000018   Code   RO         1030    i.IsKeyDown7        bsp_key.o
    0x08001610   0x00000018   Code   RO         1031    i.IsKeyDown8        bsp_key.o
    0x08001628   0x00000016   Code   RO         1032    i.IsKeyDown9        bsp_key.o
    0x0800163e   0x00000004   Code   RO          784    i.MemManage_Handler  stm32f4xx_it.o
    0x08001642   0x00000002   Code   RO          785    i.NMI_Handler       stm32f4xx_it.o
    0x08001644   0x00000078   Code   RO         1682    i.NVIC_Init         misc.o
    0x080016bc   0x00000014   Code   RO         1683    i.NVIC_PriorityGroupConfig  misc.o
    0x080016d0   0x00000014   Code   RO         1684    i.NVIC_SetVectorTable  misc.o
    0x080016e4   0x00000010   Code   RO         4220    i.OTG_HS_IRQHandler  usbh_it.o
    0x080016f4   0x00000002   Code   RO          786    i.PendSV_Handler    stm32f4xx_it.o
    0x080016f6   0x00000002   PAD
    0x080016f8   0x00000020   Code   RO         1298    i.RCC_AHB1PeriphClockCmd  stm32f4xx_rcc.o
    0x08001718   0x00000020   Code   RO         1304    i.RCC_AHB3PeriphClockCmd  stm32f4xx_rcc.o
    0x08001738   0x00000020   Code   RO         1307    i.RCC_APB1PeriphClockCmd  stm32f4xx_rcc.o
    0x08001758   0x00000020   Code   RO         1310    i.RCC_APB2PeriphClockCmd  stm32f4xx_rcc.o
    0x08001778   0x000000e8   Code   RO         1319    i.RCC_GetClocksFreq  stm32f4xx_rcc.o
    0x08001860   0x00000002   Code   RO          787    i.SVC_Handler       stm32f4xx_it.o
    0x08001862   0x00000002   PAD
    0x08001864   0x00000040   Code   RO         1629    i.SYSCFG_EXTILineConfig  stm32f4xx_syscfg.o
    0x080018a4   0x000000ec   Code   RO         2764    i.SetSysClock       system_stm32f4xx.o
    0x08001990   0x00000008   Code   RO          508    i.SysTick_Handler   bsp_timer.o
    0x08001998   0x00000084   Code   RO          509    i.SysTick_ISR       bsp_timer.o
    0x08001a1c   0x00000068   Code   RO         2766    i.SystemInit        system_stm32f4xx.o
    0x08001a84   0x0000003a   Code   RO         2012    i.TI1_Config        stm32f4xx_tim.o
    0x08001abe   0x00000050   Code   RO         2013    i.TI2_Config        stm32f4xx_tim.o
    0x08001b0e   0x00000048   Code   RO         2014    i.TI3_Config        stm32f4xx_tim.o
    0x08001b56   0x00000050   Code   RO         2015    i.TI4_Config        stm32f4xx_tim.o
    0x08001ba6   0x00000008   Code   RO         4221    i.TIM2_IRQHandler   usbh_it.o
    0x08001bae   0x00000002   PAD
    0x08001bb0   0x0000004c   Code   RO         1252    i.TIM4_IRQHandler   bsp_encoder.o
    0x08001bfc   0x00000018   Code   RO         2016    i.TIM_ARRPreloadConfig  stm32f4xx_tim.o
    0x08001c14   0x00000006   Code   RO         2023    i.TIM_ClearITPendingBit  stm32f4xx_tim.o
    0x08001c1a   0x00000018   Code   RO         2028    i.TIM_Cmd           stm32f4xx_tim.o
    0x08001c32   0x00000042   Code   RO         2037    i.TIM_EncoderInterfaceConfig  stm32f4xx_tim.o
    0x08001c74   0x00000006   Code   RO         2047    i.TIM_GetCounter    stm32f4xx_tim.o
    0x08001c7a   0x00000022   Code   RO         2049    i.TIM_GetITStatus   stm32f4xx_tim.o
    0x08001c9c   0x0000006e   Code   RO         2051    i.TIM_ICInit        stm32f4xx_tim.o
    0x08001d0a   0x00000012   Code   RO         2052    i.TIM_ICStructInit  stm32f4xx_tim.o
    0x08001d1c   0x00000012   Code   RO         2053    i.TIM_ITConfig      stm32f4xx_tim.o
    0x08001d2e   0x00000002   PAD
    0x08001d30   0x000000a0   Code   RO         2067    i.TIM_OC3Init       stm32f4xx_tim.o
    0x08001dd0   0x00000012   Code   RO         2070    i.TIM_OC3PreloadConfig  stm32f4xx_tim.o
    0x08001de2   0x00000004   Code   RO         2094    i.TIM_SetCounter    stm32f4xx_tim.o
    0x08001de6   0x00000012   Code   RO         2095    i.TIM_SetIC1Prescaler  stm32f4xx_tim.o
    0x08001df8   0x0000001a   Code   RO         2096    i.TIM_SetIC2Prescaler  stm32f4xx_tim.o
    0x08001e12   0x00000012   Code   RO         2097    i.TIM_SetIC3Prescaler  stm32f4xx_tim.o
    0x08001e24   0x0000001a   Code   RO         2098    i.TIM_SetIC4Prescaler  stm32f4xx_tim.o
    0x08001e3e   0x00000002   PAD
    0x08001e40   0x00000084   Code   RO         2100    i.TIM_TimeBaseInit  stm32f4xx_tim.o
    0x08001ec4   0x00000010   Code   RO          621    i.USART1_IRQHandler  bsp_uart_fifo.o
    0x08001ed4   0x00000010   Code   RO          622    i.USART2_IRQHandler  bsp_uart_fifo.o
    0x08001ee4   0x00000010   Code   RO          623    i.USART3_IRQHandler  bsp_uart_fifo.o
    0x08001ef4   0x0000000c   Code   RO          624    i.USART3_SendBefor  bsp_uart_fifo.o
    0x08001f00   0x0000000c   Code   RO          625    i.USART3_SendOver   bsp_uart_fifo.o
    0x08001f0c   0x00000010   Code   RO          626    i.USART6_IRQHandler  bsp_uart_fifo.o
    0x08001f1c   0x00000012   Code   RO         1824    i.USART_ClearFlag   stm32f4xx_usart.o
    0x08001f2e   0x00000018   Code   RO         1828    i.USART_Cmd         stm32f4xx_usart.o
    0x08001f46   0x00000054   Code   RO         1832    i.USART_GetITStatus  stm32f4xx_usart.o
    0x08001f9a   0x0000004a   Code   RO         1834    i.USART_ITConfig    stm32f4xx_usart.o
    0x08001fe4   0x000000d4   Code   RO         1835    i.USART_Init        stm32f4xx_usart.o
    0x080020b8   0x0000000a   Code   RO         1842    i.USART_ReceiveData  stm32f4xx_usart.o
    0x080020c2   0x00000008   Code   RO         1845    i.USART_SendData    stm32f4xx_usart.o
    0x080020ca   0x00000026   Code   RO         3447    i.USBH_Alloc_Channel  usbh_hcs.o
    0x080020f0   0x00000060   Code   RO         3496    i.USBH_BulkReceiveData  usbh_ioreq.o
    0x08002150   0x0000005e   Code   RO         3497    i.USBH_BulkSendData  usbh_ioreq.o
    0x080021ae   0x0000004c   Code   RO         3575    i.USBH_ClrFeature   usbh_stdreq.o
    0x080021fa   0x0000000c   Code   RO         3374    i.USBH_Connected    usbh_core.o
    0x08002206   0x00000046   Code   RO         3498    i.USBH_CtlReceiveData  usbh_ioreq.o
    0x0800224c   0x00000064   Code   RO         3499    i.USBH_CtlReq       usbh_ioreq.o
    0x080022b0   0x0000006e   Code   RO         3500    i.USBH_CtlSendData  usbh_ioreq.o
    0x0800231e   0x00000042   Code   RO         3501    i.USBH_CtlSendSetup  usbh_ioreq.o
    0x08002360   0x0000001c   Code   RO         3448    i.USBH_DeAllocate_AllChannel  usbh_hcs.o
    0x0800237c   0x0000003a   Code   RO         3375    i.USBH_DeInit       usbh_core.o
    0x080023b6   0x0000000c   Code   RO         3376    i.USBH_Disconnected  usbh_core.o
    0x080023c2   0x0000002e   Code   RO         3377    i.USBH_ErrorHandle  usbh_core.o
    0x080023f0   0x0000001e   Code   RO         3449    i.USBH_Free_Channel  usbh_hcs.o
    0x0800240e   0x00000044   Code   RO         3576    i.USBH_GetDescriptor  usbh_stdreq.o
    0x08002452   0x00000028   Code   RO         3450    i.USBH_GetFreeChannel  usbh_hcs.o
    0x0800247a   0x00000012   Code   RO         3577    i.USBH_GetNextDesc  usbh_stdreq.o
    0x0800248c   0x0000005c   Code   RO         3578    i.USBH_Get_CfgDesc  usbh_stdreq.o
    0x080024e8   0x00000038   Code   RO         3579    i.USBH_Get_DevDesc  usbh_stdreq.o
    0x08002520   0x0000003c   Code   RO         3580    i.USBH_Get_StringDesc  usbh_stdreq.o
    0x0800255c   0x00000224   Code   RO         3378    i.USBH_HandleControl  usbh_core.o
    0x08002780   0x000001dc   Code   RO         3379    i.USBH_HandleEnum   usbh_core.o
    0x0800295c   0x00000044   Code   RO         3380    i.USBH_Init         usbh_core.o
    0x080029a0   0x00000024   Code   RO         3260    i.USBH_MSC_BOTReset  usbh_msc_core.o
    0x080029c4   0x00000060   Code   RO         3205    i.USBH_MSC_BOT_Abort  usbh_msc_bot.o
    0x08002a24   0x00000014   Code   RO         3261    i.USBH_MSC_ClassRequest  usbh_msc_core.o
    0x08002a38   0x00000080   Code   RO         3206    i.USBH_MSC_DecodeCSW  usbh_msc_bot.o
    0x08002ab8   0x00000044   Code   RO         3262    i.USBH_MSC_ErrorHandle  usbh_msc_core.o
    0x08002afc   0x0000002c   Code   RO         3263    i.USBH_MSC_GETMaxLUN  usbh_msc_core.o
    0x08002b28   0x000001a8   Code   RO         3264    i.USBH_MSC_Handle   usbh_msc_core.o
    0x08002cd0   0x00000350   Code   RO         3207    i.USBH_MSC_HandleBOTXfer  usbh_msc_bot.o
    0x08003020   0x00000044   Code   RO         3208    i.USBH_MSC_Init     usbh_msc_bot.o
    0x08003064   0x0000004c   Code   RO         3265    i.USBH_MSC_InterfaceDeInit  usbh_msc_core.o
    0x080030b0   0x000000d0   Code   RO         3266    i.USBH_MSC_InterfaceInit  usbh_msc_core.o
    0x08003180   0x000000d0   Code   RO         3317    i.USBH_MSC_ModeSense6  usbh_msc_scsi.o
    0x08003250   0x00000100   Code   RO         3318    i.USBH_MSC_Read10   usbh_msc_scsi.o
    0x08003350   0x000000dc   Code   RO         3319    i.USBH_MSC_ReadCapacity10  usbh_msc_scsi.o
    0x0800342c   0x000000e0   Code   RO         3320    i.USBH_MSC_RequestSense  usbh_msc_scsi.o
    0x0800350c   0x000000b0   Code   RO         3321    i.USBH_MSC_TestUnitReady  usbh_msc_scsi.o
    0x080035bc   0x000000e4   Code   RO         3322    i.USBH_MSC_Write10  usbh_msc_scsi.o
    0x080036a0   0x00000064   Code   RO         3451    i.USBH_Modify_Channel  usbh_hcs.o
    0x08003704   0x000000a8   Code   RO         3675    i.USBH_OTG_ISR_Handler  usb_hcd_int.o
    0x080037ac   0x0000009a   Code   RO         3452    i.USBH_Open_Channel  usbh_hcs.o
    0x08003846   0x00000002   PAD
    0x08003848   0x0000011c   Code   RO         3581    i.USBH_ParseCfgDesc  usbh_stdreq.o
    0x08003964   0x00000058   Code   RO         3582    i.USBH_ParseDevDesc  usbh_stdreq.o
    0x080039bc   0x00000020   Code   RO         3583    i.USBH_ParseEPDesc  usbh_stdreq.o
    0x080039dc   0x00000026   Code   RO         3584    i.USBH_ParseInterfaceDesc  usbh_stdreq.o
    0x08003a02   0x00000036   Code   RO         3585    i.USBH_ParseStringDesc  usbh_stdreq.o
    0x08003a38   0x00000198   Code   RO         3381    i.USBH_Process      usbh_core.o
    0x08003bd0   0x00000006   Code   RO         3382    i.USBH_SOF          usbh_core.o
    0x08003bd6   0x00000026   Code   RO         3586    i.USBH_SetAddress   usbh_stdreq.o
    0x08003bfc   0x00000026   Code   RO         3587    i.USBH_SetCfg       usbh_stdreq.o
    0x08003c22   0x00000018   Code   RO         3506    i.USBH_SubmitSetupRequest  usbh_ioreq.o
    0x08003c3a   0x00000002   PAD
    0x08003c3c   0x00000034   Code   RO         4005    i.USBH_USR_Configuration_DescAvailable  usbh_usr.o
    0x08003c70   0x00000002   Code   RO         4006    i.USBH_USR_DeInit   usbh_usr.o
    0x08003c72   0x00000002   Code   RO         4007    i.USBH_USR_DeviceAddressAssigned  usbh_usr.o
    0x08003c74   0x00000010   Code   RO         4008    i.USBH_USR_DeviceAttached  usbh_usr.o
    0x08003c84   0x00000010   Code   RO         4009    i.USBH_USR_DeviceDisconnected  usbh_usr.o
    0x08003c94   0x00000028   Code   RO         4010    i.USBH_USR_DeviceNotSupported  usbh_usr.o
    0x08003cbc   0x00000040   Code   RO         4011    i.USBH_USR_DeviceSpeedDetected  usbh_usr.o
    0x08003cfc   0x00000038   Code   RO         4012    i.USBH_USR_Device_DescAvailable  usbh_usr.o
    0x08003d34   0x00000010   Code   RO         4013    i.USBH_USR_EnumerationDone  usbh_usr.o
    0x08003d44   0x00000080   Code   RO         4014    i.USBH_USR_Init     usbh_usr.o
    0x08003dc4   0x00000004   Code   RO         4015    i.USBH_USR_MSC_Application  usbh_usr.o
    0x08003dc8   0x00000028   Code   RO         4016    i.USBH_USR_Manufacturer_String  usbh_usr.o
    0x08003df0   0x00000028   Code   RO         4017    i.USBH_USR_OverCurrentDetected  usbh_usr.o
    0x08003e18   0x00000024   Code   RO         4018    i.USBH_USR_Product_String  usbh_usr.o
    0x08003e3c   0x00000028   Code   RO         4019    i.USBH_USR_ResetDevice  usbh_usr.o
    0x08003e64   0x00000028   Code   RO         4020    i.USBH_USR_SerialNum_String  usbh_usr.o
    0x08003e8c   0x00000010   Code   RO         4021    i.USBH_USR_UnrecoveredError  usbh_usr.o
    0x08003e9c   0x00000004   Code   RO         4022    i.USBH_USR_UserInput  usbh_usr.o
    0x08003ea0   0x00000002   Code   RO         4148    i.USB_OTG_BSP_ConfigVBUS  usb_bsp.o
    0x08003ea2   0x00000002   Code   RO         4149    i.USB_OTG_BSP_DriveVBUS  usb_bsp.o
    0x08003ea4   0x0000002c   Code   RO         4150    i.USB_OTG_BSP_EnableInterrupt  usb_bsp.o
    0x08003ed0   0x0000004c   Code   RO         4151    i.USB_OTG_BSP_Init  usb_bsp.o
    0x08003f1c   0x00000038   Code   RO         4152    i.USB_OTG_BSP_TimeInit  usb_bsp.o
    0x08003f54   0x00000038   Code   RO         4153    i.USB_OTG_BSP_TimerIRQ  usb_bsp.o
    0x08003f8c   0x0000000e   Code   RO         4154    i.USB_OTG_BSP_mDelay  usb_bsp.o
    0x08003f9a   0x0000000e   Code   RO         4155    i.USB_OTG_BSP_uDelay  usb_bsp.o
    0x08003fa8   0x00000132   Code   RO         3745    i.USB_OTG_CoreInit  usb_core.o
    0x080040da   0x000000da   Code   RO         3746    i.USB_OTG_CoreInitHost  usb_core.o
    0x080041b4   0x00000070   Code   RO         3747    i.USB_OTG_CoreReset  usb_core.o
    0x08004224   0x00000022   Code   RO         3748    i.USB_OTG_DisableGlobalInt  usb_core.o
    0x08004246   0x0000005c   Code   RO         3749    i.USB_OTG_DriveVbus  usb_core.o
    0x080042a2   0x00000034   Code   RO         3750    i.USB_OTG_EnableCommonInt  usb_core.o
    0x080042d6   0x00000022   Code   RO         3751    i.USB_OTG_EnableGlobalInt  usb_core.o
    0x080042f8   0x00000074   Code   RO         3752    i.USB_OTG_EnableHostInt  usb_core.o
    0x0800436c   0x0000004c   Code   RO         3753    i.USB_OTG_FlushRxFifo  usb_core.o
    0x080043b8   0x00000054   Code   RO         3754    i.USB_OTG_FlushTxFifo  usb_core.o
    0x0800440c   0x0000000c   Code   RO         3755    i.USB_OTG_GetMode   usb_core.o
    0x08004418   0x0000005a   Code   RO         3756    i.USB_OTG_HC_DoPing  usb_core.o
    0x08004472   0x00000082   Code   RO         3757    i.USB_OTG_HC_Halt   usb_core.o
    0x080044f4   0x00000238   Code   RO         3758    i.USB_OTG_HC_Init   usb_core.o
    0x0800472c   0x000001f6   Code   RO         3759    i.USB_OTG_HC_StartXfer  usb_core.o
    0x08004922   0x00000018   Code   RO         3760    i.USB_OTG_InitFSLSPClkSel  usb_core.o
    0x0800493a   0x00000010   Code   RO         3762    i.USB_OTG_IsEvenFrame  usb_core.o
    0x0800494a   0x00000014   Code   RO         3763    i.USB_OTG_IsHostMode  usb_core.o
    0x0800495e   0x00000010   Code   RO         3764    i.USB_OTG_ReadCoreItr  usb_core.o
    0x0800496e   0x00000030   Code   RO         3765    i.USB_OTG_ReadHPRT0  usb_core.o
    0x0800499e   0x00000008   Code   RO         3766    i.USB_OTG_ReadHostAllChannels_intr  usb_core.o
    0x080049a6   0x00000028   Code   RO         3768    i.USB_OTG_ReadPacket  usb_core.o
    0x080049ce   0x00000040   Code   RO         3769    i.USB_OTG_ResetPort  usb_core.o
    0x08004a0e   0x00000002   PAD
    0x08004a10   0x000000d8   Code   RO         3770    i.USB_OTG_SelectCore  usb_core.o
    0x08004ae8   0x0000004e   Code   RO         3771    i.USB_OTG_SetCurrentMode  usb_core.o
    0x08004b36   0x00000002   PAD
    0x08004b38   0x0000002c   Code   RO         3676    i.USB_OTG_USBH_handle_Disconnect_ISR  usb_hcd_int.o
    0x08004b64   0x00000046   Code   RO         3677    i.USB_OTG_USBH_handle_IncompletePeriodicXfer_ISR  usb_hcd_int.o
    0x08004baa   0x00000056   Code   RO         3678    i.USB_OTG_USBH_handle_hc_ISR  usb_hcd_int.o
    0x08004c00   0x0000042a   Code   RO         3679    i.USB_OTG_USBH_handle_hc_n_In_ISR  usb_hcd_int.o
    0x0800502a   0x000003d0   Code   RO         3680    i.USB_OTG_USBH_handle_hc_n_Out_ISR  usb_hcd_int.o
    0x080053fa   0x0000012e   Code   RO         3681    i.USB_OTG_USBH_handle_nptxfempty_ISR  usb_hcd_int.o
    0x08005528   0x00000120   Code   RO         3682    i.USB_OTG_USBH_handle_port_ISR  usb_hcd_int.o
    0x08005648   0x0000012e   Code   RO         3683    i.USB_OTG_USBH_handle_ptxfempty_ISR  usb_hcd_int.o
    0x08005776   0x00000164   Code   RO         3684    i.USB_OTG_USBH_handle_rx_qlvl_ISR  usb_hcd_int.o
    0x080058da   0x00000002   PAD
    0x080058dc   0x0000002c   Code   RO         3685    i.USB_OTG_USBH_handle_sof_ISR  usb_hcd_int.o
    0x08005908   0x00000040   Code   RO         3773    i.USB_OTG_WritePacket  usb_core.o
    0x08005948   0x000000e6   Code   RO          628    i.UartIRQ           bsp_uart_fifo.o
    0x08005a2e   0x00000002   PAD
    0x08005a30   0x000000f0   Code   RO          629    i.UartIRQ1          bsp_uart_fifo.o
    0x08005b20   0x00000072   Code   RO          630    i.UartSend          bsp_uart_fifo.o
    0x08005b92   0x00000002   PAD
    0x08005b94   0x000000f8   Code   RO          631    i.UartVarInit       bsp_uart_fifo.o
    0x08005c8c   0x00000004   Code   RO          788    i.UsageFault_Handler  stm32f4xx_it.o
    0x08005c90   0x00000020   Code   RO         4461    i.__0printf$8       mc_w.l(printf8.o)
    0x08005cb0   0x00000028   Code   RO         4463    i.__0sprintf$8      mc_w.l(printf8.o)
    0x08005cd8   0x0000000e   Code   RO         4561    i.__scatterload_copy  mc_w.l(handlers.o)
    0x08005ce6   0x00000002   Code   RO         4562    i.__scatterload_null  mc_w.l(handlers.o)
    0x08005ce8   0x0000000e   Code   RO         4563    i.__scatterload_zeroinit  mc_w.l(handlers.o)
    0x08005cf6   0x00000006   Code   RO          510    i.__set_PRIMASK     bsp_timer.o
    0x08005cfc   0x00000006   Code   RO          632    i.__set_PRIMASK     bsp_uart_fifo.o
    0x08005d02   0x00000002   PAD
    0x08005d04   0x00000410   Code   RO         4468    i._printf_core      mc_w.l(printf8.o)
    0x08006114   0x00000024   Code   RO         4469    i._printf_post_padding  mc_w.l(printf8.o)
    0x08006138   0x0000002e   Code   RO         4470    i._printf_pre_padding  mc_w.l(printf8.o)
    0x08006166   0x0000000a   Code   RO         4472    i._sputc            mc_w.l(printf8.o)
    0x08006170   0x00001690   Code   RO            7    i.bartworth         main.o
    0x08007800   0x00000034   Code   RO          511    i.bsp_CheckTimer    bsp_timer.o
    0x08007834   0x000000cc   Code   RO         1034    i.bsp_DetectKey     bsp_key.o
    0x08007900   0x00000002   Code   RO          860    i.bsp_Idle          bsp.o
    0x08007902   0x00000010   Code   RO          861    i.bsp_Init          bsp.o
    0x08007912   0x00000002   PAD
    0x08007914   0x00000028   Code   RO         1164    i.bsp_InitAD7606    bsp_ad7606.o
    0x0800793c   0x00000008   Code   RO         1038    i.bsp_InitKey       bsp_key.o
    0x08007944   0x000000d4   Code   RO         1040    i.bsp_InitKeyVar    bsp_key.o
    0x08007a18   0x00000098   Code   RO          515    i.bsp_InitTimer     bsp_timer.o
    0x08007ab0   0x00000010   Code   RO          633    i.bsp_InitUart      bsp_uart_fifo.o
    0x08007ac0   0x00000016   Code   RO         1041    i.bsp_KeyScan       bsp_key.o
    0x08007ad6   0x00000002   PAD
    0x08007ad8   0x00000020   Code   RO         1042    i.bsp_PutKey        bsp_key.o
    0x08007af8   0x00000008   Code   RO          862    i.bsp_RunPer10ms    bsp.o
    0x08007b00   0x00000002   Code   RO          863    i.bsp_RunPer1ms     bsp.o
    0x08007b02   0x0000001c   Code   RO          516    i.bsp_SoftTimerDec  bsp_timer.o
    0x08007b1e   0x00000002   PAD
    0x08007b20   0x000000a8   Code   RO          517    i.bsp_StartAutoTimer  bsp_timer.o
    0x08007bc8   0x00000098   Code   RO          519    i.bsp_StopTimer     bsp_timer.o
    0x08007c60   0x00000090   Code   RO         2799    i.check_fs          ff.o
    0x08007cf0   0x00000018   Code   RO         2800    i.chk_chr           ff.o
    0x08007d08   0x0000008c   Code   RO         2801    i.chk_lock          ff.o
    0x08007d94   0x000003a8   Code   RO         2802    i.chk_mounted       ff.o
    0x0800813c   0x00000030   Code   RO         2803    i.clear_lock        ff.o
    0x0800816c   0x0000001a   Code   RO         2804    i.clust2sect        ff.o
    0x08008186   0x00000002   PAD
    0x08008188   0x00000090   Code   RO         2805    i.cmp_lfn           ff.o
    0x08008218   0x0000002e   Code   RO          637    i.comSendBuf        bsp_uart_fifo.o
    0x08008246   0x00000010   Code   RO          638    i.comSendChar       bsp_uart_fifo.o
    0x08008256   0x00000024   Code   RO          639    i.comSendHalfword   bsp_uart_fifo.o
    0x0800827a   0x00000020   Code   RO          640    i.comSendword       bsp_uart_fifo.o
    0x0800829a   0x000000ca   Code   RO         2806    i.create_chain      ff.o
    0x08008364   0x00000274   Code   RO         2807    i.create_name       ff.o
    0x080085d8   0x0000004c   Code   RO         2808    i.dec_lock          ff.o
    0x08008624   0x00000028   Code   RO            8    i.delay_us          main.o
    0x0800864c   0x00000056   Code   RO         2809    i.dir_alloc         ff.o
    0x080086a2   0x000000de   Code   RO         2810    i.dir_find          ff.o
    0x08008780   0x00000114   Code   RO         2811    i.dir_next          ff.o
    0x08008894   0x00000136   Code   RO         2813    i.dir_register      ff.o
    0x080089ca   0x0000009c   Code   RO         2815    i.dir_sdi           ff.o
    0x08008a66   0x00000002   PAD
    0x08008a68   0x00000024   Code   RO         3114    i.disk_initialize   diskio.o
    0x08008a8c   0x0000004c   Code   RO         3115    i.disk_ioctl        diskio.o
    0x08008ad8   0x00000060   Code   RO         3116    i.disk_read         diskio.o
    0x08008b38   0x00000010   Code   RO         3117    i.disk_status       diskio.o
    0x08008b48   0x00000060   Code   RO         3118    i.disk_write        diskio.o
    0x08008ba8   0x00000028   Code   RO         2816    i.enq_lock          ff.o
    0x08008bd0   0x00000020   Code   RO         2818    i.f_close           ff.o
    0x08008bf0   0x000001ae   Code   RO         2820    i.f_lseek           ff.o
    0x08008d9e   0x00000002   PAD
    0x08008da0   0x00000034   Code   RO         2822    i.f_mount           ff.o
    0x08008dd4   0x000001a0   Code   RO         2823    i.f_open            ff.o
    0x08008f74   0x00000078   Code   RO         2824    i.f_opendir         ff.o
    0x08008fec   0x000000b0   Code   RO         2829    i.f_sync            ff.o
    0x0800909c   0x0000020c   Code   RO         2833    i.f_write           ff.o
    0x080092a8   0x0000007c   Code   RO         3171    i.ff_convert        cc936.o
    0x08009324   0x00000038   Code   RO         3172    i.ff_wtoupper       cc936.o
    0x0800935c   0x00000080   Code   RO         2834    i.fit_lfn           ff.o
    0x080093dc   0x00000094   Code   RO         2835    i.follow_path       ff.o
    0x08009470   0x00000012   Code   RO          642    i.fputc             bsp_uart_fifo.o
    0x08009482   0x000000be   Code   RO         2836    i.gen_numname       ff.o
    0x08009540   0x000000e4   Code   RO         2837    i.get_fat           ff.o
    0x08009624   0x00000008   Code   RO         3119    i.get_fattime       diskio.o
    0x0800962c   0x000000dc   Code   RO         2839    i.inc_lock          ff.o
    0x08009708   0x00000020   Code   RO         2840    i.ld_clust          ff.o
    0x08009728   0x00000f40   Code   RO            9    i.main              main.o
    0x0800a668   0x00000026   Code   RO         2841    i.mem_cmp           ff.o
    0x0800a68e   0x0000001a   Code   RO         2842    i.mem_cpy           ff.o
    0x0800a6a8   0x00000014   Code   RO         2843    i.mem_set           ff.o
    0x0800a6bc   0x00000032   Code   RO         2844    i.move_window       ff.o
    0x0800a6ee   0x00000136   Code   RO         2846    i.put_fat           ff.o
    0x0800a824   0x00000068   Code   RO         2847    i.remove_chain      ff.o
    0x0800a88c   0x00000010   Code   RO         2848    i.st_clust          ff.o
    0x0800a89c   0x00000020   Code   RO         2849    i.sum_sfn           ff.o
    0x0800a8bc   0x000000c8   Code   RO         2850    i.sync_fs           ff.o
    0x0800a984   0x00000052   Code   RO         2851    i.sync_window       ff.o
    0x0800a9d6   0x00000036   Code   RO         2852    i.validate          ff.o
    0x0800aa0c   0x00000030   Data   RO          521    .constdata          bsp_timer.o
    0x0800aa3c   0x0000000d   Data   RO         2854    .constdata          ff.o
    0x0800aa49   0x00000001   PAD
    0x0800aa4a   0x0002acc8   Data   RO         3173    .constdata          cc936.o
    0x08035712   0x000001a9   Data   RO         4024    .constdata          usbh_usr.o
    0x080358bb   0x00000001   PAD
    0x080358bc   0x00000020   Data   RO         4559    Region$$Table       anon$$obj.o


    Execution Region RW_IRAM1 (Base: 0x20000000, Size: 0x0000b318, Max: 0x00020000, ABSOLUTE, COMPRESSED[0x000000e4])

    Base Addr    Size         Type   Attr      Idx    E Section Name        Object

    0x20000000   0x000000ae   Data   RW           11    .data               main.o
    0x200000ae   0x00000002   PAD
    0x200000b0   0x0000000d   Data   RW          522    .data               bsp_timer.o
    0x200000bd   0x00000001   PAD
    0x200000be   0x0000000b   Data   RW          644    .data               bsp_uart_fifo.o
    0x200000c9   0x00000001   Data   RW         1166    .data               bsp_ad7606.o
    0x200000ca   0x00000002   PAD
    0x200000cc   0x00000004   Data   RW         1253    .data               bsp_encoder.o
    0x200000d0   0x00000010   Data   RW         1350    .data               stm32f4xx_rcc.o
    0x200000e0   0x00000014   Data   RW         2767    .data               system_stm32f4xx.o
    0x200000f4   0x00000002   Data   RW         2855    .data               ff.o
    0x200000f6   0x00000002   PAD
    0x200000f8   0x00000011   Data   RW         3210    .data               usbh_msc_bot.o
    0x20000109   0x00000003   PAD
    0x2000010c   0x0000001d   Data   RW         3268    .data               usbh_msc_core.o
    0x20000129   0x00000001   Data   RW         3324    .data               usbh_msc_scsi.o
    0x2000012a   0x00000002   PAD
    0x2000012c   0x00000012   Data   RW         3383    .data               usbh_core.o
    0x2000013e   0x00000003   Data   RW         3590    .data               usbh_stdreq.o
    0x20000141   0x00000003   PAD
    0x20000144   0x00000049   Data   RW         4025    .data               usbh_usr.o
    0x2000018d   0x00000003   PAD
    0x20000190   0x00000008   Data   RW         4156    .data               usb_bsp.o
    0x20000198   0x00000004   Data   RW         4539    .data               mc_w.l(stdout.o)
    0x2000019c   0x00000004   PAD
    0x200001a0   0x00000120   Zero   RW           10    .bss                main.o
    0x200002c0   0x00000030   Zero   RW          520    .bss                bsp_timer.o
    0x200002f0   0x000020a0   Zero   RW          643    .bss                bsp_uart_fifo.o
    0x20002390   0x000000ad   Zero   RW         1044    .bss                bsp_key.o
    0x2000243d   0x00000001   PAD
    0x2000243e   0x0000401c   Zero   RW         1165    .bss                bsp_ad7606.o
    0x2000645a   0x00000002   PAD
    0x2000645c   0x00000030   Zero   RW         2853    .bss                ff.o
    0x2000648c   0x00000040   Zero   RW         3209    .bss                usbh_msc_bot.o
    0x200064cc   0x0000020a   Zero   RW         3267    .bss                usbh_msc_core.o
    0x200066d6   0x00000002   PAD
    0x200066d8   0x00000410   Zero   RW         3323    .bss                usbh_msc_scsi.o
    0x20006ae8   0x00000200   Zero   RW         3589    .bss                usbh_stdreq.o
    0x20006ce8   0x00000630   Zero   RW         4023    .bss                usbh_usr.o
    0x20007318   0x00004000   Zero   RW         1289    STACK               startup_stm32f40_41xxx.o


==============================================================================

Image component sizes


      Code (inc. data)   RO Data    RW Data    ZI Data      Debug   Object Name

        28          0          0          0          0       3915   bsp.o
      1350        100          0          1      16412       9336   bsp_ad7606.o
       328         20          0          4          0       2684   bsp_encoder.o
       714        106          0          0        173       9449   bsp_key.o
       698        212         48         13         48      34795   bsp_timer.o
      1944        162          0         11       8352      15231   bsp_uart_fifo.o
       180         18     175304          0          0       2823   cc936.o
         0          0          0          0          0     306792   demo_fatfs.o
       328         34          0          0          0       6052   diskio.o
      7086         88         13          2         48      39753   ff.o
      9720        334          0        174        288      14792   main.o
       160         32          0          0          0       2441   misc.o
        36          8        392          0      16384        960   startup_stm32f40_41xxx.o
       184         16          0          0          0       2440   stm32f4xx_exti.o
       282          6          0          0          0       2081   stm32f4xx_fsmc.o
       214          0          0          0          0       2035   stm32f4xx_gpio.o
       108         50          0          0          0       4212   stm32f4xx_it.o
       360         42          0         16          0       5752   stm32f4xx_rcc.o
        64          4          0          0          0        732   stm32f4xx_syscfg.o
       998         38          0          0          0      15737   stm32f4xx_tim.o
       430          8          0          0          0       6057   stm32f4xx_usart.o
       340         32          0         20          0       2021   system_stm32f4xx.o
       414         16          0          8          0       6768   usb_bsp.o
      3020         18          0          0          0      20379   usb_core.o
       202          0          0          0          0       5747   usb_hcd.o
      3702         16          0          0          0      11151   usb_hcd_int.o
      1634         42          0         18          0       9765   usbh_core.o
       390          0          0          0          0       5032   usbh_hcs.o
       560          0          0          0          0       6126   usbh_ioreq.o
        24          6          0          0          0       1078   usbh_it.o
      1140        100          0         17         64      15061   usbh_msc_bot.o
       876         62          0         29        522       7225   usbh_msc_core.o
      1312         88          0          1       1040       7848   usbh_msc_scsi.o
       942         14          0          3        512      11329   usbh_stdreq.o
       612        342        425         73       1584      12453   usbh_usr.o

    ----------------------------------------------------------------------
     40426       2014     176216        408      45432     610052   Object Totals
         0          0         32          0          0          0   (incl. Generated)
        46          0          2         18          5          0   (incl. Padding)

    ----------------------------------------------------------------------

      Code (inc. data)   RO Data    RW Data    ZI Data      Debug   Library Member Name

        86          0          0          0          0          0   __dczerorl2.o
         0          0          0          0          0          0   entry.o
         0          0          0          0          0          0   entry10a.o
         0          0          0          0          0          0   entry11a.o
         8          4          0          0          0          0   entry2.o
         4          0          0          0          0          0   entry5.o
         0          0          0          0          0          0   entry7b.o
         0          0          0          0          0          0   entry8b.o
         8          4          0          0          0          0   entry9a.o
        30          0          0          0          0          0   handlers.o
        36          8          0          0          0         68   init.o
         0          0          0          0          0          0   iusefp.o
        30          0          0          0          0         68   llshl.o
        36          0          0          0          0         68   llsshr.o
        32          0          0          0          0         68   llushr.o
        36          0          0          0          0         68   memcpya.o
        36          0          0          0          0        108   memseta.o
      1204         60          0          0          0        504   printf8.o
         0          0          0          4          0          0   stdout.o
        98          0          0          0          0         92   uldiv.o
       334          0          0          0          0        148   dadd.o
       222          0          0          0          0        100   ddiv.o
       186          0          0          0          0        176   depilogue.o
        62          0          0          0          0         80   dfixi.o
        34          0          0          0          0         76   dflti.o
       228          0          0          0          0         96   dmul.o

    ----------------------------------------------------------------------
      2714         76          0          4          4       1720   Library Totals
         4          0          0          0          4          0   (incl. Padding)

    ----------------------------------------------------------------------

      Code (inc. data)   RO Data    RW Data    ZI Data      Debug   Library Name

      1644         76          0          4          0       1044   mc_w.l
      1066          0          0          0          0        676   mf_w.l

    ----------------------------------------------------------------------
      2714         76          0          4          4       1720   Library Totals

    ----------------------------------------------------------------------

==============================================================================


      Code (inc. data)   RO Data    RW Data    ZI Data      Debug   

     43140       2090     176216        412      45436     582272   Grand Totals
     43140       2090     176216        228      45436     582272   ELF Image Totals (compressed)
     43140       2090     176216        228          0          0   ROM Totals

==============================================================================

    Total RO  Size (Code + RO Data)               219356 ( 214.21kB)
    Total RW  Size (RW Data + ZI Data)             45848 (  44.77kB)
    Total ROM Size (Code + RO Data + RW Data)     219584 ( 214.44kB)

==============================================================================

